 8086_mov_decoder

 Timestamp is 64e0dda9 (Sat Aug 19 17:20:09 2023)

 Preferred load address is 0000000140000000

 Start         Length     Name                   Class
 0001:00000000 00017b80H .text$mn                CODE
 0001:00017b80 00000040H .text$mn$00             CODE
 0001:00017bc0 00000440H .text$x                 CODE
 0002:00000000 00000278H .idata$5                DATA
 0002:00000278 00000038H .00cfg                  DATA
 0002:000002b0 00000008H .CRT$XCA                DATA
 0002:000002b8 00000008H .CRT$XCAA               DATA
 0002:000002c0 00000008H .CRT$XCZ                DATA
 0002:000002c8 00000008H .CRT$XIA                DATA
 0002:000002d0 00000008H .CRT$XIAA               DATA
 0002:000002d8 00000008H .CRT$XIAC               DATA
 0002:000002e0 00000020H .CRT$XIC                DATA
 0002:00000300 00000008H .CRT$XIZ                DATA
 0002:00000308 00000008H .CRT$XPA                DATA
 0002:00000310 00000010H .CRT$XPX                DATA
 0002:00000320 00000008H .CRT$XPXA               DATA
 0002:00000328 00000008H .CRT$XPZ                DATA
 0002:00000330 00000008H .CRT$XTA                DATA
 0002:00000338 00000008H .CRT$XTZ                DATA
 0002:00000340 00000000H .gehcont$y              DATA
 0002:00000340 00000000H .gfids$y                DATA
 0002:00000340 00008540H .rdata                  DATA
 0002:00008880 00000000H .rdata$CastGuardVftablesA DATA
 0002:00008880 00000000H .rdata$CastGuardVftablesC DATA
 0002:00008880 0000037cH .rdata$r                DATA
 0002:00008bfc 00000100H .rdata$voltmd           DATA
 0002:00008cfc 0000036cH .rdata$zzzdbg           DATA
 0002:00009068 00000008H .rtc$IAA                DATA
 0002:00009070 00000008H .rtc$IZZ                DATA
 0002:00009078 00000008H .rtc$TAA                DATA
 0002:00009080 00000008H .rtc$TZZ                DATA
 0002:00009088 000010c8H .xdata                  DATA
 0002:0000a150 000001dcH .xdata$x                DATA
 0002:0000a32c 00000000H .edata                  DATA
 0002:0000a32c 00000014H .idata$2                DATA
 0002:0000a340 00000018H .idata$3                DATA
 0002:0000a358 00000278H .idata$4                DATA
 0002:0000a5d0 0000059aH .idata$6                DATA
 0003:00000000 00000ad0H .data                   DATA
 0003:00000ad0 000000f8H .data$r                 DATA
 0003:00000bc8 00000028H .data$rs                DATA
 0003:00000bf0 000011c8H .bss                    DATA
 0004:00000000 000015e4H .pdata                  DATA
 0005:00000000 0000015cH _RDATA                  DATA

  Address         Publics by Value              Rva+Base               Lib:Object

 0000:00000000       __AbsoluteZero             0000000000000000     <absolute>
 0000:00000000       ___safe_se_handler_count   0000000000000000     <absolute>
 0000:00000000       ___safe_se_handler_table   0000000000000000     <absolute>
 0000:00000000       __arm64x_extra_rfe_table   0000000000000000     <absolute>
 0000:00000000       __arm64x_extra_rfe_table_size 0000000000000000     <absolute>
 0000:00000000       __arm64x_native_entrypoint 0000000000000000     <absolute>
 0000:00000000       __arm64x_redirection_metadata 0000000000000000     <absolute>
 0000:00000000       __arm64x_redirection_metadata_count 0000000000000000     <absolute>
 0000:00000000       __dynamic_value_reloc_table 0000000000000000     <absolute>
 0000:00000000       __enclave_config           0000000000000000     <absolute>
 0000:00000000       __guard_check_icall_a64n_fptr 0000000000000000     <absolute>
 0000:00000000       __guard_eh_cont_count      0000000000000000     <absolute>
 0000:00000000       __guard_eh_cont_table      0000000000000000     <absolute>
 0000:00000000       __guard_fids_count         0000000000000000     <absolute>
 0000:00000000       __guard_fids_table         0000000000000000     <absolute>
 0000:00000000       __guard_iat_count          0000000000000000     <absolute>
 0000:00000000       __guard_iat_table          0000000000000000     <absolute>
 0000:00000000       __guard_longjmp_count      0000000000000000     <absolute>
 0000:00000000       __guard_longjmp_table      0000000000000000     <absolute>
 0000:00000000       __hybrid_auxiliary_delayload_iat 0000000000000000     <absolute>
 0000:00000000       __hybrid_auxiliary_delayload_iat_copy 0000000000000000     <absolute>
 0000:00000000       __hybrid_auxiliary_iat     0000000000000000     <absolute>
 0000:00000000       __hybrid_auxiliary_iat_copy 0000000000000000     <absolute>
 0000:00000000       __hybrid_code_map          0000000000000000     <absolute>
 0000:00000000       __hybrid_code_map_count    0000000000000000     <absolute>
 0000:00000000       __hybrid_image_info_bitfield 0000000000000000     <absolute>
 0000:00000000       __x64_code_ranges_to_entry_points 0000000000000000     <absolute>
 0000:00000000       __x64_code_ranges_to_entry_points_count 0000000000000000     <absolute>
 0000:00000100       __guard_flags              0000000000000100     <absolute>
 0000:00000000       __ImageBase                0000000140000000     <linker-defined>
 0001:00001ed0       main                       0000000140002ed0 f   8086_mov_decoder.obj
 0001:00001f60       ??$?0$$V@?$_Compressed_pair@V?$allocator@D@std@@V?$_String_val@U?$_Simple_types@D@std@@@2@$00@std@@QEAA@U_Zero_then_variadic_args_t@1@@Z 0000000140002f60 f i 8086_mov_decoder.obj
 0001:00001f90       ??$?0AEAV?$allocator@D@std@@$$V@?$_Compressed_pair@V?$allocator@D@std@@V?$_String_val@U?$_Simple_types@D@std@@@2@$00@std@@QEAA@U_One_then_variadic_args_t@1@AEAV?$allocator@D@1@@Z 0000000140002f90 f i 8086_mov_decoder.obj
 0001:00001f90       ??$?0V?$allocator@D@std@@$$V@?$_Compressed_pair@V?$allocator@D@std@@V?$_String_val@U?$_Simple_types@D@std@@@2@$00@std@@QEAA@U_One_then_variadic_args_t@1@$$QEAV?$allocator@D@1@@Z 0000000140002f90 f i 8086_mov_decoder.obj
 0001:00001fd0       ??$?HDU?$char_traits@D@std@@V?$allocator@D@1@@std@@YA?AV?$basic_string@DU?$char_traits@D@std@@V?$allocator@D@2@@0@$$QEAV10@0@Z 0000000140002fd0 f i 8086_mov_decoder.obj
 0001:00002010       ??$?HDU?$char_traits@D@std@@V?$allocator@D@1@@std@@YA?AV?$basic_string@DU?$char_traits@D@std@@V?$allocator@D@2@@0@$$QEAV10@AEBV10@@Z 0000000140003010 f i 8086_mov_decoder.obj
 0001:00002060       ??$?HDU?$char_traits@D@std@@V?$allocator@D@1@@std@@YA?AV?$basic_string@DU?$char_traits@D@std@@V?$allocator@D@2@@0@$$QEAV10@QEBD@Z 0000000140003060 f i 8086_mov_decoder.obj
 0001:000020b0       ??$?HDU?$char_traits@D@std@@V?$allocator@D@1@@std@@YA?AV?$basic_string@DU?$char_traits@D@std@@V?$allocator@D@2@@0@AEBV10@QEBD@Z 00000001400030b0 f i 8086_mov_decoder.obj
 0001:00002170       ??$_Allocate@$0BA@U_Default_allocate_traits@std@@$0A@@std@@YAPEAX_K@Z 0000000140003170 f i 8086_mov_decoder.obj
 0001:000021b0       ??$_Allocate_manually_vector_aligned@U_Default_allocate_traits@std@@@std@@YAPEAX_K@Z 00000001400031b0 f i 8086_mov_decoder.obj
 0001:00002240       ??$_Allocators_equal@V?$allocator@D@std@@@std@@YA_NAEBV?$allocator@D@0@0@Z 0000000140003240 f i 8086_mov_decoder.obj
 0001:00002250       ??$_Construct@$00PEBD@?$basic_string@DU?$char_traits@D@std@@V?$allocator@D@2@@std@@AEAAXQEBD_K@Z 0000000140003250 f i 8086_mov_decoder.obj
 0001:00002420       ??$_Construct_in_place@PEADAEAPEAD@std@@YAXAEAPEAD0@Z 0000000140003420 f i 8086_mov_decoder.obj
 0001:00002420       ??$_Construct_in_place@PEADAEBQEAD@std@@YAXAEAPEADAEBQEAD@Z 0000000140003420 f i 8086_mov_decoder.obj
 0001:00002470       ??$_Convert_size@_K_K@std@@YA_K_K@Z 0000000140003470 f i 8086_mov_decoder.obj
 0001:00002470       ??$_Unfancy@D@std@@YAPEADPEAD@Z 0000000140003470 f i 8086_mov_decoder.obj
 0001:00002470       ??$addressof@$$CBV?$_String_val@U?$_Simple_types@D@std@@@std@@@std@@YAPEBV?$_String_val@U?$_Simple_types@D@std@@@0@AEBV10@@Z 0000000140003470 f i 8086_mov_decoder.obj
 0001:00002470       ??$addressof@PEAD@std@@YAPEAPEADAEAPEAD@Z 0000000140003470 f i 8086_mov_decoder.obj
 0001:00002470       ??$addressof@V?$_String_val@U?$_Simple_types@D@std@@@std@@@std@@YAPEAV?$_String_val@U?$_Simple_types@D@std@@@0@AEAV10@@Z 0000000140003470 f i 8086_mov_decoder.obj
 0001:00002470       ??$forward@AEAPEAD@std@@YAAEAPEADAEAPEAD@Z 0000000140003470 f i 8086_mov_decoder.obj
 0001:00002470       ??$forward@AEAV?$allocator@D@std@@@std@@YAAEAV?$allocator@D@0@AEAV10@@Z 0000000140003470 f i 8086_mov_decoder.obj
 0001:00002470       ??$forward@AEBQEAD@std@@YAAEBQEADAEBQEAD@Z 0000000140003470 f i 8086_mov_decoder.obj
 0001:00002470       ??$forward@V?$allocator@D@std@@@std@@YA$$QEAV?$allocator@D@0@AEAV10@@Z 0000000140003470 f i 8086_mov_decoder.obj
 0001:00002470       ??$move@AEAV?$allocator@D@std@@@std@@YA$$QEAV?$allocator@D@0@AEAV10@@Z 0000000140003470 f i 8086_mov_decoder.obj
 0001:00002470       ??$move@AEAV?$basic_string@DU?$char_traits@D@std@@V?$allocator@D@2@@std@@@std@@YA$$QEAV?$basic_string@DU?$char_traits@D@std@@V?$allocator@D@2@@0@AEAV10@@Z 0000000140003470 f i 8086_mov_decoder.obj
 0001:00002470       ??0?$allocator@D@std@@QEAA@XZ 0000000140003470 f i 8086_mov_decoder.obj
 0001:00002470       ?_Get_first@?$_Compressed_pair@V?$allocator@D@std@@V?$_String_val@U?$_Simple_types@D@std@@@2@$00@std@@QEAAAEAV?$allocator@D@2@XZ 0000000140003470 f i 8086_mov_decoder.obj
 0001:00002470       ?_Get_first@?$_Compressed_pair@V?$allocator@D@std@@V?$_String_val@U?$_Simple_types@D@std@@@2@$00@std@@QEBAAEBV?$allocator@D@2@XZ 0000000140003470 f i 8086_mov_decoder.obj
 0001:00002480       ??$_Deallocate@$0BA@$0A@@std@@YAXPEAX_K@Z 0000000140003480 f i 8086_mov_decoder.obj
 0001:000024c0       ??$_Destroy_in_place@PEAD@std@@YAXAEAPEAD@Z 00000001400034c0 f i 8086_mov_decoder.obj
 0001:000024c0       ??1_Bxty@?$_String_val@U?$_Simple_types@D@std@@@std@@QEAA@XZ 00000001400034c0 f i 8086_mov_decoder.obj
 0001:000024c0       ?_Activate_SSO_buffer@?$_String_val@U?$_Simple_types@D@std@@@std@@QEAAXXZ 00000001400034c0 f i 8086_mov_decoder.obj
 0001:000024c0       ?_Orphan_all@_Container_base0@std@@QEAAXXZ 00000001400034c0 f i 8086_mov_decoder.obj
 0001:000024c0       ?_Release@_Fake_proxy_ptr_impl@std@@QEAAXXZ 00000001400034c0 f i 8086_mov_decoder.obj
 0001:000024d0       ??$_Get_size_of_n@$00@std@@YA_K_K@Z 00000001400034d0 f i 8086_mov_decoder.obj
 0001:000024f0       ??$_Reallocate_for@V<lambda_66f57f934f28d61049862f64df852ff0>@@PEBD@?$basic_string@DU?$char_traits@D@std@@V?$allocator@D@2@@std@@AEAAAEAV01@_KV<lambda_66f57f934f28d61049862f64df852ff0>@@PEBD@Z 00000001400034f0 f i 8086_mov_decoder.obj
 0001:00002630       ??$_Reallocate_grow_by@V<lambda_65e615be2a453ca0576c979606f46740>@@PEBD_K@?$basic_string@DU?$char_traits@D@std@@V?$allocator@D@2@@std@@AEAAAEAV01@_KV<lambda_65e615be2a453ca0576c979606f46740>@@PEBD_K@Z 0000000140003630 f i 8086_mov_decoder.obj
 0001:00002830       ??$max@_K@std@@YAAEB_KAEB_K0@Z 0000000140003830 f i 8086_mov_decoder.obj
 0001:00002880       ??$min@_K@std@@YAAEB_KAEB_K0@Z 0000000140003880 f i 8086_mov_decoder.obj
 0001:000028d0       ??0?$_String_val@U?$_Simple_types@D@std@@@std@@QEAA@XZ 00000001400038d0 f i 8086_mov_decoder.obj
 0001:00002910       ??0?$basic_string@DU?$char_traits@D@std@@V?$allocator@D@2@@std@@QEAA@$$QEAV01@@Z 0000000140003910 f i 8086_mov_decoder.obj
 0001:00002970       ??0?$basic_string@DU?$char_traits@D@std@@V?$allocator@D@2@@std@@QEAA@QEBD@Z 0000000140003970 f i 8086_mov_decoder.obj
 0001:000029c0       ??0?$basic_string@DU?$char_traits@D@std@@V?$allocator@D@2@@std@@QEAA@U_String_constructor_concat_tag@1@AEAV01@1@Z 00000001400039c0 f i 8086_mov_decoder.obj
 0001:00002e00       ??0?$basic_string@DU?$char_traits@D@std@@V?$allocator@D@2@@std@@QEAA@U_String_constructor_concat_tag@1@AEBV01@QEBD_K23@Z 0000000140003e00 f i 8086_mov_decoder.obj
 0001:00002fd0       ??0?$basic_string@DU?$char_traits@D@std@@V?$allocator@D@2@@std@@QEAA@XZ 0000000140003fd0 f i 8086_mov_decoder.obj
 0001:00003020       ??0_Bxty@?$_String_val@U?$_Simple_types@D@std@@@std@@QEAA@XZ 0000000140004020 f i 8086_mov_decoder.obj
 0001:00003040       ??0_Fake_proxy_ptr_impl@std@@QEAA@AEBU_Fake_allocator@1@AEBU_Container_base0@1@@Z 0000000140004040 f i 8086_mov_decoder.obj
 0001:00003060       ??0bad_alloc@std@@AEAA@QEBD@Z 0000000140004060 f i 8086_mov_decoder.obj
 0001:000030a0       ??0bad_alloc@std@@QEAA@AEBV01@@Z 00000001400040a0 f i 8086_mov_decoder.obj
 0001:000030e0       ??0bad_array_new_length@std@@QEAA@AEBV01@@Z 00000001400040e0 f i 8086_mov_decoder.obj
 0001:00003120       ??0bad_array_new_length@std@@QEAA@XZ 0000000140004120 f i 8086_mov_decoder.obj
 0001:00003160       ??0exception@std@@QEAA@AEBV01@@Z 0000000140004160 f i 8086_mov_decoder.obj
 0001:000031c0       ??0exception@std@@QEAA@QEBDH@Z 00000001400041c0 f i 8086_mov_decoder.obj
 0001:00003210       ??1?$_Compressed_pair@V?$allocator@D@std@@V?$_String_val@U?$_Simple_types@D@std@@@2@$00@std@@QEAA@XZ 0000000140004210 f i 8086_mov_decoder.obj
 0001:00003230       ??1?$_String_val@U?$_Simple_types@D@std@@@std@@QEAA@XZ 0000000140004230 f i 8086_mov_decoder.obj
 0001:00003250       ??1?$basic_string@DU?$char_traits@D@std@@V?$allocator@D@2@@std@@QEAA@XZ 0000000140004250 f i 8086_mov_decoder.obj
 0001:00003280       ??1bad_alloc@std@@UEAA@XZ  0000000140004280 f i 8086_mov_decoder.obj
 0001:000032a0       ??1bad_array_new_length@std@@UEAA@XZ 00000001400042a0 f i 8086_mov_decoder.obj
 0001:000032c0       ??1exception@std@@UEAA@XZ  00000001400042c0 f i 8086_mov_decoder.obj
 0001:000032f0       ??2@YAPEAX_KPEAX@Z         00000001400042f0 f i 8086_mov_decoder.obj
 0001:00003300       ??4?$basic_string@DU?$char_traits@D@std@@V?$allocator@D@2@@std@@QEAAAEAV01@QEBD@Z 0000000140004300 f i 8086_mov_decoder.obj
 0001:00003330       ??R<lambda_65e615be2a453ca0576c979606f46740>@@QEBA@QEADQEBD_K12@Z 0000000140004330 f i 8086_mov_decoder.obj
 0001:000033b0       ??R<lambda_66f57f934f28d61049862f64df852ff0>@@QEBA@QEAD_KQEBD@Z 00000001400043b0 f i 8086_mov_decoder.obj
 0001:00003410       ??Y?$basic_string@DU?$char_traits@D@std@@V?$allocator@D@2@@std@@QEAAAEAV01@AEBV01@@Z 0000000140004410 f i 8086_mov_decoder.obj
 0001:00003440       ??Y?$basic_string@DU?$char_traits@D@std@@V?$allocator@D@2@@std@@QEAAAEAV01@QEBD@Z 0000000140004440 f i 8086_mov_decoder.obj
 0001:00003470       ??_Ebad_alloc@std@@UEAAPEAXI@Z 0000000140004470 f i 8086_mov_decoder.obj
 0001:00003470       ??_Gbad_alloc@std@@UEAAPEAXI@Z 0000000140004470 f i 8086_mov_decoder.obj
 0001:000034b0       ??_Ebad_array_new_length@std@@UEAAPEAXI@Z 00000001400044b0 f i 8086_mov_decoder.obj
 0001:000034b0       ??_Gbad_array_new_length@std@@UEAAPEAXI@Z 00000001400044b0 f i 8086_mov_decoder.obj
 0001:000034f0       ??_Eexception@std@@UEAAPEAXI@Z 00000001400044f0 f i 8086_mov_decoder.obj
 0001:000034f0       ??_Gexception@std@@UEAAPEAXI@Z 00000001400044f0 f i 8086_mov_decoder.obj
 0001:00003530       ?SafeTruncateUInt64@@YAI_K@Z 0000000140004530 f i 8086_mov_decoder.obj
 0001:00003560       ?_Adjust_manually_vector_aligned@std@@YAXAEAPEAXAEA_K@Z 0000000140004560 f i 8086_mov_decoder.obj
 0001:00003600       ?_Alloc_proxy@_Container_base0@std@@QEAAXAEBU_Fake_allocator@2@@Z 0000000140004600 f i 8086_mov_decoder.obj
 0001:00003600       ?_Start_element_lifetimes@?$basic_string@DU?$char_traits@D@std@@V?$allocator@D@2@@std@@CAXQEAD_K@Z 0000000140004600 f i 8086_mov_decoder.obj
 0001:00003600       ?_Swap_proxy_and_iterators@_Container_base0@std@@QEAAXAEAU12@@Z 0000000140004600 f i 8086_mov_decoder.obj
 0001:00003610       ?_Allocate@_Default_allocate_traits@std@@SAPEAX_K@Z 0000000140004610 f i 8086_mov_decoder.obj
 0001:00003630       ?_Calculate_growth@?$basic_string@DU?$char_traits@D@std@@V?$allocator@D@2@@std@@AEBA_K_K@Z 0000000140004630 f i 8086_mov_decoder.obj
 0001:00003670       ?_Calculate_growth@?$basic_string@DU?$char_traits@D@std@@V?$allocator@D@2@@std@@CA_K_K00@Z 0000000140004670 f i 8086_mov_decoder.obj
 0001:00003710       ?_Getal@?$basic_string@DU?$char_traits@D@std@@V?$allocator@D@2@@std@@AEAAAEAV?$allocator@D@2@XZ 0000000140004710 f i 8086_mov_decoder.obj
 0001:00003710       ?_Getal@?$basic_string@DU?$char_traits@D@std@@V?$allocator@D@2@@std@@AEBAAEBV?$allocator@D@2@XZ 0000000140004710 f i 8086_mov_decoder.obj
 0001:00003730       ?_Large_string_engaged@?$_String_val@U?$_Simple_types@D@std@@@std@@QEBA_NXZ 0000000140004730 f i 8086_mov_decoder.obj
 0001:00003760       ?_Memcpy_val_from@?$basic_string@DU?$char_traits@D@std@@V?$allocator@D@2@@std@@AEAAXAEBV12@@Z 0000000140004760 f i 8086_mov_decoder.obj
 0001:000037b0       ?_Myptr@?$_String_val@U?$_Simple_types@D@std@@@std@@QEAAPEADXZ 00000001400047b0 f i 8086_mov_decoder.obj
 0001:000037b0       ?_Myptr@?$_String_val@U?$_Simple_types@D@std@@@std@@QEBAPEBDXZ 00000001400047b0 f i 8086_mov_decoder.obj
 0001:000037f0       ?_Swap_proxy_and_iterators@?$basic_string@DU?$char_traits@D@std@@V?$allocator@D@2@@std@@AEAAXAEAV12@@Z 00000001400047f0 f i 8086_mov_decoder.obj
 0001:00003820       ?_Take_contents@?$basic_string@DU?$char_traits@D@std@@V?$allocator@D@2@@std@@AEAAXAEAV12@@Z 0000000140004820 f i 8086_mov_decoder.obj
 0001:00003920       ?_Throw_bad_array_new_length@std@@YAXXZ 0000000140004920 f i 8086_mov_decoder.obj
 0001:00003950       ?_Tidy_deallocate@?$basic_string@DU?$char_traits@D@std@@V?$allocator@D@2@@std@@AEAAXXZ 0000000140004950 f i 8086_mov_decoder.obj
 0001:00003a20       ?_Tidy_init@?$basic_string@DU?$char_traits@D@std@@V?$allocator@D@2@@std@@AEAAXXZ 0000000140004a20 f i 8086_mov_decoder.obj
 0001:00003a90       ?_Xlen_string@std@@YAXXZ   0000000140004a90 f i 8086_mov_decoder.obj
 0001:00003ab0       ?allocate@?$allocator@D@std@@QEAAPEAD_K@Z 0000000140004ab0 f i 8086_mov_decoder.obj
 0001:00003ae0       ?append@?$basic_string@DU?$char_traits@D@std@@V?$allocator@D@2@@std@@QEAAAEAV12@AEBV12@@Z 0000000140004ae0 f i 8086_mov_decoder.obj
 0001:00003b20       ?append@?$basic_string@DU?$char_traits@D@std@@V?$allocator@D@2@@std@@QEAAAEAV12@QEBD@Z 0000000140004b20 f i 8086_mov_decoder.obj
 0001:00003b60       ?append@?$basic_string@DU?$char_traits@D@std@@V?$allocator@D@2@@std@@QEAAAEAV12@QEBD_K@Z 0000000140004b60 f i 8086_mov_decoder.obj
 0001:00003c60       ?assign@?$_Narrow_char_traits@DH@std@@SAXAEADAEBD@Z 0000000140004c60 f i 8086_mov_decoder.obj
 0001:00003c80       ?assign@?$basic_string@DU?$char_traits@D@std@@V?$allocator@D@2@@std@@QEAAAEAV12@QEBD@Z 0000000140004c80 f i 8086_mov_decoder.obj
 0001:00003cc0       ?assign@?$basic_string@DU?$char_traits@D@std@@V?$allocator@D@2@@std@@QEAAAEAV12@QEBD_K@Z 0000000140004cc0 f i 8086_mov_decoder.obj
 0001:00003d80       ?c_str@?$basic_string@DU?$char_traits@D@std@@V?$allocator@D@2@@std@@QEBAPEBDXZ 0000000140004d80 f i 8086_mov_decoder.obj
 0001:00003da0       ?copy@?$_Char_traits@DH@std@@SAPEADQEADQEBD_K@Z 0000000140004da0 f i 8086_mov_decoder.obj
 0001:00003dd0       ?deallocate@?$allocator@D@std@@QEAAXQEAD_K@Z 0000000140004dd0 f i 8086_mov_decoder.obj
 0001:00003e00       ?length@?$_Narrow_char_traits@DH@std@@SA_KQEBD@Z 0000000140004e00 f i 8086_mov_decoder.obj
 0001:00003e40       ?max@?$numeric_limits@_J@std@@SA_JXZ 0000000140004e40 f i 8086_mov_decoder.obj
 0001:00003e50       ?max_size@?$_Default_allocator_traits@V?$allocator@D@std@@@std@@SA_KAEBV?$allocator@D@2@@Z 0000000140004e50 f i 8086_mov_decoder.obj
 0001:00003e60       ?max_size@?$basic_string@DU?$char_traits@D@std@@V?$allocator@D@2@@std@@QEBA_KXZ 0000000140004e60 f i 8086_mov_decoder.obj
 0001:00003ed0       ?move@?$_Char_traits@DH@std@@SAPEADQEADQEBD_K@Z 0000000140004ed0 f i 8086_mov_decoder.obj
 0001:00003f10       ?select_on_container_copy_construction@?$_Default_allocator_traits@V?$allocator@D@std@@@std@@SA?AV?$allocator@D@2@AEBV32@@Z 0000000140004f10 f i 8086_mov_decoder.obj
 0001:00003f20       ?size@?$basic_string@DU?$char_traits@D@std@@V?$allocator@D@2@@std@@QEBA_KXZ 0000000140004f20 f i 8086_mov_decoder.obj
 0001:00003f30       ?what@exception@std@@UEBAPEBDXZ 0000000140004f30 f i 8086_mov_decoder.obj
 0001:00003f70       __local_stdio_printf_options 0000000140004f70 f i 8086_mov_decoder.obj
 0001:00003f80       _vsnprintf_l               0000000140004f80 f i 8086_mov_decoder.obj
 0001:00004000       _vsprintf_l                0000000140005000 f i 8086_mov_decoder.obj
 0001:00004050       sprintf                    0000000140005050 f i 8086_mov_decoder.obj
 0001:000040a0       ??0bad_alloc@std@@QEAA@XZ  00000001400050a0 f i libcpmt:xthrow.obj
 0001:000040c0       ??0length_error@std@@QEAA@AEBV01@@Z 00000001400050c0 f i libcpmt:xthrow.obj
 0001:000040fc       ??0length_error@std@@QEAA@PEBD@Z 00000001400050fc f i libcpmt:xthrow.obj
 0001:00004144       ??0logic_error@std@@QEAA@AEBV01@@Z 0000000140005144 f i libcpmt:xthrow.obj
 0001:00004180       ??1bad_exception@std@@UEAA@XZ 0000000140005180 f i libvcruntime:frame.obj
 0001:00004180       ??1length_error@std@@UEAA@XZ 0000000140005180 f i libcpmt:xthrow.obj
 0001:00004194       ??_Ebad_exception@std@@UEAAPEAXI@Z 0000000140005194 f i libvcruntime:frame.obj
 0001:00004194       ??_Elength_error@std@@UEAAPEAXI@Z 0000000140005194 f i libcpmt:xthrow.obj
 0001:00004194       ??_Elogic_error@std@@UEAAPEAXI@Z 0000000140005194 f i libcpmt:xthrow.obj
 0001:00004194       ??_Gbad_exception@std@@UEAAPEAXI@Z 0000000140005194 f i libvcruntime:frame.obj
 0001:00004194       ??_Glength_error@std@@UEAAPEAXI@Z 0000000140005194 f i libcpmt:xthrow.obj
 0001:00004194       ??_Glogic_error@std@@UEAAPEAXI@Z 0000000140005194 f i libcpmt:xthrow.obj
 0001:000041d8       ?_Xlength_error@std@@YAXPEBD@Z 00000001400051d8 f   libcpmt:xthrow.obj
 0001:000041fc       ??2@YAPEAX_K@Z             00000001400051fc f   LIBCMT:new_scalar.obj
 0001:00004238       ??3@YAXPEAX_K@Z            0000000140005238 f   LIBCMT:delete_scalar_size.obj
 0001:00004240       __GSHandlerCheck           0000000140005240 f   LIBCMT:gshandler.obj
 0001:00004260       __GSHandlerCheckCommon     0000000140005260 f   LIBCMT:gshandler.obj
 0001:000042d0       __security_check_cookie    00000001400052d0 f   LIBCMT:amdsecgs.obj
 0001:000042f0       ??_Etype_info@@UEAAPEAXI@Z 00000001400052f0 f i LIBCMT:std_type_info_static.obj
 0001:000042f0       ??_Gtype_info@@UEAAPEAXI@Z 00000001400052f0 f i LIBCMT:std_type_info_static.obj
 0001:0000457c       mainCRTStartup             000000014000557c f   LIBCMT:exe_main.obj
 0001:00004590       ?__scrt_throw_std_bad_alloc@@YAXXZ 0000000140005590 f   LIBCMT:throw_bad_alloc.obj
 0001:000045b0       ?__scrt_throw_std_bad_array_new_length@@YAXXZ 00000001400055b0 f   LIBCMT:throw_bad_alloc.obj
 0001:000045d0       ??3@YAXPEAX@Z              00000001400055d0 f   LIBCMT:delete_scalar.obj
 0001:000045d8       __raise_securityfailure    00000001400055d8 f   LIBCMT:gs_report.obj
 0001:0000460c       __report_gsfailure         000000014000560c f   LIBCMT:gs_report.obj
 0001:000046e0       __report_rangecheckfailure 00000001400056e0 f   LIBCMT:gs_report.obj
 0001:000046f4       __report_securityfailure   00000001400056f4 f   LIBCMT:gs_report.obj
 0001:00004874       __scrt_acquire_startup_lock 0000000140005874 f   LIBCMT:utility.obj
 0001:000048b0       __scrt_initialize_crt      00000001400058b0 f   LIBCMT:utility.obj
 0001:000048fc       __scrt_initialize_onexit_tables 00000001400058fc f   LIBCMT:utility.obj
 0001:00004988       __scrt_is_nonwritable_in_current_image 0000000140005988 f   LIBCMT:utility.obj
 0001:00004a20       __scrt_release_startup_lock 0000000140005a20 f   LIBCMT:utility.obj
 0001:00004a44       __scrt_uninitialize_crt    0000000140005a44 f   LIBCMT:utility.obj
 0001:00004a70       _onexit                    0000000140005a70 f   LIBCMT:utility.obj
 0001:00004aac       atexit                     0000000140005aac f   LIBCMT:utility.obj
 0001:00004ac4       __security_init_cookie     0000000140005ac4 f   LIBCMT:gs_support.obj
 0001:00004b70       __scrt_exe_initialize_mta  0000000140005b70 f   LIBCMT:utility_desktop.obj
 0001:00004b70       __scrt_initialize_winrt    0000000140005b70 f   LIBCMT:utility_desktop.obj
 0001:00004b70       __scrt_stub_for_initialize_mta 0000000140005b70 f   LIBCMT:utility_desktop.obj
 0001:00004b70       _get_startup_commit_mode   0000000140005b70 f   LIBCMT:commit_mode.obj
 0001:00004b70       _get_startup_new_mode      0000000140005b70 f   LIBCMT:new_mode.obj
 0001:00004b70       _get_startup_thread_locale_mode 0000000140005b70 f   LIBCMT:thread_locale.obj
 0001:00004b70       _matherr                   0000000140005b70 f   LIBCMT:matherr.obj
 0001:00004b74       _get_startup_argv_mode     0000000140005b74 f   LIBCMT:argv_mode.obj
 0001:00004b7c       _get_startup_file_mode     0000000140005b7c f   LIBCMT:file_mode.obj
 0001:00004b84       ?__scrt_initialize_type_info@@YAXXZ 0000000140005b84 f   LIBCMT:tncleanup.obj
 0001:00004b94       __acrt_uninitialize_command_line 0000000140005b94 f   libucrt:argv_data.obj
 0001:00004b94       _should_initialize_environment 0000000140005b94 f   LIBCMT:env_mode.obj
 0001:00004b98       _guard_check_icall_nop     0000000140005b98 f   LIBCMT:guard_support.obj
 0001:00004b98       _initialize_denormal_control 0000000140005b98 f   LIBCMT:denormal_control.obj
 0001:00004b98       _initialize_invalid_parameter_handler 0000000140005b98 f   LIBCMT:invalid_parameter_handler.obj
 0001:00004b9c       __local_stdio_scanf_options 0000000140005b9c f i LIBCMT:default_local_stdio_options.obj
 0001:00004ba4       __scrt_initialize_default_local_stdio_options 0000000140005ba4 f   LIBCMT:default_local_stdio_options.obj
 0001:00004bc0       __scrt_is_user_matherr_present 0000000140005bc0 f   LIBCMT:matherr_detection.obj
 0001:00004bcc       __scrt_get_dyn_tls_init_callback 0000000140005bcc f   LIBCMT:dyn_tls_init.obj
 0001:00004bd4       __scrt_get_dyn_tls_dtor_callback 0000000140005bd4 f   LIBCMT:dyn_tls_dtor.obj
 0001:00004bdc       __crt_debugger_hook        0000000140005bdc f   LIBCMT:utility_desktop.obj
 0001:00004be4       __scrt_fastfail            0000000140005be4 f   LIBCMT:utility_desktop.obj
 0001:00004d30       __scrt_initialize_mta      0000000140005d30 f   LIBCMT:utility_desktop.obj
 0001:00004d38       __scrt_is_managed_app      0000000140005d38 f   LIBCMT:utility_desktop.obj
 0001:00004d8c       __scrt_set_unhandled_exception_filter 0000000140005d8c f   LIBCMT:utility_desktop.obj
 0001:00004d9c       __scrt_unhandled_exception_filter 0000000140005d9c f   LIBCMT:utility_desktop.obj
 0001:00004df8       _RTC_Initialize            0000000140005df8 f   LIBCMT:initsect.obj
 0001:00004e34       _RTC_Terminate             0000000140005e34 f   LIBCMT:initsect.obj
 0001:00004e70       __isa_available_init       0000000140005e70 f   LIBCMT:cpu_disp.obj
 0001:0000501c       __scrt_is_ucrt_dll_in_use  000000014000601c f   LIBCMT:ucrt_detection.obj
 0001:00005030       __std_exception_copy       0000000140006030 f   libvcruntime:std_exception.obj
 0001:000050c0       __std_exception_destroy    00000001400060c0 f   libvcruntime:std_exception.obj
 0001:000050e8       _CxxThrowException         00000001400060e8 f   libvcruntime:throw.obj
 0001:000051a0       memcpy_repmovs             00000001400061a0 f   libvcruntime:memcpy.obj
 0001:000051c0       memcpy                     00000001400061c0 f   libvcruntime:memcpy.obj
 0001:000051c0       memmove                    00000001400061c0 f   libvcruntime:memcpy.obj
 0001:00005830       __C_specific_handler       0000000140006830 f   libvcruntime:riscchandler.obj
 0001:00005a28       __vcrt_initialize          0000000140006a28 f   libvcruntime:initialization.obj
 0001:00005a50       __vcrt_uninitialize        0000000140006a50 f   libvcruntime:initialization.obj
 0001:00005a6c       __std_type_info_compare    0000000140006a6c f   libvcruntime:std_type_info.obj
 0001:00005a94       __DestructExceptionObject  0000000140006a94 f   libvcruntime:ehhelpers.obj
 0001:00005b04       ?_CallMemberFunction0@@YAXQEAX0@Z 0000000140006b04 f i libvcruntime:ehhelpers.obj
 0001:00005b08       _IsExceptionObjectToBeDestroyed 0000000140006b08 f   libvcruntime:ehhelpers.obj
 0001:00005b38       __AdjustPointer            0000000140006b38 f   libvcruntime:ehhelpers.obj
 0001:00005b5c       __FrameUnwindFilter        0000000140006b5c f   libvcruntime:ehhelpers.obj
 0001:00005bc4       __current_exception        0000000140006bc4 f   libvcruntime:ehhelpers.obj
 0001:00005bd8       __current_exception_context 0000000140006bd8 f   libvcruntime:ehhelpers.obj
 0001:00005bec       __std_terminate            0000000140006bec f   libvcruntime:ehhelpers.obj
 0001:00005c10       memset_repstos             0000000140006c10 f   libvcruntime:memset.obj
 0001:00005c30       memset                     0000000140006c30 f   libvcruntime:memset.obj
 0001:00005fd0       _NLG_Notify                0000000140006fd0 f   libvcruntime:notify.obj
 0001:00005ff0       __NLG_Dispatch2            0000000140006ff0 f   libvcruntime:notify.obj
 0001:00006000       __NLG_Return2              0000000140007000 f   libvcruntime:notify.obj
 0001:00006004       __except_validate_context_record 0000000140007004 f   libvcruntime:jbcxrval.obj
 0001:0000603c       __vcrt_freefls             000000014000703c f   libvcruntime:per_thread_data.obj
 0001:0000605c       __vcrt_getptd              000000014000705c f   libvcruntime:per_thread_data.obj
 0001:00006078       __vcrt_getptd_noexit       0000000140007078 f   libvcruntime:per_thread_data.obj
 0001:00006138       __vcrt_initialize_ptd      0000000140007138 f   libvcruntime:per_thread_data.obj
 0001:00006180       __vcrt_uninitialize_ptd    0000000140007180 f   libvcruntime:per_thread_data.obj
 0001:000061a4       __vcrt_initialize_locks    00000001400071a4 f   libvcruntime:locks.obj
 0001:000061ec       __vcrt_uninitialize_locks  00000001400071ec f   libvcruntime:locks.obj
 0001:00006374       __vcrt_FlsAlloc            0000000140007374 f   libvcruntime:winapi_downlevel.obj
 0001:000063bc       __vcrt_FlsFree             00000001400073bc f   libvcruntime:winapi_downlevel.obj
 0001:00006404       __vcrt_FlsGetValue         0000000140007404 f   libvcruntime:winapi_downlevel.obj
 0001:0000644c       __vcrt_FlsSetValue         000000014000744c f   libvcruntime:winapi_downlevel.obj
 0001:000064a0       __vcrt_InitializeCriticalSectionEx 00000001400074a0 f   libvcruntime:winapi_downlevel.obj
 0001:00006504       ??$_CallSETranslator@V__FrameHandler3@@@@YAHPEAUEHExceptionRecord@@PEA_KPEAU_CONTEXT@@PEAU_xDISPATCHER_CONTEXT@@PEBU_s_FuncInfo@@K1H@Z 0000000140007504 f i libvcruntime:risctrnsctrl.obj
 0001:00006558       ?CatchTryBlock@__FrameHandler3@@SAPEBU_s_TryBlockMapEntry@@PEBU_s_FuncInfo@@H@Z 0000000140007558 f   libvcruntime:risctrnsctrl.obj
 0001:000065bc       ?ExecutionInCatch@__FrameHandler3@@SA_NPEAU_xDISPATCHER_CONTEXT@@PEBU_s_FuncInfo@@@Z 00000001400075bc f   libvcruntime:risctrnsctrl.obj
 0001:000065e8       ?FrameUnwindToEmptyState@__FrameHandler3@@SAXPEA_KPEAU_xDISPATCHER_CONTEXT@@PEBU_s_FuncInfo@@@Z 00000001400075e8 f   libvcruntime:risctrnsctrl.obj
 0001:0000664c       ?GetEstablisherFrame@__FrameHandler3@@SAPEA_KPEA_KPEAU_xDISPATCHER_CONTEXT@@PEBU_s_FuncInfo@@0@Z 000000014000764c f   libvcruntime:risctrnsctrl.obj
 0001:00006718       ?GetRangeOfTrysToCheck@__FrameHandler3@@SA?AU?$pair@Viterator@TryBlockMap@__FrameHandler3@@V123@@std@@AEAVTryBlockMap@1@HPEAU_xDISPATCHER_CONTEXT@@PEBU_s_FuncInfo@@H@Z 0000000140007718 f   libvcruntime:risctrnsctrl.obj
 0001:00006858       ?UnwindNestedFrames@__FrameHandler3@@SAXPEA_KPEAUEHExceptionRecord@@PEAU_CONTEXT@@0PEAXPEBU_s_FuncInfo@@HHPEBU_s_HandlerType@@PEAU_xDISPATCHER_CONTEXT@@E@Z 0000000140007858 f   libvcruntime:risctrnsctrl.obj
 0001:0000695c       _CreateFrameInfo           000000014000795c f   libvcruntime:risctrnsctrl.obj
 0001:00006998       _FindAndUnlinkFrame        0000000140007998 f   libvcruntime:risctrnsctrl.obj
 0001:000069ec       _GetImageBase              00000001400079ec f   libvcruntime:risctrnsctrl.obj
 0001:00006a00       _GetThrowImageBase         0000000140007a00 f   libvcruntime:risctrnsctrl.obj
 0001:00006a14       _SetImageBase              0000000140007a14 f   libvcruntime:risctrnsctrl.obj
 0001:00006a2c       _SetThrowImageBase         0000000140007a2c f   libvcruntime:risctrnsctrl.obj
 0001:00006a44       __CxxFrameHandler3         0000000140007a44 f   libvcruntime:risctrnsctrl.obj
 0001:00006acc       ?GetCurrentState@__FrameHandler3@@SAHPEA_KPEAU_xDISPATCHER_CONTEXT@@PEBU_s_FuncInfo@@@Z 0000000140007acc f   libvcruntime:ehstate.obj
 0001:00006af4       ?GetUnwindTryBlock@__FrameHandler3@@SAHPEA_KPEAU_xDISPATCHER_CONTEXT@@PEBU_s_FuncInfo@@@Z 0000000140007af4 f   libvcruntime:ehstate.obj
 0001:00006b20       ?SetState@__FrameHandler3@@SAXPEA_KPEBU_s_FuncInfo@@H@Z 0000000140007b20 f   libvcruntime:ehstate.obj
 0001:00006b2c       ?SetUnwindTryBlock@__FrameHandler3@@SAXPEA_KPEAU_xDISPATCHER_CONTEXT@@PEBU_s_FuncInfo@@H@Z 0000000140007b2c f   libvcruntime:ehstate.obj
 0001:00006b68       ?StateFromControlPc@__FrameHandler3@@SAHPEBU_s_FuncInfo@@PEAU_xDISPATCHER_CONTEXT@@@Z 0000000140007b68 f   libvcruntime:ehstate.obj
 0001:00006b70       ?StateFromIp@__FrameHandler3@@SAHPEBU_s_FuncInfo@@PEAU_xDISPATCHER_CONTEXT@@_K@Z 0000000140007b70 f   libvcruntime:ehstate.obj
 0001:00007660       ??$TypeMatchHelper@V__FrameHandler3@@@@YAHPEBU_s_HandlerType@@PEBU_s_CatchableType@@PEBU_s_ThrowInfo@@@Z 0000000140008660 f i libvcruntime:frame.obj
 0001:000077a0       ??$__InternalCxxFrameHandler@V__FrameHandler3@@@@YA?AW4_EXCEPTION_DISPOSITION@@PEAUEHExceptionRecord@@PEA_KPEAU_CONTEXT@@PEAU_xDISPATCHER_CONTEXT@@PEBU_s_FuncInfo@@H1E@Z 00000001400087a0 f i libvcruntime:frame.obj
 0001:000079d8       ??$__InternalCxxFrameHandlerWrapper@V__FrameHandler3@@@@YA?AW4_EXCEPTION_DISPOSITION@@PEAUEHExceptionRecord@@PEA_KPEAU_CONTEXT@@PEAU_xDISPATCHER_CONTEXT@@PEBU_s_FuncInfo@@H1E@Z 00000001400089d8 f i libvcruntime:frame.obj
 0001:000079e0       ??0bad_exception@std@@QEAA@AEBV01@@Z 00000001400089e0 f i libvcruntime:frame.obj
 0001:00007a1c       ??0bad_exception@std@@QEAA@XZ 0000000140008a1c f i libvcruntime:frame.obj
 0001:00007a3c       ?CxxCallCatchBlock@__FrameHandler3@@SAPEAXPEAU_EXCEPTION_RECORD@@@Z 0000000140008a3c f   libvcruntime:frame.obj
 0001:00007cb0       ?FrameUnwindToState@__FrameHandler3@@SAXPEA_KPEAU_xDISPATCHER_CONTEXT@@PEBU_s_FuncInfo@@H@Z 0000000140008cb0 f   libvcruntime:frame.obj
 0001:00007e3c       ?GetHandlerSearchState@__FrameHandler3@@SAHPEA_KPEAU_xDISPATCHER_CONTEXT@@PEBU_s_FuncInfo@@@Z 0000000140008e3c f i libvcruntime:frame.obj
 0001:0000804c       ?_CallMemberFunction1@@YAXQEAX00@Z 000000014000904c f i libvcruntime:frame.obj
 0001:00008058       ?_CallMemberFunction2@@YAXQEAX00H@Z 0000000140009058 f i libvcruntime:frame.obj
 0001:00008080       _CallSettingFrame          0000000140009080 f   libvcruntime:handlers.obj
 0001:000080d0       _CallSettingFrame_LookupContinuationIndex 00000001400090d0 f   libvcruntime:handlers.obj
 0001:00008100       _CallSettingFrame_NotifyContinuationAddr 0000000140009100 f   libvcruntime:handlers.obj
 0001:00008130       _CallSettingFrameEncoded   0000000140009130 f   libvcruntime:handlers.obj
 0001:00008178       ?get_raw_ptd@__crt_cached_ptd_host@@QEAAPEAU__acrt_ptd@@XZ 0000000140009178 f i libucrt:invalid_parameter.obj
 0001:000081e0       ?get_raw_ptd_noexit@__crt_cached_ptd_host@@QEAAPEAU__acrt_ptd@@XZ 00000001400091e0 f i libucrt:invalid_parameter.obj
 0001:0000824c       ?value@?$dual_state_global@P6AXPEB_W00I_K@Z@__crt_state_management@@QEAAAEAP6AXPEB_W00I_K@ZAEAV__crt_cached_ptd_host@@@Z 000000014000924c f i libucrt:invalid_parameter.obj
 0001:00008298       __acrt_call_reportfault    0000000140009298 f   libucrt:invalid_parameter.obj
 0001:000083f4       __acrt_initialize_invalid_parameter_handler 00000001400093f4 f   libucrt:invalid_parameter.obj
 0001:000083fc       _invalid_parameter         00000001400093fc f   libucrt:invalid_parameter.obj
 0001:00008498       _invalid_parameter_internal 0000000140009498 f   libucrt:invalid_parameter.obj
 0001:00008568       _invalid_parameter_noinfo  0000000140009568 f   libucrt:invalid_parameter.obj
 0001:00008588       _invalid_parameter_noinfo_noreturn 0000000140009588 f   libucrt:invalid_parameter.obj
 0001:000085b8       _invoke_watson             00000001400095b8 f   libucrt:invalid_parameter.obj
 0001:00008600       ??$ensure_buffer_is_big_enough@D@formatting_buffer@__crt_stdio_output@@QEAA_N_KAEAV__crt_cached_ptd_host@@@Z 0000000140009600 f i libucrt:output.obj
 0001:000086a8       ??$parse_integer@KV?$c_string_character_source@D@__crt_strtox@@$0A@@__crt_strtox@@YAKAEAV__crt_cached_ptd_host@@V?$c_string_character_source@D@0@H_N@Z 00000001400096a8 f i libucrt:output.obj
 0001:00008958       ??$type_case_integer@$07@?$output_processor@DV?$string_output_adapter@D@__crt_stdio_output@@V?$standard_base@DV?$string_output_adapter@D@__crt_stdio_output@@@2@@__crt_stdio_output@@AEAA_N_N@Z 0000000140009958 f i libucrt:output.obj
 0001:00008b40       ??$type_case_integer@$09@?$output_processor@DV?$string_output_adapter@D@__crt_stdio_output@@V?$standard_base@DV?$string_output_adapter@D@__crt_stdio_output@@@2@@__crt_stdio_output@@AEAA_N_N@Z 0000000140009b40 f i libucrt:output.obj
 0001:00008d28       ??$type_case_integer@$0BA@@?$output_processor@DV?$string_output_adapter@D@__crt_stdio_output@@V?$standard_base@DV?$string_output_adapter@D@__crt_stdio_output@@@2@@__crt_stdio_output@@AEAA_N_N@Z 0000000140009d28 f i libucrt:output.obj
 0001:00008f10       ??$type_case_integer_parse_into_buffer@I$07@?$output_processor@DV?$string_output_adapter@D@__crt_stdio_output@@V?$standard_base@DV?$string_output_adapter@D@__crt_stdio_output@@@2@@__crt_stdio_output@@AEAAXI_N@Z 0000000140009f10 f i libucrt:output.obj
 0001:00008f8c       ??$type_case_integer_parse_into_buffer@I$09@?$output_processor@DV?$string_output_adapter@D@__crt_stdio_output@@V?$standard_base@DV?$string_output_adapter@D@__crt_stdio_output@@@2@@__crt_stdio_output@@AEAAXI_N@Z 0000000140009f8c f i libucrt:output.obj
 0001:00009034       ??$type_case_integer_parse_into_buffer@I$0BA@@?$output_processor@DV?$string_output_adapter@D@__crt_stdio_output@@V?$standard_base@DV?$string_output_adapter@D@__crt_stdio_output@@@2@@__crt_stdio_output@@AEAAXI_N@Z 000000014000a034 f i libucrt:output.obj
 0001:000090c0       ??$type_case_integer_parse_into_buffer@_K$07@?$output_processor@DV?$string_output_adapter@D@__crt_stdio_output@@V?$standard_base@DV?$string_output_adapter@D@__crt_stdio_output@@@2@@__crt_stdio_output@@AEAAX_K_N@Z 000000014000a0c0 f i libucrt:output.obj
 0001:0000913c       ??$type_case_integer_parse_into_buffer@_K$09@?$output_processor@DV?$string_output_adapter@D@__crt_stdio_output@@V?$standard_base@DV?$string_output_adapter@D@__crt_stdio_output@@@2@@__crt_stdio_output@@AEAAX_K_N@Z 000000014000a13c f i libucrt:output.obj
 0001:000091e8       ??$type_case_integer_parse_into_buffer@_K$0BA@@?$output_processor@DV?$string_output_adapter@D@__crt_stdio_output@@V?$standard_base@DV?$string_output_adapter@D@__crt_stdio_output@@@2@@__crt_stdio_output@@AEAAX_K_N@Z 000000014000a1e8 f i libucrt:output.obj
 0001:00009274       ?crop_zeroes@__crt_stdio_output@@YAXPEADQEAU__crt_locale_pointers@@@Z 000000014000a274 f i libucrt:output.obj
 0001:000092e0       ?parse_int_from_format_string@?$output_processor@DV?$string_output_adapter@D@__crt_stdio_output@@V?$standard_base@DV?$string_output_adapter@D@__crt_stdio_output@@@2@@__crt_stdio_output@@AEAA_NQEAH@Z 000000014000a2e0 f i libucrt:output.obj
 0001:00009370       ?process@?$output_processor@DV?$string_output_adapter@D@__crt_stdio_output@@V?$standard_base@DV?$string_output_adapter@D@__crt_stdio_output@@@2@@__crt_stdio_output@@QEAAHXZ 000000014000a370 f i libucrt:output.obj
 0001:000096f4       ?state_case_size@?$output_processor@DV?$string_output_adapter@D@__crt_stdio_output@@V?$standard_base@DV?$string_output_adapter@D@__crt_stdio_output@@@2@@__crt_stdio_output@@AEAA_NXZ 000000014000a6f4 f i libucrt:output.obj
 0001:00009878       ?state_case_type@?$output_processor@DV?$string_output_adapter@D@__crt_stdio_output@@V?$standard_base@DV?$string_output_adapter@D@__crt_stdio_output@@@2@@__crt_stdio_output@@AEAA_NXZ 000000014000a878 f i libucrt:output.obj
 0001:00009c44       ?type_case_Z@?$output_processor@DV?$string_output_adapter@D@__crt_stdio_output@@V?$standard_base@DV?$string_output_adapter@D@__crt_stdio_output@@@2@@__crt_stdio_output@@AEAA_NXZ 000000014000ac44 f i libucrt:output.obj
 0001:00009cbc       ?type_case_a@?$output_processor@DV?$string_output_adapter@D@__crt_stdio_output@@V?$standard_base@DV?$string_output_adapter@D@__crt_stdio_output@@@2@@__crt_stdio_output@@AEAA_NXZ 000000014000acbc f i libucrt:output.obj
 0001:00009f08       ?type_case_c_tchar@?$output_processor@DV?$string_output_adapter@D@__crt_stdio_output@@V?$standard_base@DV?$string_output_adapter@D@__crt_stdio_output@@@2@@__crt_stdio_output@@AEAA_ND@Z 000000014000af08 f i libucrt:output.obj
 0001:00009fcc       ?type_case_n@?$output_processor@DV?$string_output_adapter@D@__crt_stdio_output@@V?$standard_base@DV?$string_output_adapter@D@__crt_stdio_output@@@2@@__crt_stdio_output@@AEAA_NXZ 000000014000afcc f i libucrt:output.obj
 0001:0000a080       ?type_case_s@?$output_processor@DV?$string_output_adapter@D@__crt_stdio_output@@V?$standard_base@DV?$string_output_adapter@D@__crt_stdio_output@@@2@@__crt_stdio_output@@AEAA_NXZ 000000014000b080 f i libucrt:output.obj
 0001:0000a120       ?update_locale_slow@__crt_cached_ptd_host@@AEAAXXZ 000000014000b120 f i libucrt:output.obj
 0001:0000a198       ?write_string@?$string_output_adapter@D@__crt_stdio_output@@QEBAXQEBDHQEAHAEAV__crt_cached_ptd_host@@@Z 000000014000b198 f i libucrt:output.obj
 0001:0000a23c       __stdio_common_vsprintf    000000014000b23c f   libucrt:output.obj
 0001:0000a490       __acrt_initialize_new_handler 000000014000b490 f   libucrt:new_handler.obj
 0001:0000a498       _callnewh                  000000014000b498 f   libucrt:new_handler.obj
 0001:0000a4d4       _query_new_handler         000000014000b4d4 f   libucrt:new_handler.obj
 0001:0000a508       malloc                     000000014000b508 f   libucrt:malloc.obj
 0001:0000a510       _seh_filter_exe            000000014000b510 f   libucrt:exception_filter.obj
 0001:0000a694       _query_app_type            000000014000b694 f   libucrt:report_runtime_error.obj
 0001:0000a69c       _set_app_type              000000014000b69c f   libucrt:report_runtime_error.obj
 0001:0000a6a4       __acrt_has_user_matherr    000000014000b6a4 f   libucrt:matherr.obj
 0001:0000a6c4       __acrt_initialize_user_matherr 000000014000b6c4 f   libucrt:matherr.obj
 0001:0000a6cc       __acrt_invoke_user_matherr 000000014000b6cc f   libucrt:matherr.obj
 0001:0000a704       __setusermatherr           000000014000b704 f   libucrt:matherr.obj
 0001:0000a8ec       __acrt_allocate_buffer_for_argv 000000014000b8ec f   libucrt:argv_parsing.obj
 0001:0000a94c       _configure_narrow_argv     000000014000b94c f   libucrt:argv_parsing.obj
 0001:0000adb4       __dcrt_get_or_create_narrow_environment_nolock 000000014000bdb4 f   libucrt:environment_initialization.obj
 0001:0000adf0       __dcrt_uninitialize_environments_nolock 000000014000bdf0 f   libucrt:environment_initialization.obj
 0001:0000ae34       _get_initial_narrow_environment 000000014000be34 f   libucrt:environment_initialization.obj
 0001:0000ae84       _initialize_narrow_environment 000000014000be84 f   libucrt:environment_initialization.obj
 0001:0000ae8c       _initterm                  000000014000be8c f   libucrt:initterm.obj
 0001:0000aed0       _initterm_e                000000014000bed0 f   libucrt:initterm.obj
 0001:0000b1b8       __acrt_initialize_thread_local_exit_callback 000000014000c1b8 f   libucrt:exit.obj
 0001:0000b1c0       _c_exit                    000000014000c1c0 f   libucrt:exit.obj
 0001:0000b1d0       _cexit                     000000014000c1d0 f   libucrt:exit.obj
 0001:0000b1e0       _exit                      000000014000c1e0 f   libucrt:exit.obj
 0001:0000b1ec       _register_thread_local_exe_atexit_callback 000000014000c1ec f   libucrt:exit.obj
 0001:0000b22c       exit                       000000014000c22c f   libucrt:exit.obj
 0001:0000b238       _set_fmode                 000000014000c238 f   libucrt:setmode.obj
 0001:0000b278       __acrt_initialize_command_line 000000014000c278 f   libucrt:argv_data.obj
 0001:0000b2a0       __p___argc                 000000014000c2a0 f   libucrt:argv_data.obj
 0001:0000b2a8       __p___argv                 000000014000c2a8 f   libucrt:argv_data.obj
 0001:0000b320       __acrt_set_locale_changed  000000014000c320 f   libucrt:wsetlocale.obj
 0001:0000b32c       __acrt_uninitialize_locale 000000014000c32c f   libucrt:wsetlocale.obj
 0001:0000b35c       _configthreadlocale        000000014000c35c f   libucrt:wsetlocale.obj
 0001:0000b3c8       _query_new_mode            000000014000c3c8 f   libucrt:new_mode.obj
 0001:0000b3d0       _set_new_mode              000000014000c3d0 f   libucrt:new_mode.obj
 0001:0000b3fc       __p__commode               000000014000c3fc f   libucrt:ncommode.obj
 0001:0000b404       free                       000000014000c404 f   libucrt:free.obj
 0001:0000b760       _crt_atexit                000000014000c760 f   libucrt:onexit.obj
 0001:0000b770       _execute_onexit_table      000000014000c770 f   libucrt:onexit.obj
 0001:0000b7b4       _initialize_onexit_table   000000014000c7b4 f   libucrt:onexit.obj
 0001:0000b7dc       _register_onexit_function  000000014000c7dc f   libucrt:onexit.obj
 0001:0000b950       __acrt_initialize          000000014000c950 f   libucrt:initialization.obj
 0001:0000b964       __acrt_uninitialize        000000014000c964 f   libucrt:initialization.obj
 0001:0000b99c       terminate                  000000014000c99c f   libucrt:terminate.obj
 0001:0000b9c8       strcpy_s                   000000014000c9c8 f   libucrt:strcpy_s.obj
 0001:0000ba28       abort                      000000014000ca28 f   libucrt:abort.obj
 0001:0000ba80       calloc                     000000014000ca80 f   libucrt:calloc.obj
 0001:0000baa0       strncmp                    000000014000caa0 f   libucrt:strncmp.obj
 0001:0000bb20       wcsncmp                    000000014000cb20 f   libucrt:wcsncmp.obj
 0001:0000bec4       __acrt_getptd              000000014000cec4 f   libucrt:per_thread_data.obj
 0001:0000bf98       __acrt_getptd_head         000000014000cf98 f   libucrt:per_thread_data.obj
 0001:0000c03c       __acrt_getptd_noexit       000000014000d03c f   libucrt:per_thread_data.obj
 0001:0000c104       __acrt_getptd_noexit_explicit 000000014000d104 f   libucrt:per_thread_data.obj
 0001:0000c1c4       __acrt_initialize_ptd      000000014000d1c4 f   libucrt:per_thread_data.obj
 0001:0000c200       __acrt_uninitialize_ptd    000000014000d200 f   libucrt:per_thread_data.obj
 0001:0000c224       __acrt_errno_from_os_error 000000014000d224 f   libucrt:errno.obj
 0001:0000c26c       __acrt_errno_map_os_error  000000014000d26c f   libucrt:errno.obj
 0001:0000c2b4       __acrt_errno_map_os_error_ptd 000000014000d2b4 f   libucrt:errno.obj
 0001:0000c2d8       __doserrno                 000000014000d2d8 f   libucrt:errno.obj
 0001:0000c2f8       _errno                     000000014000d2f8 f   libucrt:errno.obj
 0001:0000c318       _free_base                 000000014000d318 f   libucrt:free_base.obj
 0001:0000c354       _malloc_base               000000014000d354 f   libucrt:malloc_base.obj
 0001:0000c3b4       strnlen                    000000014000d3b4 f   libucrt:strnlen.obj
 0001:0000c504       wcsnlen                    000000014000d504 f   libucrt:strnlen.obj
 0001:0000c6dc       __acrt_update_locale_info  000000014000d6dc f   libucrt:locale_update.obj
 0001:0000c710       __acrt_update_locale_info_explicit 000000014000d710 f   libucrt:locale_update.obj
 0001:0000c748       __acrt_update_multibyte_info 000000014000d748 f   libucrt:locale_update.obj
 0001:0000c77c       __acrt_update_multibyte_info_explicit 000000014000d77c f   libucrt:locale_update.obj
 0001:0000d2e4       __acrt_fp_format           000000014000e2e4 f   libucrt:cvt.obj
 0001:0000d5cc       _wctomb_internal           000000014000e5cc f   libucrt:wctomb.obj
 0001:0000d77c       _mbtowc_internal           000000014000e77c f   libucrt:mbtowc.obj
 0001:0000d8f4       _fileno                    000000014000e8f4 f   libucrt:fileno.obj
 0001:0000d91c       __acrt_initialize_stdio    000000014000e91c f   libucrt:_file.obj
 0001:0000da3c       __acrt_uninitialize_stdio  000000014000ea3c f   libucrt:_file.obj
 0001:0000da98       _lock_file                 000000014000ea98 f   libucrt:_file.obj
 0001:0000daa4       _unlock_file               000000014000eaa4 f   libucrt:_file.obj
 0001:0000dab0       _get_printf_count_output   000000014000eab0 f   libucrt:printf_count_output.obj
 0001:0000dcc0       __acrt_initialize_lowio    000000014000ecc0 f   libucrt:ioinit.obj
 0001:0000dcfc       __acrt_uninitialize_lowio  000000014000ecfc f   libucrt:ioinit.obj
 0001:0000dd3c       __acrt_initialize_locks    000000014000ed3c f   libucrt:locks.obj
 0001:0000dd84       __acrt_lock                000000014000ed84 f   libucrt:locks.obj
 0001:0000dda0       __acrt_uninitialize_locks  000000014000eda0 f   libucrt:locks.obj
 0001:0000ddd8       __acrt_unlock              000000014000edd8 f   libucrt:locks.obj
 0001:0000ddf4       _calloc_base               000000014000edf4 f   libucrt:calloc_base.obj
 0001:0000de80       ??$__acrt_convert_wcs_mbs_cp@D_WV<lambda_7c9dea7b4ca7285d2cdb541a38da6275>@@U__crt_win32_buffer_internal_dynamic_resizing@@@@YAHQEBDAEAV?$__crt_win32_buffer@_WU__crt_win32_buffer_internal_dynamic_resizing@@@@AEBV<lambda_7c9dea7b4ca7285d2cdb541a38da6275>@@I@Z 000000014000ee80 f i libucrt:argv_wildcards.obj
 0001:0000dffc       ??$__acrt_convert_wcs_mbs_cp@_WDV<lambda_d8593a27d1aa8c02be35c86a17d324c4>@@U__crt_win32_buffer_internal_dynamic_resizing@@@@YAHQEB_WAEAV?$__crt_win32_buffer@DU__crt_win32_buffer_internal_dynamic_resizing@@@@AEBV<lambda_d8593a27d1aa8c02be35c86a17d324c4>@@I@Z 000000014000effc f i libucrt:argv_wildcards.obj
 0001:0000e8a4       ??0_LocaleUpdate@@QEAA@QEAU__crt_locale_pointers@@@Z 000000014000f8a4 f i libucrt:argv_wildcards.obj
 0001:0000e940       __acrt_expand_narrow_argv_wildcards 000000014000f940 f   libucrt:argv_wildcards.obj
 0001:0000e948       ??$__acrt_convert_wcs_mbs_cp@_WDV<lambda_f788ae46380686e8b737efdd8c720d07>@@U__crt_win32_buffer_no_resizing@@@@YAHQEB_WAEAV?$__crt_win32_buffer@DU__crt_win32_buffer_no_resizing@@@@AEBV<lambda_f788ae46380686e8b737efdd8c720d07>@@I@Z 000000014000f948 f i libucrt:getmodulefilenamea.obj
 0001:0000ea64       __acrt_GetModuleFileNameA  000000014000fa64 f   libucrt:getmodulefilenamea.obj
 0001:0000f380       __acrt_initialize_multibyte 0000000140010380 f   libucrt:mbctype.obj
 0001:0000f3e0       __acrt_update_thread_multibyte_data 00000001400103e0 f   libucrt:mbctype.obj
 0001:0000f3fc       _setmbcp_nolock            00000001400103fc f   libucrt:mbctype.obj
 0001:0000f730       _ismbblead                 0000000140010730 f   libucrt:ismbbyte.obj
 0001:0000f744       __acrt_MultiByteToWideChar 0000000140010744 f   libucrt:multibytetowidechar.obj
 0001:0000f7a0       __acrt_WideCharToMultiByte 00000001400107a0 f   libucrt:widechartomultibyte.obj
 0001:0000f850       __dcrt_get_narrow_environment_from_os 0000000140010850 f   libucrt:get_environment_from_os.obj
 0001:0000fda0       __dcrt_set_variable_in_narrow_environment_nolock 0000000140010da0 f   libucrt:setenv.obj
 0001:0000fda8       __acrt_get_process_end_policy 0000000140010da8 f   libucrt:win_policies.obj
 0001:0000fde4       __acrt_lowio_create_handle_array 0000000140010de4 f   libucrt:osfinfo.obj
 0001:0000fe8c       __acrt_lowio_destroy_handle_array 0000000140010e8c f   libucrt:osfinfo.obj
 0001:0000fedc       __acrt_lowio_ensure_fh_exists 0000000140010edc f   libucrt:osfinfo.obj
 0001:0000ff84       __acrt_lowio_lock_fh       0000000140010f84 f   libucrt:osfinfo.obj
 0001:0000ffac       __acrt_lowio_unlock_fh     0000000140010fac f   libucrt:osfinfo.obj
 0001:0000ffd4       _free_osfhnd               0000000140010fd4 f   libucrt:osfinfo.obj
 0001:00010090       _get_osfhandle             0000000140011090 f   libucrt:osfinfo.obj
 0001:00010108       __acrt_initialize_fmode    0000000140011108 f   libucrt:txtmode.obj
 0001:00010124       __acrt_locale_free_monetary 0000000140011124 f   libucrt:initmon.obj
 0001:00010230       __acrt_locale_free_numeric 0000000140011230 f   libucrt:initnum.obj
 0001:000102d0       __acrt_locale_free_time    00000001400112d0 f   libucrt:inittime.obj
 0001:000103d8       __acrt_GetStringTypeA      00000001400113d8 f   libucrt:getstringtypea.obj
 0001:00010574       __acrt_add_locale_ref      0000000140011574 f   libucrt:locale_refcounting.obj
 0001:00010600       __acrt_free_locale         0000000140011600 f   libucrt:locale_refcounting.obj
 0001:00010778       __acrt_locale_add_lc_time_reference 0000000140011778 f   libucrt:locale_refcounting.obj
 0001:000107a0       __acrt_locale_free_lc_time_if_unreferenced 00000001400117a0 f   libucrt:locale_refcounting.obj
 0001:000107d8       __acrt_locale_release_lc_time_reference 00000001400117d8 f   libucrt:locale_refcounting.obj
 0001:00010800       __acrt_release_locale_ref  0000000140011800 f   libucrt:locale_refcounting.obj
 0001:000108a8       __acrt_update_thread_locale_data 00000001400118a8 f   libucrt:locale_refcounting.obj
 0001:00010918       _updatetlocinfoEx_nolock   0000000140011918 f   libucrt:locale_refcounting.obj
 0001:00010b40       __acrt_AppPolicyGetProcessTerminationMethodInternal 0000000140011b40 f   libucrt:winapi_thunks.obj
 0001:00010b98       __acrt_AreFileApisANSI     0000000140011b98 f   libucrt:winapi_thunks.obj
 0001:00010bdc       __acrt_CompareStringEx     0000000140011bdc f   libucrt:winapi_thunks.obj
 0001:00010cc8       __acrt_FlsAlloc            0000000140011cc8 f   libucrt:winapi_thunks.obj
 0001:00010cd0       __acrt_FlsFree             0000000140011cd0 f   libucrt:winapi_thunks.obj
 0001:00010cd8       __acrt_FlsGetValue         0000000140011cd8 f   libucrt:winapi_thunks.obj
 0001:00010ce0       __acrt_FlsSetValue         0000000140011ce0 f   libucrt:winapi_thunks.obj
 0001:00010ce8       __acrt_InitializeCriticalSectionEx 0000000140011ce8 f   libucrt:winapi_thunks.obj
 0001:00010d58       __acrt_LCMapStringEx       0000000140011d58 f   libucrt:winapi_thunks.obj
 0001:00010e44       __acrt_LocaleNameToLCID    0000000140011e44 f   libucrt:winapi_thunks.obj
 0001:00010ea4       __acrt_initialize_winapi_thunks 0000000140011ea4 f   libucrt:winapi_thunks.obj
 0001:00010ec8       __acrt_uninitialize_winapi_thunks 0000000140011ec8 f   libucrt:winapi_thunks.obj
 0001:00010f0c       _recalloc_base             0000000140011f0c f   libucrt:recalloc.obj
 0001:00010fa4       __acrt_initialize_heap     0000000140011fa4 f   libucrt:heap_handle.obj
 0001:00010fc0       __acrt_uninitialize_heap   0000000140011fc0 f   libucrt:heap_handle.obj
 0001:00010fcc       __acrt_execute_initializers 0000000140011fcc f   libucrt:shared_initialization.obj
 0001:00011060       __acrt_execute_uninitializers 0000000140012060 f   libucrt:shared_initialization.obj
 0001:000110f0       __acrt_get_sigabrt_handler 00000001400120f0 f   libucrt:signal.obj
 0001:00011120       __acrt_initialize_signal_handlers 0000000140012120 f   libucrt:signal.obj
 0001:00011140       raise                      0000000140012140 f   libucrt:signal.obj
 0001:0001159c       __acrt_stdio_flush_nolock  000000014001259c f   libucrt:fflush.obj
 0001:00011628       _fflush_nolock             0000000140012628 f   libucrt:fflush.obj
 0001:000116fc       _flushall                  00000001400126fc f   libucrt:fflush.obj
 0001:00011704       __acrt_fp_strflt_to_string 0000000140012704 f   libucrt:_fptostr.obj
 0001:00011890       ?divide@__crt_strtox@@YA_KAEAUbig_integer@1@AEBU21@@Z 0000000140012890 f i libucrt:cfout.obj
 0001:00011d1c       __acrt_fltout              0000000140012d1c f   libucrt:cfout.obj
 0001:00012fe4       fegetround                 0000000140013fe4 f   libucrt:fegetround.obj
 0001:00012ff8       ?__c32rtomb_utf8@__crt_mbstring@@YA_KPEAD_UPEAU_Mbstatet@@AEAV__crt_cached_ptd_host@@@Z 0000000140013ff8 f   libucrt:c32rtomb.obj
 0001:0001309c       ?__mbrtowc_utf8@__crt_mbstring@@YA_KPEA_WPEBD_KPEAU_Mbstatet@@AEAV__crt_cached_ptd_host@@@Z 000000014001409c f   libucrt:mbrtowc.obj
 0001:000130e0       ?__mbsrtowcs_utf8@__crt_mbstring@@YA_KPEA_WPEAPEBD_KPEAU_Mbstatet@@AEAV__crt_cached_ptd_host@@@Z 00000001400140e0 f   libucrt:mbrtowc.obj
 0001:00013284       _fcloseall                 0000000140014284 f   libucrt:closeall.obj
 0001:00013338       __acrt_stdio_free_buffer_nolock 0000000140014338 f   libucrt:_freebuf.obj
 0001:00013378       _isatty                    0000000140014378 f   libucrt:isatty.obj
 0001:000133e0       qsort                      00000001400143e0 f   libucrt:qsort.obj
 0001:000137f0       strncpy_s                  00000001400147f0 f   libucrt:strncpy_s.obj
 0001:00013980       strpbrk                    0000000140014980 f   libucrt:strpbrk.obj
 0001:00013d48       _mbsdec                    0000000140014d48 f   libucrt:mbsdec.obj
 0001:00013d50       _mbsdec_l                  0000000140014d50 f   libucrt:mbsdec.obj
 0001:00014104       __acrt_LCMapStringA        0000000140015104 f   libucrt:lcmapstringa.obj
 0001:000141b4       _strnicoll                 00000001400151b4 f   libucrt:strnicol.obj
 0001:000141cc       _strnicoll_l               00000001400151cc f   libucrt:strnicol.obj
 0001:000142cc       __acrt_SetEnvironmentVariableA 00000001400152cc f   libucrt:setenvironmentvariablea.obj
 0001:0001446c       __ascii_wcsnicmp           000000014001546c f   libucrt:wcsnicmp.obj
 0001:000144b8       __acrt_DownlevelLocaleNameToLCID 00000001400154b8 f   libucrt:lcidtoname_downlevel.obj
 0001:00014560       _msize_base                0000000140015560 f   libucrt:msize.obj
 0001:0001459c       _realloc_base              000000014001559c f   libucrt:realloc_base.obj
 0001:000146a4       _commit                    00000001400156a4 f   libucrt:commit.obj
 0001:00014f54       _write_internal            0000000140015f54 f   libucrt:write.obj
 0001:0001507c       _write_nolock              000000014001607c f   libucrt:write.obj
 0001:0001538c       _controlfp_s               000000014001638c f   libucrt:contrlfp.obj
 0001:000153f0       fegetenv                   00000001400163f0 f   libucrt:fegetenv.obj
 0001:00015410       fesetenv                   0000000140016410 f   libucrt:fesetenv.obj
 0001:0001545c       feholdexcept               000000014001645c f   libucrt:feholdexcept.obj
 0001:000154ac       ceil                       00000001400164ac f   libucrt:ceil.obj
 0001:00015570       log10                      0000000140016570 f   libucrt:log10.obj
 0001:00015b1c       __acrt_fenv_get_common_round_control 0000000140016b1c f   libucrt:_fenvutils.obj
 0001:00015b28       __acrt_fenv_get_control    0000000140016b28 f   libucrt:_fenvutils.obj
 0001:00015c0c       __acrt_fenv_get_status     0000000140016c0c f   libucrt:_fenvutils.obj
 0001:00015c64       __acrt_fenv_set_control    0000000140016c64 f   libucrt:_fenvutils.obj
 0001:00015da0       __acrt_fenv_set_status     0000000140016da0 f   libucrt:_fenvutils.obj
 0001:00015e14       ?reset_and_return@__crt_mbstring@@YA_K_KPEAU_Mbstatet@@@Z 0000000140016e14 f   libucrt:common_utf8.obj
 0001:00015e1c       ?return_illegal_sequence@__crt_mbstring@@YA_KPEAU_Mbstatet@@AEAV__crt_cached_ptd_host@@@Z 0000000140016e1c f   libucrt:common_utf8.obj
 0001:00015e30       ?__mbrtoc32_utf8@__crt_mbstring@@YA_KPEA_UPEBD_KPEAU_Mbstatet@@AEAV__crt_cached_ptd_host@@@Z 0000000140016e30 f   libucrt:mbrtoc32.obj
 0001:0001612c       fclose                     000000014001712c f   libucrt:fclose.obj
 0001:00016270       _lseeki64_nolock_internal  0000000140017270 f   libucrt:lseek.obj
 0001:00016278       __strncnt                  0000000140017278 f   libucrt:strncnt.obj
 0001:00016290       __ascii_strnicmp           0000000140017290 f   libucrt:strnicmp.obj
 0001:000162dc       _strnicmp                  00000001400172dc f   libucrt:strnicmp.obj
 0001:0001632c       _strnicmp_l                000000014001732c f   libucrt:strnicmp.obj
 0001:0001675c       __acrt_CompareStringA      000000014001775c f   libucrt:comparestringa.obj
 0001:000167e8       _putwch_nolock             00000001400177e8 f   libucrt:putwch.obj
 0001:00016824       _clearfp                   0000000140017824 f   libucrt:ieee.obj
 0001:00016894       _control87                 0000000140017894 f   libucrt:ieee.obj
 0001:00016c80       _handle_error              0000000140017c80 f   libucrt:libm_error.obj
 0001:00016da8       _handle_nan                0000000140017da8 f   libucrt:libm_error.obj
 0001:00016dd0       __acrt_initialize_fma3     0000000140017dd0 f   libucrt:fma3_available.obj
 0001:00016e40       _log10_special             0000000140017e40 f   libucrt:log_special.obj
 0001:00016f70       _close_internal            0000000140017f70 f   libucrt:close.obj
 0001:00017034       _close_nolock_internal     0000000140018034 f   libucrt:close.obj
 0001:00017104       ?__acrt_stdio_free_stream@@YAXV__crt_stdio_stream@@@Z 0000000140018104 f   libucrt:stream.obj
 0001:00017120       __dcrt_lowio_ensure_console_output_initialized 0000000140018120 f   libucrt:initcon.obj
 0001:00017174       __dcrt_terminate_console_output 0000000140018174 f   libucrt:initcon.obj
 0001:00017190       __dcrt_write_console       0000000140018190 f   libucrt:initcon.obj
 0001:00017260       _get_fpsr                  0000000140018260 f   libucrt:fpsr.obj
 0001:00017270       _set_fpsr                  0000000140018270 f   libucrt:fpsr.obj
 0001:0001727a       _fclrf                     000000014001827a f   libucrt:fpsr.obj
 0001:0001728e       _frnd                      000000014001828e f   libucrt:fpsr.obj
 0001:000172b0       _raise_exc                 00000001400182b0 f   libucrt:fpexcept.obj
 0001:000172d8       _raise_exc_ex              00000001400182d8 f   libucrt:fpexcept.obj
 0001:000175e8       _set_errno_from_matherr    00000001400185e8 f   libucrt:fpexcept.obj
 0001:00017618       _clrfp                     0000000140018618 f   libucrt:fpctrl.obj
 0001:00017638       _ctrlfp                    0000000140018638 f   libucrt:fpctrl.obj
 0001:000176b4       _set_statfp                00000001400186b4 f   libucrt:fpctrl.obj
 0001:000176d4       _statfp                    00000001400186d4 f   libucrt:fpctrl.obj
 0001:000176f0       _FindPESection             00000001400186f0 f   LIBCMT:pesect.obj
 0001:00017740       _IsNonwritableInCurrentImage 0000000140018740 f   LIBCMT:pesect.obj
 0001:00017790       _ValidateImageBase         0000000140018790 f   LIBCMT:pesect.obj
 0001:000177d0       __chkstk                   00000001400187d0 f   LIBCMT:chkstk.obj
 0001:000177d0       _alloca_probe              00000001400187d0 f   LIBCMT:chkstk.obj
 0001:00017820       __GSHandlerCheck_EH        0000000140018820 f   LIBCMT:gshandlereh.obj
 0001:000178b0       memcmp                     00000001400188b0 f   libvcruntime:memcmp.obj
 0001:00017978       __C_specific_handler_noexcept 0000000140018978 f   libvcruntime:chandler_noexcept.obj
 0001:000179c4       strrchr                    00000001400189c4 f   libvcruntime:strrchr.obj
 0001:00017b00       strchr                     0000000140018b00 f   libvcruntime:strchr.obj
 0001:00017b90       _guard_dispatch_icall_nop  0000000140018b90 f   LIBCMT:guard_dispatch.obj
 0001:00017bb0       _guard_xfg_dispatch_icall_nop 0000000140018bb0 f   LIBCMT:guard_xfg_dispatch.obj
 0002:00000000       __imp_CreateFileA          0000000140019000     kernel32:KERNEL32.dll
 0002:00000008       __imp_GetFileSizeEx        0000000140019008     kernel32:KERNEL32.dll
 0002:00000010       __imp_ReadFile             0000000140019010     kernel32:KERNEL32.dll
 0002:00000018       __imp_WriteFile            0000000140019018     kernel32:KERNEL32.dll
 0002:00000020       __imp_CloseHandle          0000000140019020     kernel32:KERNEL32.dll
 0002:00000028       __imp_VirtualAlloc         0000000140019028     kernel32:KERNEL32.dll
 0002:00000030       __imp_VirtualFree          0000000140019030     kernel32:KERNEL32.dll
 0002:00000038       __imp_RtlCaptureContext    0000000140019038     kernel32:KERNEL32.dll
 0002:00000040       __imp_RtlLookupFunctionEntry 0000000140019040     kernel32:KERNEL32.dll
 0002:00000048       __imp_RtlVirtualUnwind     0000000140019048     kernel32:KERNEL32.dll
 0002:00000050       __imp_UnhandledExceptionFilter 0000000140019050     kernel32:KERNEL32.dll
 0002:00000058       __imp_SetUnhandledExceptionFilter 0000000140019058     kernel32:KERNEL32.dll
 0002:00000060       __imp_GetCurrentProcess    0000000140019060     kernel32:KERNEL32.dll
 0002:00000068       __imp_TerminateProcess     0000000140019068     kernel32:KERNEL32.dll
 0002:00000070       __imp_IsProcessorFeaturePresent 0000000140019070     kernel32:KERNEL32.dll
 0002:00000078       __imp_QueryPerformanceCounter 0000000140019078     kernel32:KERNEL32.dll
 0002:00000080       __imp_GetCurrentProcessId  0000000140019080     kernel32:KERNEL32.dll
 0002:00000088       __imp_GetCurrentThreadId   0000000140019088     kernel32:KERNEL32.dll
 0002:00000090       __imp_GetSystemTimeAsFileTime 0000000140019090     kernel32:KERNEL32.dll
 0002:00000098       __imp_InitializeSListHead  0000000140019098     kernel32:KERNEL32.dll
 0002:000000a0       __imp_IsDebuggerPresent    00000001400190a0     kernel32:KERNEL32.dll
 0002:000000a8       __imp_GetStartupInfoW      00000001400190a8     kernel32:KERNEL32.dll
 0002:000000b0       __imp_GetModuleHandleW     00000001400190b0     kernel32:KERNEL32.dll
 0002:000000b8       __imp_WriteConsoleW        00000001400190b8     kernel32:KERNEL32.dll
 0002:000000c0       __imp_RtlPcToFileHeader    00000001400190c0     kernel32:KERNEL32.dll
 0002:000000c8       __imp_RaiseException       00000001400190c8     kernel32:KERNEL32.dll
 0002:000000d0       __imp_RtlUnwindEx          00000001400190d0     kernel32:KERNEL32.dll
 0002:000000d8       __imp_GetLastError         00000001400190d8     kernel32:KERNEL32.dll
 0002:000000e0       __imp_SetLastError         00000001400190e0     kernel32:KERNEL32.dll
 0002:000000e8       __imp_EnterCriticalSection 00000001400190e8     kernel32:KERNEL32.dll
 0002:000000f0       __imp_LeaveCriticalSection 00000001400190f0     kernel32:KERNEL32.dll
 0002:000000f8       __imp_DeleteCriticalSection 00000001400190f8     kernel32:KERNEL32.dll
 0002:00000100       __imp_InitializeCriticalSectionAndSpinCount 0000000140019100     kernel32:KERNEL32.dll
 0002:00000108       __imp_TlsAlloc             0000000140019108     kernel32:KERNEL32.dll
 0002:00000110       __imp_TlsGetValue          0000000140019110     kernel32:KERNEL32.dll
 0002:00000118       __imp_TlsSetValue          0000000140019118     kernel32:KERNEL32.dll
 0002:00000120       __imp_TlsFree              0000000140019120     kernel32:KERNEL32.dll
 0002:00000128       __imp_FreeLibrary          0000000140019128     kernel32:KERNEL32.dll
 0002:00000130       __imp_GetProcAddress       0000000140019130     kernel32:KERNEL32.dll
 0002:00000138       __imp_LoadLibraryExW       0000000140019138     kernel32:KERNEL32.dll
 0002:00000140       __imp_EncodePointer        0000000140019140     kernel32:KERNEL32.dll
 0002:00000148       __imp_GetStdHandle         0000000140019148     kernel32:KERNEL32.dll
 0002:00000150       __imp_GetModuleFileNameW   0000000140019150     kernel32:KERNEL32.dll
 0002:00000158       __imp_ExitProcess          0000000140019158     kernel32:KERNEL32.dll
 0002:00000160       __imp_GetModuleHandleExW   0000000140019160     kernel32:KERNEL32.dll
 0002:00000168       __imp_GetCommandLineA      0000000140019168     kernel32:KERNEL32.dll
 0002:00000170       __imp_GetCommandLineW      0000000140019170     kernel32:KERNEL32.dll
 0002:00000178       __imp_HeapFree             0000000140019178     kernel32:KERNEL32.dll
 0002:00000180       __imp_HeapAlloc            0000000140019180     kernel32:KERNEL32.dll
 0002:00000188       __imp_GetFileType          0000000140019188     kernel32:KERNEL32.dll
 0002:00000190       __imp_FindClose            0000000140019190     kernel32:KERNEL32.dll
 0002:00000198       __imp_FindFirstFileExW     0000000140019198     kernel32:KERNEL32.dll
 0002:000001a0       __imp_FindNextFileW        00000001400191a0     kernel32:KERNEL32.dll
 0002:000001a8       __imp_IsValidCodePage      00000001400191a8     kernel32:KERNEL32.dll
 0002:000001b0       __imp_GetACP               00000001400191b0     kernel32:KERNEL32.dll
 0002:000001b8       __imp_GetOEMCP             00000001400191b8     kernel32:KERNEL32.dll
 0002:000001c0       __imp_GetCPInfo            00000001400191c0     kernel32:KERNEL32.dll
 0002:000001c8       __imp_MultiByteToWideChar  00000001400191c8     kernel32:KERNEL32.dll
 0002:000001d0       __imp_WideCharToMultiByte  00000001400191d0     kernel32:KERNEL32.dll
 0002:000001d8       __imp_GetEnvironmentStringsW 00000001400191d8     kernel32:KERNEL32.dll
 0002:000001e0       __imp_FreeEnvironmentStringsW 00000001400191e0     kernel32:KERNEL32.dll
 0002:000001e8       __imp_SetEnvironmentVariableW 00000001400191e8     kernel32:KERNEL32.dll
 0002:000001f0       __imp_SetStdHandle         00000001400191f0     kernel32:KERNEL32.dll
 0002:000001f8       __imp_GetStringTypeW       00000001400191f8     kernel32:KERNEL32.dll
 0002:00000200       __imp_FlsAlloc             0000000140019200     kernel32:KERNEL32.dll
 0002:00000208       __imp_FlsGetValue          0000000140019208     kernel32:KERNEL32.dll
 0002:00000210       __imp_FlsSetValue          0000000140019210     kernel32:KERNEL32.dll
 0002:00000218       __imp_FlsFree              0000000140019218     kernel32:KERNEL32.dll
 0002:00000220       __imp_CompareStringW       0000000140019220     kernel32:KERNEL32.dll
 0002:00000228       __imp_LCMapStringW         0000000140019228     kernel32:KERNEL32.dll
 0002:00000230       __imp_GetProcessHeap       0000000140019230     kernel32:KERNEL32.dll
 0002:00000238       __imp_SetFilePointerEx     0000000140019238     kernel32:KERNEL32.dll
 0002:00000240       __imp_HeapSize             0000000140019240     kernel32:KERNEL32.dll
 0002:00000248       __imp_HeapReAlloc          0000000140019248     kernel32:KERNEL32.dll
 0002:00000250       __imp_FlushFileBuffers     0000000140019250     kernel32:KERNEL32.dll
 0002:00000258       __imp_GetConsoleOutputCP   0000000140019258     kernel32:KERNEL32.dll
 0002:00000260       __imp_GetConsoleMode       0000000140019260     kernel32:KERNEL32.dll
 0002:00000268       __imp_CreateFileW          0000000140019268     kernel32:KERNEL32.dll
 0002:00000270       \177KERNEL32_NULL_THUNK_DATA 0000000140019270     kernel32:KERNEL32.dll
 0002:00000278       __guard_check_icall_fptr   0000000140019278     LIBCMT:guard_support.obj
 0002:00000280       __guard_xfg_check_icall_fptr 0000000140019280     LIBCMT:guard_support.obj
 0002:00000288       __guard_dispatch_icall_fptr 0000000140019288     LIBCMT:guard_support.obj
 0002:00000290       __guard_xfg_dispatch_icall_fptr 0000000140019290     LIBCMT:guard_support.obj
 0002:00000298       __guard_xfg_table_dispatch_icall_fptr 0000000140019298     LIBCMT:guard_support.obj
 0002:000002a0       __castguard_check_failure_os_handled_fptr 00000001400192a0     LIBCMT:guard_support.obj
 0002:000002a8       __guard_memcpy_fptr        00000001400192a8     libvcruntime:softmemtag.obj
 0002:000002b0       __xc_a                     00000001400192b0     LIBCMT:initializers.obj
 0002:000002c0       __xc_z                     00000001400192c0     LIBCMT:initializers.obj
 0002:000002c8       __xi_a                     00000001400192c8     LIBCMT:initializers.obj
 0002:000002e0       __acrt_stdio_initializer   00000001400192e0     libucrt:stdio_initializer.obj
 0002:000002e8       __acrt_multibyte_initializer 00000001400192e8     libucrt:multibyte_initializer.obj
 0002:000002f0       __acrt_fmode_initializer   00000001400192f0     libucrt:fmode_initializer.obj
 0002:000002f8       __acrt_tran_fma3_initializer 00000001400192f8     libucrt:fma3_initializer.obj
 0002:00000300       __xi_z                     0000000140019300     LIBCMT:initializers.obj
 0002:00000308       __xp_a                     0000000140019308     LIBCMT:initializers.obj
 0002:00000310       __acrt_locale_terminator   0000000140019310     libucrt:locale_initializer.obj
 0002:00000318       __dcrt_console_output_terminator 0000000140019318     libucrt:console_output_initializer.obj
 0002:00000320       __acrt_stdio_terminator    0000000140019320     libucrt:stdio_initializer.obj
 0002:00000328       __xp_z                     0000000140019328     LIBCMT:initializers.obj
 0002:00000330       __xt_a                     0000000140019330     LIBCMT:initializers.obj
 0002:00000338       __xt_z                     0000000140019338     LIBCMT:initializers.obj
 0002:00000568       ??_C@_0BC@EOODALEL@Unknown?5exception@ 0000000140019568     8086_mov_decoder.obj
 0002:00000580       ??_C@_0BF@KINCDENJ@bad?5array?5new?5length@ 0000000140019580     8086_mov_decoder.obj
 0002:00000598       ??_C@_0BA@JFNIOLAK@string?5too?5long@ 0000000140019598     8086_mov_decoder.obj
 0002:000005b0       ??_7exception@std@@6B@     00000001400195b0     libcpmt:xthrow.obj
 0002:000005c8       ??_7bad_alloc@std@@6B@     00000001400195c8     libcpmt:xthrow.obj
 0002:000005d8       ??_C@_0P@GHFPNOJB@bad?5allocation@ 00000001400195d8     libcpmt:xthrow.obj
 0002:000005f0       ??_7logic_error@std@@6B@   00000001400195f0     libcpmt:xthrow.obj
 0002:00000608       ??_7length_error@std@@6B@  0000000140019608     libcpmt:xthrow.obj
 0002:00000620       ??_7type_info@@6B@         0000000140019620     LIBCMT:std_type_info_static.obj
 0002:00000630       ??_7bad_array_new_length@std@@6B@ 0000000140019630     LIBCMT:throw_bad_alloc.obj
 0002:00000650       __xmm@ffffffffffffffffffffffffffffffff 0000000140019650     LIBCMT:utility.obj
 0002:00000660       _pDestructExceptionObject  0000000140019660     libvcruntime:ehhelpers.obj
 0002:00000d80       ??_C@_08EHJDFFNH@__based?$CI@ 0000000140019d80     libvcruntime:undname.obj
 0002:00000d90       ??_C@_07KOLFKCDI@__cdecl@  0000000140019d90     libvcruntime:undname.obj
 0002:00000d98       ??_C@_08GHMPAG@__pascal@   0000000140019d98     libvcruntime:undname.obj
 0002:00000da8       ??_C@_09IFJBGAPI@__stdcall@ 0000000140019da8     libvcruntime:undname.obj
 0002:00000db8       ??_C@_0L@NPHFGOKO@__thiscall@ 0000000140019db8     libvcruntime:undname.obj
 0002:00000dc8       ??_C@_0L@JMKHOMEK@__fastcall@ 0000000140019dc8     libvcruntime:undname.obj
 0002:00000dd8       ??_C@_0N@BCKKPABJ@__vectorcall@ 0000000140019dd8     libvcruntime:undname.obj
 0002:00000de8       ??_C@_09HIJEGCPM@__clrcall@ 0000000140019de8     libvcruntime:undname.obj
 0002:00000df4       ??_C@_06GHPCKEAG@__eabi@   0000000140019df4     libvcruntime:undname.obj
 0002:00000e00       ??_C@_09IOPIDJLG@__swift_1@ 0000000140019e00     libvcruntime:undname.obj
 0002:00000e10       ??_C@_09KFNFGKHF@__swift_2@ 0000000140019e10     libvcruntime:undname.obj
 0002:00000e20       ??_C@_09LMMOFLDE@__swift_3@ 0000000140019e20     libvcruntime:undname.obj
 0002:00000e30       ??_C@_07JOMMBBKO@__ptr64@  0000000140019e30     libvcruntime:undname.obj
 0002:00000e38       ??_C@_0L@PILCLIHE@__restrict@ 0000000140019e38     libvcruntime:undname.obj
 0002:00000e48       ??_C@_0M@GFIIJFMG@__unaligned@ 0000000140019e48     libvcruntime:undname.obj
 0002:00000e58       ??_C@_09DHDLOLLB@restrict?$CI@ 0000000140019e58     libvcruntime:undname.obj
 0002:00000e62       ??_C@_00CNPNBAHC@@         0000000140019e62     libvcruntime:undname.obj
 0002:00000e64       ??_C@_04NIHEBCM@?5new@     0000000140019e64     libvcruntime:undname.obj
 0002:00000e70       ??_C@_07FPCDHGMM@?5delete@ 0000000140019e70     libvcruntime:undname.obj
 0002:00000e78       ??_C@_01NEMOKFLO@?$DN@     0000000140019e78     libvcruntime:undname.obj
 0002:00000e7c       ??_C@_02GPIOPFAK@?$DO?$DO@ 0000000140019e7c     libvcruntime:undname.obj
 0002:00000e80       ??_C@_02FODMEDOG@?$DM?$DM@ 0000000140019e80     libvcruntime:undname.obj
 0002:00000e84       ??_C@_01DCLJPIOD@?$CB@     0000000140019e84     libvcruntime:undname.obj
 0002:00000e88       ??_C@_02EGOFBIJA@?$DN?$DN@ 0000000140019e88     libvcruntime:undname.obj
 0002:00000e8c       ??_C@_02FDNJECIE@?$CB?$DN@ 0000000140019e8c     libvcruntime:undname.obj
 0002:00000e90       ??_C@_02GPECMEKF@?$FL?$FN@ 0000000140019e90     libvcruntime:undname.obj
 0002:00000e98       ??_C@_08LHJFAFGD@operator@ 0000000140019e98     libvcruntime:undname.obj
 0002:00000ea4       ??_C@_02HBOOOICD@?9?$DO@   0000000140019ea4     libvcruntime:undname.obj
 0002:00000ea8       ??_C@_01NBENCBCI@?$CK@     0000000140019ea8     libvcruntime:undname.obj
 0002:00000eac       ??_C@_02ECNGHCIF@?$CL?$CL@ 0000000140019eac     libvcruntime:undname.obj
 0002:00000eb0       ??_C@_02BAABKJLB@?9?9@     0000000140019eb0     libvcruntime:undname.obj
 0002:00000eb4       ??_C@_01JOAMLHOP@?9@       0000000140019eb4     libvcruntime:undname.obj
 0002:00000eb8       ??_C@_01MIFGBAGJ@?$CL@     0000000140019eb8     libvcruntime:undname.obj
 0002:00000ebc       ??_C@_01HNPIGOCE@?$CG@     0000000140019ebc     libvcruntime:undname.obj
 0002:00000ec0       ??_C@_03MNHNFDLC@?9?$DO?$CK@ 0000000140019ec0     libvcruntime:undname.obj
 0002:00000ec4       ??_C@_01KMDKNFGN@?1@       0000000140019ec4     libvcruntime:undname.obj
 0002:00000ec8       ??_C@_01FGNFDNOH@?$CF@     0000000140019ec8     libvcruntime:undname.obj
 0002:00000ecc       ??_C@_01MNNFJEPP@?$DM@     0000000140019ecc     libvcruntime:undname.obj
 0002:00000ed0       ??_C@_02EHCHHCKH@?$DM?$DN@ 0000000140019ed0     libvcruntime:undname.obj
 0002:00000ed4       ??_C@_01PPODPGHN@?$DO@     0000000140019ed4     libvcruntime:undname.obj
 0002:00000ed8       ??_C@_02EEKDKGMJ@?$DO?$DN@ 0000000140019ed8     libvcruntime:undname.obj
 0002:00000edc       ??_C@_01IHBHIGKO@?0@       0000000140019edc     libvcruntime:undname.obj
 0002:00000ee0       ??_C@_02HCKGKOFO@?$CI?$CJ@ 0000000140019ee0     libvcruntime:undname.obj
 0002:00000ee4       ??_C@_01PJKLJHI@?$HO@      0000000140019ee4     libvcruntime:undname.obj
 0002:00000ee8       ??_C@_01JKBOJNNK@?$FO@     0000000140019ee8     libvcruntime:undname.obj
 0002:00000eec       ??_C@_01DNKMNLPK@?$HM@     0000000140019eec     libvcruntime:undname.obj
 0002:00000ef0       ??_C@_02PPKAJPJL@?$CG?$CG@ 0000000140019ef0     libvcruntime:undname.obj
 0002:00000ef4       ??_C@_02NONPIBCD@?$HM?$HM@ 0000000140019ef4     libvcruntime:undname.obj
 0002:00000ef8       ??_C@_02FPIMKNGF@?$CK?$DN@ 0000000140019ef8     libvcruntime:undname.obj
 0002:00000efc       ??_C@_02FOEOMHFC@?$CL?$DN@ 0000000140019efc     libvcruntime:undname.obj
 0002:00000f00       ??_C@_02FKMDLLOA@?9?$DN@   0000000140019f00     libvcruntime:undname.obj
 0002:00000f04       ??_C@_02FJEHGPIO@?1?$DN@   0000000140019f04     libvcruntime:undname.obj
 0002:00000f08       ??_C@_02FENAOKFI@?$CF?$DN@ 0000000140019f08     libvcruntime:undname.obj
 0002:00000f0c       ??_C@_03IKFCCPFF@?$DO?$DO?$DN@ 0000000140019f0c     libvcruntime:undname.obj
 0002:00000f10       ??_C@_03CDNPDDLA@?$DM?$DM?$DN@ 0000000140019f10     libvcruntime:undname.obj
 0002:00000f14       ??_C@_02FGJGFEAB@?$CG?$DN@ 0000000140019f14     libvcruntime:undname.obj
 0002:00000f18       ??_C@_02DHLNPPGH@?$HM?$DN@ 0000000140019f18     libvcruntime:undname.obj
 0002:00000f1c       ??_C@_02MHEGNOJ@?$FO?$DN@  0000000140019f1c     libvcruntime:undname.obj
 0002:00000f20       ??_C@_09IFPLHPGF@?$GAvftable?8@ 0000000140019f20     libvcruntime:undname.obj
 0002:00000f30       ??_C@_09BLBHBJP@?$GAvbtable?8@ 0000000140019f30     libvcruntime:undname.obj
 0002:00000f40       ??_C@_07FEEIOKP@?$GAvcall?8@ 0000000140019f40     libvcruntime:undname.obj
[...]
 0002:000098d4       $unwind$?destroy_ptd_array@@YAXQEAU__acrt_ptd@@@Z 00000001400228d4     libucrt:per_thread_data.obj
 0002:000098dc       $unwind$??$?RV<lambda_0ae27a3a962d80f24befdcbee591983d>@@AEAV<lambda_8d0ee55de4b1038c4002e0adecdf1839>@@V<lambda_dc504788e8f1664fe9b84e20bfb512f2>@@@?$__crt_seh_guarded_call@X@@QEAAX$$QEAV<lambda_0ae27a3a962d80f24befdcbee591983d>@@AEAV<lambda_8d0ee55de4b1038c4002e0adecdf1839>@@$$QEAV<lambda_dc504788e8f1664fe9b84e20bfb512f2>@@@Z 00000001400228dc     libucrt:per_thread_data.obj
 0002:00009900       $unwind$??$?RV<lambda_aa87e3671a710a21b5dc78c0bdf72e11>@@AEAV<lambda_92619d2358a28f41a33ba319515a20b9>@@V<lambda_6992ecaafeb10aed2b74cb1fae11a551>@@@?$__crt_seh_guarded_call@X@@QEAAX$$QEAV<lambda_aa87e3671a710a21b5dc78c0bdf72e11>@@AEAV<lambda_92619d2358a28f41a33ba319515a20b9>@@$$QEAV<lambda_6992ecaafeb10aed2b74cb1fae11a551>@@@Z 0000000140022900     libucrt:per_thread_data.obj
 0002:00009924       $unwind$??$?RV<lambda_f2e299630e499de9f9a165e60fcd3db5>@@AEAV<lambda_2ae9d31cdba2644fcbeaf08da7c24588>@@V<lambda_40d01ff24d0e7b3814fdbdcee8eab3c7>@@@?$__crt_seh_guarded_call@X@@QEAAX$$QEAV<lambda_f2e299630e499de9f9a165e60fcd3db5>@@AEAV<lambda_2ae9d31cdba2644fcbeaf08da7c24588>@@$$QEAV<lambda_40d01ff24d0e7b3814fdbdcee8eab3c7>@@@Z 0000000140022924     libucrt:per_thread_data.obj
 0002:00009948       $unwind$??$?RV<lambda_2d41944a1d46af3157314b8a01080d33>@@AEAV<lambda_8f455de75cd7d7f24b4096f044d8b9e6>@@V<lambda_aa500f224e6afead328df44964fe2772>@@@?$__crt_seh_guarded_call@X@@QEAAX$$QEAV<lambda_2d41944a1d46af3157314b8a01080d33>@@AEAV<lambda_8f455de75cd7d7f24b4096f044d8b9e6>@@$$QEAV<lambda_aa500f224e6afead328df44964fe2772>@@@Z 0000000140022948     libucrt:per_thread_data.obj
 0002:0000996c       $unwind$__acrt_fp_format   000000014002296c     libucrt:cvt.obj
 0002:0000997c       $unwind$?fp_format_a@@YAHQEBNPEAD_KQEAD2H_NIW4__acrt_rounding_mode@@AEAV__crt_cached_ptd_host@@@Z 000000014002297c     libucrt:cvt.obj
 0002:00009998       $unwind$?fp_format_f@@YAHQEBNQEAD_K12HW4__acrt_rounding_mode@@AEAV__crt_cached_ptd_host@@@Z 0000000140022998     libucrt:cvt.obj
 0002:00009998       $unwind$__acrt_CompareStringEx 0000000140022998     libucrt:winapi_thunks.obj
 0002:00009998       $unwind$__acrt_LCMapStringEx 0000000140022998     libucrt:winapi_thunks.obj
 0002:000099ac       $unwind$?fp_format_g@@YAHQEBNQEAD_K12H_NIW4__acrt_rounding_mode@@AEAV__crt_cached_ptd_host@@@Z 00000001400229ac     libucrt:cvt.obj
 0002:000099c4       $unwind$_wctomb_internal   00000001400229c4     libucrt:wctomb.obj
 0002:000099d8       $unwind$__acrt_initialize_lowio 00000001400229d8     libucrt:ioinit.obj
 0002:000099f8       $unwind$?initialize_inherited_file_handles_nolock@@YAXXZ 00000001400229f8     libucrt:ioinit.obj
 0002:00009a14       $unwind$??$common_expand_argv_wildcards@D@@YAHQEAPEADQEAPEAPEAD@Z 0000000140022a14     libucrt:argv_wildcards.obj
 0002:00009a2c       $unwind$__dcrt_get_narrow_environment_from_os 0000000140022a2c     libucrt:get_environment_from_os.obj
 0002:00009a2c       $unwind$??$__acrt_convert_wcs_mbs_cp@_WDV<lambda_d8593a27d1aa8c02be35c86a17d324c4>@@U__crt_win32_buffer_internal_dynamic_resizing@@@@YAHQEB_WAEAV?$__crt_win32_buffer@DU__crt_win32_buffer_internal_dynamic_resizing@@@@AEBV<lambda_d8593a27d1aa8c02be35c86a17d324c4>@@I@Z 0000000140022a2c     libucrt:argv_wildcards.obj
 0002:00009a44       $unwind$??$copy_and_add_argument_to_buffer@D@@YAHQEBD0_KAEAV?$argument_list@D@?A0x5f5c8891@@@Z 0000000140022a44     libucrt:argv_wildcards.obj
 0002:00009a60       $unwind$??$expand_argument_wildcards@D@@YAHQEAD0AEAV?$argument_list@D@?A0x5f5c8891@@@Z 0000000140022a60     libucrt:argv_wildcards.obj
 0002:00009a80       $unwind$__acrt_GetModuleFileNameA 0000000140022a80     libucrt:getmodulefilenamea.obj
 0002:00009a9c       $unwind$__dcrt_write_console 0000000140022a9c     libucrt:initcon.obj
 0002:00009a9c       $unwind$??$__acrt_convert_wcs_mbs_cp@_WDV<lambda_f788ae46380686e8b737efdd8c720d07>@@U__crt_win32_buffer_no_resizing@@@@YAHQEB_WAEAV?$__crt_win32_buffer@DU__crt_win32_buffer_no_resizing@@@@AEBV<lambda_f788ae46380686e8b737efdd8c720d07>@@I@Z 0000000140022a9c     libucrt:getmodulefilenamea.obj
 0002:00009ab0       $unwind$_setmbcp_nolock    0000000140022ab0     libucrt:mbctype.obj
 0002:00009ad0       $unwind$__dcrt_lowio_ensure_console_output_initialized 0000000140022ad0     libucrt:initcon.obj
 0002:00009ad0       $unwind$?__mbrtowc_utf8@__crt_mbstring@@YA_KPEA_WPEBD_KPEAU_Mbstatet@@AEAV__crt_cached_ptd_host@@@Z 0000000140022ad0     libucrt:mbrtowc.obj
 0002:00009ad0       $unwind$?getSystemCP@@YAHH@Z 0000000140022ad0     libucrt:mbctype.obj
 0002:00009ad8       $unwind$?update_thread_multibyte_data_internal@@YAPEAU__crt_multibyte_data@@QEAU__acrt_ptd@@QEAPEAU1@@Z 0000000140022ad8     libucrt:mbctype.obj
 0002:00009b00       $unwind$?setmbcp_internal@@YAHH_NQEAU__acrt_ptd@@QEAPEAU__crt_multibyte_data@@@Z 0000000140022b00     libucrt:mbctype.obj
 0002:00009b18       $unwind$?setSBUpLow@@YAXPEAU__crt_multibyte_data@@@Z 0000000140022b18     libucrt:mbctype.obj
 0002:00009b34       $unwind$??$?RV<lambda_efdfa57d1f175319df784efa44bb7b81>@@AEAV<lambda_5f0a4c1567f8adc6734073e5d1e1b35c>@@V<lambda_2e8a7d3640ea6ccb4c2413664c2db6fd>@@@?$__crt_seh_guarded_call@X@@QEAAX$$QEAV<lambda_efdfa57d1f175319df784efa44bb7b81>@@AEAV<lambda_5f0a4c1567f8adc6734073e5d1e1b35c>@@$$QEAV<lambda_2e8a7d3640ea6ccb4c2413664c2db6fd>@@@Z 0000000140022b34     libucrt:mbctype.obj
 0002:00009b58       $unwind$?x_ismbbtype_l@@YAHPEAU__crt_locale_pointers@@IHH@Z 0000000140022b58     libucrt:ismbbyte.obj
 0002:00009b58       $unwind$_strnicmp_l        0000000140022b58     libucrt:strnicmp.obj
 0002:00009b68       $unwind$__acrt_WideCharToMultiByte 0000000140022b68     libucrt:widechartomultibyte.obj
 0002:00009b74       $unwind$??$common_set_variable_in_environment_nolock@D@@YAHQEADH@Z 0000000140022b74     libucrt:setenv.obj
 0002:00009b8c       $unwind$??$copy_environment@D@@YAPEAPEADQEAPEAD@Z 0000000140022b8c     libucrt:setenv.obj
 0002:00009ba0       $unwind$__acrt_lowio_destroy_handle_array 0000000140022ba0     libucrt:osfinfo.obj
 0002:00009bb0       $unwind$__acrt_lowio_ensure_fh_exists 0000000140022bb0     libucrt:osfinfo.obj
 0002:00009bdc       $unwind$__acrt_locale_free_monetary 0000000140022bdc     libucrt:initmon.obj
 0002:00009be4       $unwind$__acrt_locale_free_time 0000000140022be4     libucrt:inittime.obj
 0002:00009bf4       $unwind$__acrt_GetStringTypeA 0000000140022bf4     libucrt:getstringtypea.obj
 0002:00009c1c       $unwind$__acrt_update_thread_locale_data 0000000140022c1c     libucrt:locale_refcounting.obj
 0002:00009c40       $unwind$__acrt_initialize_winapi_thunks 0000000140022c40     libucrt:winapi_thunks.obj
 0002:00009c40       $unwind$__acrt_fenv_get_control 0000000140022c40     libucrt:_fenvutils.obj
 0002:00009c48       $unwind$raise              0000000140022c48     libucrt:signal.obj
 0002:00009c84       $unwind$??$?RV<lambda_450d765d439847d4c735a33c368b5fc0>@@AEAV<lambda_44731a7d0e6d81c3e6aa82d741081786>@@V<lambda_601a2a7da3b7a96e9554ac7215c4b07c>@@@?$__crt_seh_guarded_call@P6AXH@Z@@QEAAP6AXH@Z$$QEAV<lambda_450d765d439847d4c735a33c368b5fc0>@@AEAV<lambda_44731a7d0e6d81c3e6aa82d741081786>@@$$QEAV<lambda_601a2a7da3b7a96e9554ac7215c4b07c>@@@Z 0000000140022c84     libucrt:signal.obj
 0002:00009ca8       $unwind$fclose             0000000140022ca8     libucrt:fclose.obj
 0002:00009ca8       $unwind$_fflush_nolock     0000000140022ca8     libucrt:fflush.obj
 0002:00009cb8       $unwind$?common_flush_all@@YAH_N@Z 0000000140022cb8     libucrt:fflush.obj
 0002:00009cc0       $unwind$??$?RV<lambda_842d9ff0dc9ef11c61343bbaebe7f885>@@AEAV<lambda_c5860995281e5c4ce005b3de8f5874ee>@@V<lambda_d90129c13df834fdcbf8d2b88dafcf2d>@@@?$__crt_seh_guarded_call@X@@QEAAX$$QEAV<lambda_842d9ff0dc9ef11c61343bbaebe7f885>@@AEAV<lambda_c5860995281e5c4ce005b3de8f5874ee>@@$$QEAV<lambda_d90129c13df834fdcbf8d2b88dafcf2d>@@@Z 0000000140022cc0     libucrt:fflush.obj
 0002:00009ce4       $unwind$??$?RV<lambda_886d6c58226a84441f68b9f2b8217b83>@@AEAV<lambda_ab61a845afdef5b7c387490eaf3616ee>@@V<lambda_f7f22ab5edc0698d5f6905b0d3f44752>@@@?$__crt_seh_guarded_call@X@@QEAAX$$QEAV<lambda_886d6c58226a84441f68b9f2b8217b83>@@AEAV<lambda_ab61a845afdef5b7c387490eaf3616ee>@@$$QEAV<lambda_f7f22ab5edc0698d5f6905b0d3f44752>@@@Z 0000000140022ce4     libucrt:fflush.obj
 0002:00009d0c       $unwind$__acrt_fp_strflt_to_string 0000000140022d0c     libucrt:_fptostr.obj
 0002:00009d28       $unwind$__acrt_fltout      0000000140022d28     libucrt:cfout.obj
 0002:00009d48       $unwind$?divide@__crt_strtox@@YA_KAEAUbig_integer@1@AEBU21@@Z 0000000140022d48     libucrt:cfout.obj
 0002:00009d60       $chain$0$?divide@__crt_strtox@@YA_KAEAUbig_integer@1@AEBU21@@Z 0000000140022d60     libucrt:cfout.obj
 0002:00009d74       $chain$1$?divide@__crt_strtox@@YA_KAEAUbig_integer@1@AEBU21@@Z 0000000140022d74     libucrt:cfout.obj
 0002:00009d84       $unwind$?__mbsrtowcs_utf8@__crt_mbstring@@YA_KPEA_WPEAPEBD_KPEAU_Mbstatet@@AEAV__crt_cached_ptd_host@@@Z 0000000140022d84     libucrt:mbrtowc.obj
 0002:00009d9c       $unwind$_fcloseall         0000000140022d9c     libucrt:closeall.obj
 0002:00009dc0       $unwind$qsort              0000000140022dc0     libucrt:qsort.obj
 0002:00009dd8       $chain$4$qsort             0000000140022dd8     libucrt:qsort.obj
 0002:00009dfc       $chain$5$qsort             0000000140022dfc     libucrt:qsort.obj
 0002:00009e0c       $unwind$strpbrk            0000000140022e0c     libucrt:strpbrk.obj
 0002:00009e1c       $unwind$fallbackMethod     0000000140022e1c     libucrt:strpbrk.obj
 0002:00009e2c       $unwind$_mbsdec_l          0000000140022e2c     libucrt:mbsdec.obj
 0002:00009e38       $unwind$__acrt_LCMapStringA 0000000140022e38     libucrt:lcmapstringa.obj
 0002:00009e48       $unwind$?__acrt_LCMapStringA_stat@@YAHPEAU__crt_locale_pointers@@PEB_WKPEBDHPEADHHH@Z 0000000140022e48     libucrt:lcmapstringa.obj
 0002:00009e70       $unwind$_strnicoll_l       0000000140022e70     libucrt:strnicol.obj
 0002:00009e84       $unwind$__acrt_SetEnvironmentVariableA 0000000140022e84     libucrt:setenvironmentvariablea.obj
 0002:00009ea0       $unwind$_commit            0000000140022ea0     libucrt:commit.obj
 0002:00009ea8       $unwind$??$?RV<lambda_a37b2b86f63e897a80ea819b0eb08c01>@@AEAV<lambda_38ce7e780aa69e748d6df282ebc68efe>@@V<lambda_99fb1378e971ab6e7edea83e3a7a83a2>@@@?$__crt_seh_guarded_call@H@@QEAAH$$QEAV<lambda_a37b2b86f63e897a80ea819b0eb08c01>@@AEAV<lambda_38ce7e780aa69e748d6df282ebc68efe>@@$$QEAV<lambda_99fb1378e971ab6e7edea83e3a7a83a2>@@@Z 0000000140022ea8     libucrt:commit.obj
 0002:00009ecc       $unwind$_write_nolock      0000000140022ecc     libucrt:write.obj
 0002:00009ee4       $unwind$_write_internal    0000000140022ee4     libucrt:write.obj
 0002:00009f14       $unwind$_write_internal$fin$0 0000000140022f14     libucrt:write.obj
 0002:00009f14       $unwind$?fin$0@?0??_fclose_internal@@YAHQEAU_iobuf@@AEAV__crt_cached_ptd_host@@@Z@4HA 0000000140022f14     libucrt:fclose.obj
 0002:00009f1c       $unwind$?write_double_translated_ansi_nolock@@YA?AUwrite_result@?A0x17268360@@HQEBDIAEAV__crt_cached_ptd_host@@@Z 0000000140022f1c     libucrt:write.obj
 0002:00009f48       $ip2state$?write_double_translated_ansi_nolock@@YA?AUwrite_result@?A0x17268360@@HQEBDIAEAV__crt_cached_ptd_host@@@Z 0000000140022f48     libucrt:write.obj
 0002:00009f50       $unwind$?write_text_ansi_nolock@@YA?AUwrite_result@?A0x17268360@@HQEBDI@Z 0000000140022f50     libucrt:write.obj
 0002:00009f50       $unwind$?write_text_utf16le_nolock@@YA?AUwrite_result@?A0x17268360@@HQEBDI@Z 0000000140022f50     libucrt:write.obj
 0002:00009f70       $unwind$?write_text_utf8_nolock@@YA?AUwrite_result@?A0x17268360@@HQEBDI@Z 0000000140022f70     libucrt:write.obj
 0002:00009f98       $xdatasym                  0000000140022f98     libucrt:log10.obj
 0002:00009fa4       $unwind$__acrt_fenv_set_control 0000000140022fa4     libucrt:_fenvutils.obj
 0002:00009fb4       $unwind$?__mbrtoc32_utf8@__crt_mbstring@@YA_KPEA_UPEBD_KPEAU_Mbstatet@@AEAV__crt_cached_ptd_host@@@Z 0000000140022fb4     libucrt:mbrtoc32.obj
 0002:00009fd0       $unwind$?_fclose_nolock_internal@@YAHQEAU_iobuf@@AEAV__crt_cached_ptd_host@@@Z 0000000140022fd0     libucrt:fclose.obj
 0002:00009fe0       $unwind$?_fclose_internal@@YAHQEAU_iobuf@@AEAV__crt_cached_ptd_host@@@Z 0000000140022fe0     libucrt:fclose.obj
 0002:0000a004       $unwind$__acrt_CompareStringA 0000000140023004     libucrt:comparestringa.obj
 0002:0000a014       $unwind$?InternalCompareStringA@@YAHPEAU__crt_locale_pointers@@PEB_WKPEBDH2HH@Z 0000000140023014     libucrt:comparestringa.obj
 0002:0000a038       $unwind$common_control87   0000000140023038     libucrt:ieee.obj
 0002:0000a064       $unwind$_call_matherr      0000000140023064     libucrt:libm_error.obj
 0002:0000a06c       $unwind$_handle_error      000000014002306c     libucrt:libm_error.obj
 0002:0000a08c       $unwind$__acrt_initialize_fma3 000000014002308c     libucrt:fma3_available.obj
 0002:0000a094       $unwind$_log_special_common 0000000140023094     libucrt:log_special.obj
 0002:0000a0a0       $unwind$_close_internal    00000001400230a0     libucrt:close.obj
 0002:0000a0a8       $unwind$??$?RV<lambda_ad8af0d99a0adf03d037d7dffe354bb5>@@AEAV<lambda_c9ba49e555ba839a7b07aa3fbecb7617>@@V<lambda_2f1ebd5d68526518146ae959c9e734c8>@@@?$__crt_seh_guarded_call@H@@QEAAH$$QEAV<lambda_ad8af0d99a0adf03d037d7dffe354bb5>@@AEAV<lambda_c9ba49e555ba839a7b07aa3fbecb7617>@@$$QEAV<lambda_2f1ebd5d68526518146ae959c9e734c8>@@@Z 00000001400230a8     libucrt:close.obj
 0002:0000a0d0       $xdatasym                  00000001400230d0     libucrt:fpsr.obj
 0002:0000a0d8       $unwind$_raise_exc_ex      00000001400230d8     libucrt:fpexcept.obj
 0002:0000a0ec       $unwind$_ctrlfp            00000001400230ec     libucrt:fpctrl.obj
 0002:0000a114       $unwind$_IsNonwritableInCurrentImage 0000000140023114     LIBCMT:pesect.obj
 0002:0000a138       $xdatasym                  0000000140023138     LIBCMT:chkstk.obj
 0002:0000a140       $xdatasym                  0000000140023140     libvcruntime:memcmp.obj
 0002:0000a144       $unwind$strrchr            0000000140023144     libvcruntime:strrchr.obj
 0002:0000a7a2       .idata$6                   00000001400237a2     kernel32:KERNEL32.dll
 0003:000000f0       ?__vcrt_flsindex@@3KA      00000001400240f0     libvcruntime:per_thread_data.obj
 0003:00000110       ?__acrt_flsindex@@3KA      0000000140024110     libucrt:per_thread_data.obj
 0003:0000028c       ?errno_no_memory@@3HA      000000014002428c     libucrt:errno.obj
 0003:00000290       ?doserrno_no_memory@@3KA   0000000140024290     libucrt:errno.obj
 0003:000005e0       _mbctypes                  00000001400245e0     libucrt:mbctype.obj
 0003:000006f0       _mbcasemaps                00000001400246f0     libucrt:mbctype.obj
 0003:000007f0       ?__rgctypeflag@@3PADA      00000001400247f0     libucrt:mbctype.obj
 0003:00000800       ?__rgcode_page_info@@3PAUcode_page_info@@A 0000000140024800     libucrt:mbctype.obj
 0003:00000aa0       ?dazSupported@?1??common_control87@@9@9 0000000140024aa0     libucrt:ieee.obj
 0003:00000ab0       ?__dcrt_lowio_console_output_handle@@3PEAXEA 0000000140024ab0     libucrt:initcon.obj
 0003:00000ac0       ?dazSupported@?1??_ctrlfp@@9@9 0000000140024ac0     libucrt:fpctrl.obj
 0003:00000c00       GS_ExceptionRecord         0000000140024c00     LIBCMT:gs_report.obj
 0003:00000ca0       GS_ContextRecord           0000000140024ca0     LIBCMT:gs_report.obj
 0003:00001180       ?is_initialized_as_dll@@3_NA 0000000140025180     LIBCMT:utility.obj
 0003:00001181       ?module_local_atexit_table_initialized@@3_NA 0000000140025181     LIBCMT:utility.obj
 0003:00001188       ?module_local_atexit_table@@3U_onexit_table_t@@A 0000000140025188     LIBCMT:utility.obj
 0003:000011a0       ?module_local_at_quick_exit_table@@3U_onexit_table_t@@A 00000001400251a0     LIBCMT:utility.obj
 0003:000011f0       ?__vcrt_startup_thread_ptd@@3U__vcrt_ptd@@A 00000001400251f0     libvcruntime:per_thread_data.obj
 0003:00001270       __vcrt_lock_table          0000000140025270     libvcruntime:locks.obj
 0003:00001298       __vcrt_locks_initialized   0000000140025298     libvcruntime:locks.obj
 0003:000012e0       ?heap@@3V_HeapManager@@A   00000001400252e0     libvcruntime:undname.obj
 0003:00001308       ?module_handles@@3PAPEAUHINSTANCE__@@A 0000000140025308     libvcruntime:winapi_downlevel.obj
 0003:00001320       ?function_pointers@@3PAPEAXA 0000000140025320     libvcruntime:winapi_downlevel.obj
 0003:00001350       ?__acrt_invalid_parameter_handler@@3V?$dual_state_global@P6AXPEB_W00I_K@Z@__crt_state_management@@A 0000000140025350     libucrt:invalid_parameter.obj
 0003:00001358       ?__acrt_new_handler@@3V?$dual_state_global@P6AH_K@Z@__crt_state_management@@A 0000000140025358     libucrt:new_handler.obj
 0003:00001360       ?__acrt_app_type@@3W4_crt_app_type@@A 0000000140025360     libucrt:report_runtime_error.obj
 0003:00001368       ?user_matherr@@3V?$dual_state_global@P6AHPEAU_exception@@@Z@__crt_state_management@@A 0000000140025368     libucrt:matherr.obj
 0003:00001370       ?program_name@?1???$common_configure_argv@D@@YAHW4_crt_argv_mode@@@Z@4PADA 0000000140025370     libucrt:argv_parsing.obj
 0003:00001498       ?c_termination_complete@@3JA 0000000140025498     libucrt:exit.obj
 0003:000014a0       ?thread_local_exit_callback_func@@3P6AXPEAXK0@ZEA 00000001400254a0     libucrt:exit.obj
 0003:000014e4       ?__acrt_global_new_mode@@3V?$dual_state_global@J@__crt_state_management@@A 00000001400254e4     libucrt:new_mode.obj
 0003:00001528       ?internal_state@?1??_mbtowc_internal@@9@4U_Mbstatet@@A 0000000140025528     libucrt:mbtowc.obj
 0003:00001540       ?enable_percent_n@@3_KA    0000000140025540     libucrt:printf_count_output.obj
 0003:00001970       ?__acrt_lock_table@@3PAU_RTL_CRITICAL_SECTION@@A 0000000140025970     libucrt:locks.obj
 0003:00001ba0       ?__acrt_locks_initialized@@3IA 0000000140025ba0     libucrt:locks.obj
 0003:00001bc0       ?fSystemSet@@3HA           0000000140025bc0     libucrt:mbctype.obj
 0003:00001bc4       ?initialized@?1??__acrt_initialize_multibyte@@9@4_NA 0000000140025bc4     libucrt:mbctype.obj
 0003:00001bd0       ?module_handles@@3PAPEAUHINSTANCE__@@A 0000000140025bd0     libucrt:winapi_thunks.obj
 0003:00001c70       ?encoded_function_pointers@@3PAPEAXA 0000000140025c70     libucrt:winapi_thunks.obj
 0003:00001d70       ?ctrlc_action@@3V?$dual_state_global@P6AXH@Z@__crt_state_management@@A 0000000140025d70     libucrt:signal.obj
 0003:00001d78       ?ctrlbreak_action@@3V?$dual_state_global@P6AXH@Z@__crt_state_management@@A 0000000140025d78     libucrt:signal.obj
 0003:00001d80       ?abort_action@@3V?$dual_state_global@P6AXH@Z@__crt_state_management@@A 0000000140025d80     libucrt:signal.obj
 0003:00001d88       ?term_action@@3V?$dual_state_global@P6AXH@Z@__crt_state_management@@A 0000000140025d88     libucrt:signal.obj
 0003:00001d90       ?internal_pst@?1??__mbrtoc32_utf8@__crt_mbstring@@YA_KPEA_UPEBD_KPEAU_Mbstatet@@AEAV__crt_cached_ptd_host@@@Z@4U3@A 0000000140025d90     libucrt:mbrtoc32.obj
 0005:00000000       MoveSmall                  0000000140028000     libvcruntime:memcpy.obj
 0005:00000040       MoveSmallYmm               0000000140028040     libvcruntime:memcpy.obj
 0005:00000064       MoveSmallYmmNT             0000000140028064     libvcruntime:memcpy.obj
 0005:00000088       MoveSmallXmm               0000000140028088     libvcruntime:memcpy.obj
 0005:000000b0       SetSmall                   00000001400280b0     libvcruntime:memset.obj
 0005:000000f0       SetSmallYmm                00000001400280f0     libvcruntime:memset.obj
 0005:00000114       SetSmallYmmNT              0000000140028114     libvcruntime:memset.obj
 0005:00000138       SetSmallXmm                0000000140028138     libvcruntime:memset.obj
