 8086_mov_decoder

 Timestamp is 64de64a1 (Thu Aug 17 20:19:13 2023)

 Preferred load address is 0000000140000000

 Start         Length     Name                   Class
 0001:00000000 00000160H .text$di                CODE
 0001:00000160 00010a50H .text$mn                CODE
 0001:00010bb0 00000040H .text$mn$00             CODE
 0001:00010bf0 00000440H .text$x                 CODE
 0001:00011030 00000057H .text$yd                CODE
 0002:00000000 00000278H .idata$5                DATA
 0002:00000278 00000038H .00cfg                  DATA
 0002:000002b0 00000008H .CRT$XCA                DATA
 0002:000002b8 00000008H .CRT$XCAA               DATA
 0002:000002c0 00000010H .CRT$XCU                DATA
 0002:000002d0 00000008H .CRT$XCZ                DATA
 0002:000002d8 00000008H .CRT$XIA                DATA
 0002:000002e0 00000008H .CRT$XIAA               DATA
 0002:000002e8 00000008H .CRT$XIAC               DATA
 0002:000002f0 00000020H .CRT$XIC                DATA
 0002:00000310 00000008H .CRT$XIZ                DATA
 0002:00000318 00000008H .CRT$XPA                DATA
 0002:00000320 00000010H .CRT$XPX                DATA
 0002:00000330 00000008H .CRT$XPXA               DATA
 0002:00000338 00000008H .CRT$XPZ                DATA
 0002:00000340 00000008H .CRT$XTA                DATA
 0002:00000348 00000008H .CRT$XTZ                DATA
 0002:00000350 00000000H .gehcont$y              DATA
 0002:00000350 00000000H .gfids$y                DATA
 0002:00000350 00007830H .rdata                  DATA
 0002:00007b80 00000000H .rdata$CastGuardVftablesA DATA
 0002:00007b80 00000000H .rdata$CastGuardVftablesC DATA
 0002:00007b80 0000037cH .rdata$r                DATA
 0002:00007efc 00000108H .rdata$voltmd           DATA
 0002:00008004 000003a4H .rdata$zzzdbg           DATA
 0002:000083a8 00000008H .rtc$IAA                DATA
 0002:000083b0 00000008H .rtc$IZZ                DATA
 0002:000083b8 00000008H .rtc$TAA                DATA
 0002:000083c0 00000008H .rtc$TZZ                DATA
 0002:000083c8 00000ed8H .xdata                  DATA
 0002:000092a0 000001dcH .xdata$x                DATA
 0002:0000947c 00000000H .edata                  DATA
 0002:0000947c 00000014H .idata$2                DATA
 0002:00009490 00000018H .idata$3                DATA
 0002:000094a8 00000278H .idata$4                DATA
 0002:00009720 0000059aH .idata$6                DATA
 0003:00000000 00000a10H .data                   DATA
 0003:00000a10 000000f8H .data$r                 DATA
 0003:00000b08 00000028H .data$rs                DATA
 0003:00000b30 000013b4H .bss                    DATA
 0004:00000000 000013ecH .pdata                  DATA
 0005:00000000 0000015cH _RDATA                  DATA

  Address         Publics by Value              Rva+Base               Lib:Object

 0000:00000000       __AbsoluteZero             0000000000000000     <absolute>
 0000:00000000       ___safe_se_handler_count   0000000000000000     <absolute>
 0000:00000000       ___safe_se_handler_table   0000000000000000     <absolute>
 0000:00000000       __arm64x_extra_rfe_table   0000000000000000     <absolute>
 0000:00000000       __arm64x_extra_rfe_table_size 0000000000000000     <absolute>
 0000:00000000       __arm64x_native_entrypoint 0000000000000000     <absolute>
 0000:00000000       __arm64x_redirection_metadata 0000000000000000     <absolute>
 0000:00000000       __arm64x_redirection_metadata_count 0000000000000000     <absolute>
 0000:00000000       __dynamic_value_reloc_table 0000000000000000     <absolute>
 0000:00000000       __enclave_config           0000000000000000     <absolute>
 0000:00000000       __guard_check_icall_a64n_fptr 0000000000000000     <absolute>
 0000:00000000       __guard_eh_cont_count      0000000000000000     <absolute>
 0000:00000000       __guard_eh_cont_table      0000000000000000     <absolute>
 0000:00000000       __guard_fids_count         0000000000000000     <absolute>
 0000:00000000       __guard_fids_table         0000000000000000     <absolute>
 0000:00000000       __guard_iat_count          0000000000000000     <absolute>
 0000:00000000       __guard_iat_table          0000000000000000     <absolute>
 0000:00000000       __guard_longjmp_count      0000000000000000     <absolute>
 0000:00000000       __guard_longjmp_table      0000000000000000     <absolute>
 0000:00000000       __hybrid_auxiliary_delayload_iat 0000000000000000     <absolute>
 0000:00000000       __hybrid_auxiliary_delayload_iat_copy 0000000000000000     <absolute>
 0000:00000000       __hybrid_auxiliary_iat     0000000000000000     <absolute>
 0000:00000000       __hybrid_auxiliary_iat_copy 0000000000000000     <absolute>
 0000:00000000       __hybrid_code_map          0000000000000000     <absolute>
 0000:00000000       __hybrid_code_map_count    0000000000000000     <absolute>
 0000:00000000       __hybrid_image_info_bitfield 0000000000000000     <absolute>
 0000:00000000       __x64_code_ranges_to_entry_points 0000000000000000     <absolute>
 0000:00000000       __x64_code_ranges_to_entry_points_count 0000000000000000     <absolute>
 0000:00000100       __guard_flags              0000000000000100     <absolute>
 0000:00000000       __ImageBase                0000000140000000     <linker-defined>
 0001:000008a0       main                       00000001400018a0 f   8086_mov_decoder.obj
 0001:00000930       ??$?0$$V@?$_Compressed_pair@V?$allocator@D@std@@V?$_String_val@U?$_Simple_types@D@std@@@2@$00@std@@QEAA@U_Zero_then_variadic_args_t@1@@Z 0000000140001930 f i 8086_mov_decoder.obj
 0001:00000960       ??$?0V?$allocator@D@std@@$$V@?$_Compressed_pair@V?$allocator@D@std@@V?$_String_val@U?$_Simple_types@D@std@@@2@$00@std@@QEAA@U_One_then_variadic_args_t@1@$$QEAV?$allocator@D@1@@Z 0000000140001960 f i 8086_mov_decoder.obj
 0001:000009a0       ??$?HDU?$char_traits@D@std@@V?$allocator@D@1@@std@@YA?AV?$basic_string@DU?$char_traits@D@std@@V?$allocator@D@2@@0@$$QEAV10@AEBV10@@Z 00000001400019a0 f i 8086_mov_decoder.obj
 0001:000009f0       ??$?HDU?$char_traits@D@std@@V?$allocator@D@1@@std@@YA?AV?$basic_string@DU?$char_traits@D@std@@V?$allocator@D@2@@0@AEBV10@QEBD@Z 00000001400019f0 f i 8086_mov_decoder.obj
 0001:00000ab0       ??$_Allocate@$0BA@U_Default_allocate_traits@std@@$0A@@std@@YAPEAX_K@Z 0000000140001ab0 f i 8086_mov_decoder.obj
 0001:00000af0       ??$_Allocate_manually_vector_aligned@U_Default_allocate_traits@std@@@std@@YAPEAX_K@Z 0000000140001af0 f i 8086_mov_decoder.obj
 0001:00000b80       ??$_Construct@$00PEBD@?$basic_string@DU?$char_traits@D@std@@V?$allocator@D@2@@std@@AEAAXQEBD_K@Z 0000000140001b80 f i 8086_mov_decoder.obj
 0001:00000d50       ??$_Construct_in_place@PEADAEAPEAD@std@@YAXAEAPEAD0@Z 0000000140001d50 f i 8086_mov_decoder.obj
 0001:00000d50       ??$_Construct_in_place@PEADAEBQEAD@std@@YAXAEAPEADAEBQEAD@Z 0000000140001d50 f i 8086_mov_decoder.obj
 0001:00000da0       ??$_Convert_size@_K_K@std@@YA_K_K@Z 0000000140001da0 f i 8086_mov_decoder.obj
 0001:00000da0       ??$_Unfancy@D@std@@YAPEADPEAD@Z 0000000140001da0 f i 8086_mov_decoder.obj
 0001:00000da0       ??$addressof@$$CBV?$_String_val@U?$_Simple_types@D@std@@@std@@@std@@YAPEBV?$_String_val@U?$_Simple_types@D@std@@@0@AEBV10@@Z 0000000140001da0 f i 8086_mov_decoder.obj
 0001:00000da0       ??$addressof@$$CBV?$basic_string@DU?$char_traits@D@std@@V?$allocator@D@2@@std@@@std@@YAPEBV?$basic_string@DU?$char_traits@D@std@@V?$allocator@D@2@@0@AEBV10@@Z 0000000140001da0 f i 8086_mov_decoder.obj
 0001:00000da0       ??$addressof@PEAD@std@@YAPEAPEADAEAPEAD@Z 0000000140001da0 f i 8086_mov_decoder.obj
 0001:00000da0       ??$addressof@V?$_String_val@U?$_Simple_types@D@std@@@std@@@std@@YAPEAV?$_String_val@U?$_Simple_types@D@std@@@0@AEAV10@@Z 0000000140001da0 f i 8086_mov_decoder.obj
 0001:00000da0       ??$forward@AEAPEAD@std@@YAAEAPEADAEAPEAD@Z 0000000140001da0 f i 8086_mov_decoder.obj
 0001:00000da0       ??$forward@AEBQEAD@std@@YAAEBQEADAEBQEAD@Z 0000000140001da0 f i 8086_mov_decoder.obj
 0001:00000da0       ??$forward@V?$allocator@D@std@@@std@@YA$$QEAV?$allocator@D@0@AEAV10@@Z 0000000140001da0 f i 8086_mov_decoder.obj
 0001:00000da0       ??$move@AEAV?$allocator@D@std@@@std@@YA$$QEAV?$allocator@D@0@AEAV10@@Z 0000000140001da0 f i 8086_mov_decoder.obj
 0001:00000da0       ??$move@AEAV?$basic_string@DU?$char_traits@D@std@@V?$allocator@D@2@@std@@@std@@YA$$QEAV?$basic_string@DU?$char_traits@D@std@@V?$allocator@D@2@@0@AEAV10@@Z 0000000140001da0 f i 8086_mov_decoder.obj
 0001:00000da0       ??0?$allocator@D@std@@QEAA@XZ 0000000140001da0 f i 8086_mov_decoder.obj
 0001:00000da0       ?_Get_first@?$_Compressed_pair@V?$allocator@D@std@@V?$_String_val@U?$_Simple_types@D@std@@@2@$00@std@@QEAAAEAV?$allocator@D@2@XZ 0000000140001da0 f i 8086_mov_decoder.obj
 0001:00000da0       ?_Get_first@?$_Compressed_pair@V?$allocator@D@std@@V?$_String_val@U?$_Simple_types@D@std@@@2@$00@std@@QEBAAEBV?$allocator@D@2@XZ 0000000140001da0 f i 8086_mov_decoder.obj
 0001:00000db0       ??$_Deallocate@$0BA@$0A@@std@@YAXPEAX_K@Z 0000000140001db0 f i 8086_mov_decoder.obj
 0001:00000df0       ??$_Destroy_in_place@PEAD@std@@YAXAEAPEAD@Z 0000000140001df0 f i 8086_mov_decoder.obj
 0001:00000df0       ??1_Bxty@?$_String_val@U?$_Simple_types@D@std@@@std@@QEAA@XZ 0000000140001df0 f i 8086_mov_decoder.obj
 0001:00000df0       ?_Activate_SSO_buffer@?$_String_val@U?$_Simple_types@D@std@@@std@@QEAAXXZ 0000000140001df0 f i 8086_mov_decoder.obj
 0001:00000df0       ?_Orphan_all@_Container_base0@std@@QEAAXXZ 0000000140001df0 f i 8086_mov_decoder.obj
 0001:00000df0       ?_Release@_Fake_proxy_ptr_impl@std@@QEAAXXZ 0000000140001df0 f i 8086_mov_decoder.obj
 0001:00000e00       ??$_Get_size_of_n@$00@std@@YA_K_K@Z 0000000140001e00 f i 8086_mov_decoder.obj
 0001:00000e20       ??$_Pocca@V?$allocator@D@std@@@std@@YAXAEAV?$allocator@D@0@AEBV10@@Z 0000000140001e20 f i 8086_mov_decoder.obj
 0001:00000e20       ?_Alloc_proxy@_Container_base0@std@@QEAAXAEBU_Fake_allocator@2@@Z 0000000140001e20 f i 8086_mov_decoder.obj
 0001:00000e20       ?_Start_element_lifetimes@?$basic_string@DU?$char_traits@D@std@@V?$allocator@D@2@@std@@CAXQEAD_K@Z 0000000140001e20 f i 8086_mov_decoder.obj
 0001:00000e20       ?_Swap_proxy_and_iterators@_Container_base0@std@@QEAAXAEAU12@@Z 0000000140001e20 f i 8086_mov_decoder.obj
 0001:00000e30       ??$_Reallocate_for@V<lambda_66f57f934f28d61049862f64df852ff0>@@PEBD@?$basic_string@DU?$char_traits@D@std@@V?$allocator@D@2@@std@@AEAAAEAV01@_KV<lambda_66f57f934f28d61049862f64df852ff0>@@PEBD@Z 0000000140001e30 f i 8086_mov_decoder.obj
 0001:00000f70       ??$_Reallocate_grow_by@V<lambda_65e615be2a453ca0576c979606f46740>@@PEBD_K@?$basic_string@DU?$char_traits@D@std@@V?$allocator@D@2@@std@@AEAAAEAV01@_KV<lambda_65e615be2a453ca0576c979606f46740>@@PEBD_K@Z 0000000140001f70 f i 8086_mov_decoder.obj
 0001:00001170       ??$max@_K@std@@YAAEB_KAEB_K0@Z 0000000140002170 f i 8086_mov_decoder.obj
 0001:000011c0       ??$min@_K@std@@YAAEB_KAEB_K0@Z 00000001400021c0 f i 8086_mov_decoder.obj
 0001:00001210       ??0?$_String_val@U?$_Simple_types@D@std@@@std@@QEAA@XZ 0000000140002210 f i 8086_mov_decoder.obj
 0001:00001250       ??0?$basic_string@DU?$char_traits@D@std@@V?$allocator@D@2@@std@@QEAA@$$QEAV01@@Z 0000000140002250 f i 8086_mov_decoder.obj
 0001:000012b0       ??0?$basic_string@DU?$char_traits@D@std@@V?$allocator@D@2@@std@@QEAA@QEBD@Z 00000001400022b0 f i 8086_mov_decoder.obj
 0001:00001300       ??0?$basic_string@DU?$char_traits@D@std@@V?$allocator@D@2@@std@@QEAA@U_String_constructor_concat_tag@1@AEBV01@QEBD_K23@Z 0000000140002300 f i 8086_mov_decoder.obj
 0001:000014d0       ??0?$basic_string@DU?$char_traits@D@std@@V?$allocator@D@2@@std@@QEAA@XZ 00000001400024d0 f i 8086_mov_decoder.obj
 0001:00001520       ??0_Bxty@?$_String_val@U?$_Simple_types@D@std@@@std@@QEAA@XZ 0000000140002520 f i 8086_mov_decoder.obj
 0001:00001540       ??0_Fake_proxy_ptr_impl@std@@QEAA@AEBU_Fake_allocator@1@AEBU_Container_base0@1@@Z 0000000140002540 f i 8086_mov_decoder.obj
 0001:00001560       ??0bad_alloc@std@@AEAA@QEBD@Z 0000000140002560 f i 8086_mov_decoder.obj
 0001:000015a0       ??0bad_alloc@std@@QEAA@AEBV01@@Z 00000001400025a0 f i 8086_mov_decoder.obj
 0001:000015e0       ??0bad_array_new_length@std@@QEAA@AEBV01@@Z 00000001400025e0 f i 8086_mov_decoder.obj
 0001:00001620       ??0bad_array_new_length@std@@QEAA@XZ 0000000140002620 f i 8086_mov_decoder.obj
 0001:00001660       ??0exception@std@@QEAA@AEBV01@@Z 0000000140002660 f i 8086_mov_decoder.obj
 0001:000016c0       ??0exception@std@@QEAA@QEBDH@Z 00000001400026c0 f i 8086_mov_decoder.obj
 0001:00001710       ??1?$_Compressed_pair@V?$allocator@D@std@@V?$_String_val@U?$_Simple_types@D@std@@@2@$00@std@@QEAA@XZ 0000000140002710 f i 8086_mov_decoder.obj
 0001:00001730       ??1?$_String_val@U?$_Simple_types@D@std@@@std@@QEAA@XZ 0000000140002730 f i 8086_mov_decoder.obj
 0001:00001750       ??1?$basic_string@DU?$char_traits@D@std@@V?$allocator@D@2@@std@@QEAA@XZ 0000000140002750 f i 8086_mov_decoder.obj
 0001:00001780       ??1bad_alloc@std@@UEAA@XZ  0000000140002780 f i 8086_mov_decoder.obj
 0001:000017a0       ??1bad_array_new_length@std@@UEAA@XZ 00000001400027a0 f i 8086_mov_decoder.obj
 0001:000017c0       ??1exception@std@@UEAA@XZ  00000001400027c0 f i 8086_mov_decoder.obj
 0001:000017f0       ??2@YAPEAX_KPEAX@Z         00000001400027f0 f i 8086_mov_decoder.obj
 0001:00001800       ??4?$basic_string@DU?$char_traits@D@std@@V?$allocator@D@2@@std@@QEAAAEAV01@AEBV01@@Z 0000000140002800 f i 8086_mov_decoder.obj
 0001:00001880       ??R<lambda_65e615be2a453ca0576c979606f46740>@@QEBA@QEADQEBD_K12@Z 0000000140002880 f i 8086_mov_decoder.obj
 0001:00001900       ??R<lambda_66f57f934f28d61049862f64df852ff0>@@QEBA@QEAD_KQEBD@Z 0000000140002900 f i 8086_mov_decoder.obj
 0001:00001960       ??Y?$basic_string@DU?$char_traits@D@std@@V?$allocator@D@2@@std@@QEAAAEAV01@AEBV01@@Z 0000000140002960 f i 8086_mov_decoder.obj
 0001:00001990       ??Y?$basic_string@DU?$char_traits@D@std@@V?$allocator@D@2@@std@@QEAAAEAV01@QEBD@Z 0000000140002990 f i 8086_mov_decoder.obj
 0001:000019c0       ??_Ebad_alloc@std@@UEAAPEAXI@Z 00000001400029c0 f i 8086_mov_decoder.obj
 0001:000019c0       ??_Gbad_alloc@std@@UEAAPEAXI@Z 00000001400029c0 f i 8086_mov_decoder.obj
 0001:00001a00       ??_Ebad_array_new_length@std@@UEAAPEAXI@Z 0000000140002a00 f i 8086_mov_decoder.obj
 0001:00001a00       ??_Gbad_array_new_length@std@@UEAAPEAXI@Z 0000000140002a00 f i 8086_mov_decoder.obj
 0001:00001a40       ??_Eexception@std@@UEAAPEAXI@Z 0000000140002a40 f i 8086_mov_decoder.obj
 0001:00001a40       ??_Gexception@std@@UEAAPEAXI@Z 0000000140002a40 f i 8086_mov_decoder.obj
 0001:00001a80       ??_I@YAXPEAX_K1P6AX0@Z@Z   0000000140002a80 f i 8086_mov_decoder.obj
 0001:00001b00       ?SafeTruncateUInt64@@YAI_K@Z 0000000140002b00 f i 8086_mov_decoder.obj
 0001:00001b30       ?_Adjust_manually_vector_aligned@std@@YAXAEAPEAXAEA_K@Z 0000000140002b30 f i 8086_mov_decoder.obj
 0001:00001bd0       ?_Allocate@_Default_allocate_traits@std@@SAPEAX_K@Z 0000000140002bd0 f i 8086_mov_decoder.obj
 0001:00001bf0       ?_Calculate_growth@?$basic_string@DU?$char_traits@D@std@@V?$allocator@D@2@@std@@AEBA_K_K@Z 0000000140002bf0 f i 8086_mov_decoder.obj
 0001:00001c30       ?_Calculate_growth@?$basic_string@DU?$char_traits@D@std@@V?$allocator@D@2@@std@@CA_K_K00@Z 0000000140002c30 f i 8086_mov_decoder.obj
 0001:00001cd0       ?_Getal@?$basic_string@DU?$char_traits@D@std@@V?$allocator@D@2@@std@@AEAAAEAV?$allocator@D@2@XZ 0000000140002cd0 f i 8086_mov_decoder.obj
 0001:00001cd0       ?_Getal@?$basic_string@DU?$char_traits@D@std@@V?$allocator@D@2@@std@@AEBAAEBV?$allocator@D@2@XZ 0000000140002cd0 f i 8086_mov_decoder.obj
 0001:00001cf0       ?_Large_string_engaged@?$_String_val@U?$_Simple_types@D@std@@@std@@QEBA_NXZ 0000000140002cf0 f i 8086_mov_decoder.obj
 0001:00001d20       ?_Memcpy_val_from@?$basic_string@DU?$char_traits@D@std@@V?$allocator@D@2@@std@@AEAAXAEBV12@@Z 0000000140002d20 f i 8086_mov_decoder.obj
 0001:00001d70       ?_Myptr@?$_String_val@U?$_Simple_types@D@std@@@std@@QEAAPEADXZ 0000000140002d70 f i 8086_mov_decoder.obj
 0001:00001d70       ?_Myptr@?$_String_val@U?$_Simple_types@D@std@@@std@@QEBAPEBDXZ 0000000140002d70 f i 8086_mov_decoder.obj
 0001:00001db0       ?_Swap_proxy_and_iterators@?$basic_string@DU?$char_traits@D@std@@V?$allocator@D@2@@std@@AEAAXAEAV12@@Z 0000000140002db0 f i 8086_mov_decoder.obj
 0001:00001de0       ?_Take_contents@?$basic_string@DU?$char_traits@D@std@@V?$allocator@D@2@@std@@AEAAXAEAV12@@Z 0000000140002de0 f i 8086_mov_decoder.obj
 0001:00001ee0       ?_Throw_bad_array_new_length@std@@YAXXZ 0000000140002ee0 f i 8086_mov_decoder.obj
 0001:00001f10       ?_Tidy_deallocate@?$basic_string@DU?$char_traits@D@std@@V?$allocator@D@2@@std@@AEAAXXZ 0000000140002f10 f i 8086_mov_decoder.obj
 0001:00001fe0       ?_Tidy_init@?$basic_string@DU?$char_traits@D@std@@V?$allocator@D@2@@std@@AEAAXXZ 0000000140002fe0 f i 8086_mov_decoder.obj
 0001:00002050       ?_Xlen_string@std@@YAXXZ   0000000140003050 f i 8086_mov_decoder.obj
 0001:00002070       ?allocate@?$allocator@D@std@@QEAAPEAD_K@Z 0000000140003070 f i 8086_mov_decoder.obj
 0001:000020a0       ?append@?$basic_string@DU?$char_traits@D@std@@V?$allocator@D@2@@std@@QEAAAEAV12@AEBV12@@Z 00000001400030a0 f i 8086_mov_decoder.obj
 0001:000020e0       ?append@?$basic_string@DU?$char_traits@D@std@@V?$allocator@D@2@@std@@QEAAAEAV12@QEBD@Z 00000001400030e0 f i 8086_mov_decoder.obj
 0001:00002120       ?append@?$basic_string@DU?$char_traits@D@std@@V?$allocator@D@2@@std@@QEAAAEAV12@QEBD_K@Z 0000000140003120 f i 8086_mov_decoder.obj
 0001:00002220       ?assign@?$_Narrow_char_traits@DH@std@@SAXAEADAEBD@Z 0000000140003220 f i 8086_mov_decoder.obj
 0001:00002240       ?assign@?$basic_string@DU?$char_traits@D@std@@V?$allocator@D@2@@std@@QEAAAEAV12@QEBD_K@Z 0000000140003240 f i 8086_mov_decoder.obj
 0001:00002300       ?c_str@?$basic_string@DU?$char_traits@D@std@@V?$allocator@D@2@@std@@QEBAPEBDXZ 0000000140003300 f i 8086_mov_decoder.obj
 0001:00002320       ?copy@?$_Char_traits@DH@std@@SAPEADQEADQEBD_K@Z 0000000140003320 f i 8086_mov_decoder.obj
 0001:00002350       ?deallocate@?$allocator@D@std@@QEAAXQEAD_K@Z 0000000140003350 f i 8086_mov_decoder.obj
 0001:00002380       ?length@?$_Narrow_char_traits@DH@std@@SA_KQEBD@Z 0000000140003380 f i 8086_mov_decoder.obj
 0001:000023c0       ?max@?$numeric_limits@_J@std@@SA_JXZ 00000001400033c0 f i 8086_mov_decoder.obj
 0001:000023d0       ?max_size@?$_Default_allocator_traits@V?$allocator@D@std@@@std@@SA_KAEBV?$allocator@D@2@@Z 00000001400033d0 f i 8086_mov_decoder.obj
 0001:000023e0       ?max_size@?$basic_string@DU?$char_traits@D@std@@V?$allocator@D@2@@std@@QEBA_KXZ 00000001400033e0 f i 8086_mov_decoder.obj
 0001:00002450       ?move@?$_Char_traits@DH@std@@SAPEADQEADQEBD_K@Z 0000000140003450 f i 8086_mov_decoder.obj
 0001:00002490       ?select_on_container_copy_construction@?$_Default_allocator_traits@V?$allocator@D@std@@@std@@SA?AV?$allocator@D@2@AEBV32@@Z 0000000140003490 f i 8086_mov_decoder.obj
 0001:000024a0       ?size@?$basic_string@DU?$char_traits@D@std@@V?$allocator@D@2@@std@@QEBA_KXZ 00000001400034a0 f i 8086_mov_decoder.obj
 0001:000024b0       ?what@exception@std@@UEBAPEBDXZ 00000001400034b0 f i 8086_mov_decoder.obj
 0001:000024e8       ??0bad_alloc@std@@QEAA@XZ  00000001400034e8 f i libcpmt:xthrow.obj
 0001:00002508       ??0length_error@std@@QEAA@AEBV01@@Z 0000000140003508 f i libcpmt:xthrow.obj
 0001:00002544       ??0length_error@std@@QEAA@PEBD@Z 0000000140003544 f i libcpmt:xthrow.obj
 0001:0000258c       ??0logic_error@std@@QEAA@AEBV01@@Z 000000014000358c f i libcpmt:xthrow.obj
 0001:000025c8       ??1bad_exception@std@@UEAA@XZ 00000001400035c8 f i libvcruntime:frame.obj
 0001:000025c8       ??1length_error@std@@UEAA@XZ 00000001400035c8 f i libcpmt:xthrow.obj
 0001:000025dc       ??_Ebad_exception@std@@UEAAPEAXI@Z 00000001400035dc f i libvcruntime:frame.obj
 0001:000025dc       ??_Elength_error@std@@UEAAPEAXI@Z 00000001400035dc f i libcpmt:xthrow.obj
 0001:000025dc       ??_Elogic_error@std@@UEAAPEAXI@Z 00000001400035dc f i libcpmt:xthrow.obj
 0001:000025dc       ??_Gbad_exception@std@@UEAAPEAXI@Z 00000001400035dc f i libvcruntime:frame.obj
 0001:000025dc       ??_Glength_error@std@@UEAAPEAXI@Z 00000001400035dc f i libcpmt:xthrow.obj
 0001:000025dc       ??_Glogic_error@std@@UEAAPEAXI@Z 00000001400035dc f i libcpmt:xthrow.obj
 0001:00002620       ?_Xlength_error@std@@YAXPEBD@Z 0000000140003620 f   libcpmt:xthrow.obj
 0001:00002644       ??2@YAPEAX_K@Z             0000000140003644 f   LIBCMT:new_scalar.obj
 0001:00002680       ??3@YAXPEAX_K@Z            0000000140003680 f   LIBCMT:delete_scalar_size.obj
 0001:00002688       __scrt_acquire_startup_lock 0000000140003688 f   LIBCMT:utility.obj
 0001:000026c4       __scrt_initialize_crt      00000001400036c4 f   LIBCMT:utility.obj
 0001:00002710       __scrt_initialize_onexit_tables 0000000140003710 f   LIBCMT:utility.obj
 0001:0000279c       __scrt_is_nonwritable_in_current_image 000000014000379c f   LIBCMT:utility.obj
 0001:00002834       __scrt_release_startup_lock 0000000140003834 f   LIBCMT:utility.obj
 0001:00002858       __scrt_uninitialize_crt    0000000140003858 f   LIBCMT:utility.obj
 0001:00002884       _onexit                    0000000140003884 f   LIBCMT:utility.obj
 0001:000028c0       atexit                     00000001400038c0 f   LIBCMT:utility.obj
 0001:000028d8       __GSHandlerCheck           00000001400038d8 f   LIBCMT:gshandler.obj
 0001:000028f8       __GSHandlerCheckCommon     00000001400038f8 f   LIBCMT:gshandler.obj
 0001:00002970       __security_check_cookie    0000000140003970 f   LIBCMT:amdsecgs.obj
 0001:00002990       ??_Etype_info@@UEAAPEAXI@Z 0000000140003990 f i LIBCMT:std_type_info_static.obj
 0001:00002990       ??_Gtype_info@@UEAAPEAXI@Z 0000000140003990 f i LIBCMT:std_type_info_static.obj
 0001:00002c1c       mainCRTStartup             0000000140003c1c f   LIBCMT:exe_main.obj
 0001:00002c30       ?__scrt_throw_std_bad_alloc@@YAXXZ 0000000140003c30 f   LIBCMT:throw_bad_alloc.obj
 0001:00002c50       ?__scrt_throw_std_bad_array_new_length@@YAXXZ 0000000140003c50 f   LIBCMT:throw_bad_alloc.obj
 0001:00002c70       ??3@YAXPEAX@Z              0000000140003c70 f   LIBCMT:delete_scalar.obj
 0001:00002c78       __isa_available_init       0000000140003c78 f   LIBCMT:cpu_disp.obj
 0001:00002e24       _get_startup_argv_mode     0000000140003e24 f   LIBCMT:argv_mode.obj
 0001:00002e2c       __scrt_is_ucrt_dll_in_use  0000000140003e2c f   LIBCMT:ucrt_detection.obj
 0001:00002e38       __crt_debugger_hook        0000000140003e38 f   LIBCMT:utility_desktop.obj
 0001:00002e40       __scrt_fastfail            0000000140003e40 f   LIBCMT:utility_desktop.obj
 0001:00002f8c       __scrt_initialize_mta      0000000140003f8c f   LIBCMT:utility_desktop.obj
 0001:00002f94       __scrt_exe_initialize_mta  0000000140003f94 f   LIBCMT:utility_desktop.obj
 0001:00002f94       __scrt_initialize_winrt    0000000140003f94 f   LIBCMT:utility_desktop.obj
 0001:00002f94       __scrt_stub_for_initialize_mta 0000000140003f94 f   LIBCMT:utility_desktop.obj
 0001:00002f94       _get_startup_commit_mode   0000000140003f94 f   LIBCMT:commit_mode.obj
 0001:00002f94       _get_startup_new_mode      0000000140003f94 f   LIBCMT:new_mode.obj
 0001:00002f94       _get_startup_thread_locale_mode 0000000140003f94 f   LIBCMT:thread_locale.obj
 0001:00002f94       _matherr                   0000000140003f94 f   LIBCMT:matherr.obj
 0001:00002f98       __scrt_is_managed_app      0000000140003f98 f   LIBCMT:utility_desktop.obj
 0001:00002fec       __scrt_set_unhandled_exception_filter 0000000140003fec f   LIBCMT:utility_desktop.obj
 0001:00002ffc       __scrt_unhandled_exception_filter 0000000140003ffc f   LIBCMT:utility_desktop.obj
 0001:00003058       _guard_check_icall_nop     0000000140004058 f i LIBCMT:guard_support.obj
 0001:00003058       _initialize_denormal_control 0000000140004058 f i LIBCMT:denormal_control.obj
 0001:00003058       _initialize_invalid_parameter_handler 0000000140004058 f i LIBCMT:invalid_parameter_handler.obj
 0001:0000305c       __raise_securityfailure    000000014000405c f   LIBCMT:gs_report.obj
 0001:00003090       __report_gsfailure         0000000140004090 f   LIBCMT:gs_report.obj
 0001:00003164       __report_rangecheckfailure 0000000140004164 f   LIBCMT:gs_report.obj
 0001:00003178       __report_securityfailure   0000000140004178 f   LIBCMT:gs_report.obj
 0001:000032f8       __security_init_cookie     00000001400042f8 f   LIBCMT:gs_support.obj
 0001:000033a4       _get_startup_file_mode     00000001400043a4 f   LIBCMT:file_mode.obj
 0001:000033ac       ?__scrt_initialize_type_info@@YAXXZ 00000001400043ac f   LIBCMT:tncleanup.obj
 0001:000033bc       __acrt_uninitialize_command_line 00000001400043bc f   libucrt:argv_data.obj
 0001:000033bc       _should_initialize_environment 00000001400043bc f   LIBCMT:env_mode.obj
 0001:000033c0       __local_stdio_printf_options 00000001400043c0 f i LIBCMT:default_local_stdio_options.obj
 0001:000033c8       __local_stdio_scanf_options 00000001400043c8 f i LIBCMT:default_local_stdio_options.obj
 0001:000033d0       __scrt_initialize_default_local_stdio_options 00000001400043d0 f   LIBCMT:default_local_stdio_options.obj
 0001:000033ec       __scrt_is_user_matherr_present 00000001400043ec f   LIBCMT:matherr_detection.obj
 0001:000033f8       __scrt_get_dyn_tls_init_callback 00000001400043f8 f   LIBCMT:dyn_tls_init.obj
 0001:00003400       __scrt_get_dyn_tls_dtor_callback 0000000140004400 f   LIBCMT:dyn_tls_dtor.obj
 0001:00003408       _RTC_Initialize            0000000140004408 f   LIBCMT:initsect.obj
 0001:00003444       _RTC_Terminate             0000000140004444 f   LIBCMT:initsect.obj
 0001:00003480       __std_exception_copy       0000000140004480 f   libvcruntime:std_exception.obj
 0001:00003510       __std_exception_destroy    0000000140004510 f   libvcruntime:std_exception.obj
 0001:00003538       _CxxThrowException         0000000140004538 f   libvcruntime:throw.obj
 0001:000035f0       memcpy_repmovs             00000001400045f0 f   libvcruntime:memcpy.obj
 0001:00003610       memcpy                     0000000140004610 f   libvcruntime:memcpy.obj
 0001:00003610       memmove                    0000000140004610 f   libvcruntime:memcpy.obj
 0001:00003c80       __vcrt_initialize          0000000140004c80 f   libvcruntime:initialization.obj
 0001:00003ca8       __vcrt_uninitialize        0000000140004ca8 f   libvcruntime:initialization.obj
 0001:00003cc4       __C_specific_handler       0000000140004cc4 f   libvcruntime:riscchandler.obj
 0001:00003ebc       __DestructExceptionObject  0000000140004ebc f   libvcruntime:ehhelpers.obj
 0001:00003f2c       ?_CallMemberFunction0@@YAXQEAX0@Z 0000000140004f2c f i libvcruntime:ehhelpers.obj
 0001:00003f30       _IsExceptionObjectToBeDestroyed 0000000140004f30 f   libvcruntime:ehhelpers.obj
 0001:00003f60       __AdjustPointer            0000000140004f60 f   libvcruntime:ehhelpers.obj
 0001:00003f84       __FrameUnwindFilter        0000000140004f84 f   libvcruntime:ehhelpers.obj
 0001:00003fec       __current_exception        0000000140004fec f   libvcruntime:ehhelpers.obj
 0001:00004000       __current_exception_context 0000000140005000 f   libvcruntime:ehhelpers.obj
 0001:00004014       __std_terminate            0000000140005014 f   libvcruntime:ehhelpers.obj
 0001:00004030       memset_repstos             0000000140005030 f   libvcruntime:memset.obj
 0001:00004050       memset                     0000000140005050 f   libvcruntime:memset.obj
 0001:000043d8       __std_type_info_compare    00000001400053d8 f   libvcruntime:std_type_info.obj
 0001:00004400       __vcrt_freefls             0000000140005400 f   libvcruntime:per_thread_data.obj
 0001:00004420       __vcrt_getptd              0000000140005420 f   libvcruntime:per_thread_data.obj
 0001:0000443c       __vcrt_getptd_noexit       000000014000543c f   libvcruntime:per_thread_data.obj
 0001:000044fc       __vcrt_initialize_ptd      00000001400054fc f   libvcruntime:per_thread_data.obj
 0001:00004544       __vcrt_uninitialize_ptd    0000000140005544 f   libvcruntime:per_thread_data.obj
 0001:00004568       __vcrt_initialize_locks    0000000140005568 f   libvcruntime:locks.obj
 0001:000045b0       __vcrt_uninitialize_locks  00000001400055b0 f   libvcruntime:locks.obj
 0001:00004600       _NLG_Notify                0000000140005600 f   libvcruntime:notify.obj
 0001:00004620       __NLG_Dispatch2            0000000140005620 f   libvcruntime:notify.obj
 0001:00004630       __NLG_Return2              0000000140005630 f   libvcruntime:notify.obj
 0001:00004634       __except_validate_context_record 0000000140005634 f   libvcruntime:jbcxrval.obj
 0001:000047bc       __vcrt_FlsAlloc            00000001400057bc f   libvcruntime:winapi_downlevel.obj
 0001:00004804       __vcrt_FlsFree             0000000140005804 f   libvcruntime:winapi_downlevel.obj
 0001:0000484c       __vcrt_FlsGetValue         000000014000584c f   libvcruntime:winapi_downlevel.obj
 0001:00004894       __vcrt_FlsSetValue         0000000140005894 f   libvcruntime:winapi_downlevel.obj
 0001:000048e8       __vcrt_InitializeCriticalSectionEx 00000001400058e8 f   libvcruntime:winapi_downlevel.obj
 0001:0000494c       ??$_CallSETranslator@V__FrameHandler3@@@@YAHPEAUEHExceptionRecord@@PEA_KPEAU_CONTEXT@@PEAU_xDISPATCHER_CONTEXT@@PEBU_s_FuncInfo@@K1H@Z 000000014000594c f i libvcruntime:risctrnsctrl.obj
 0001:000049a0       ?CatchTryBlock@__FrameHandler3@@SAPEBU_s_TryBlockMapEntry@@PEBU_s_FuncInfo@@H@Z 00000001400059a0 f   libvcruntime:risctrnsctrl.obj
 0001:00004a04       ?ExecutionInCatch@__FrameHandler3@@SA_NPEAU_xDISPATCHER_CONTEXT@@PEBU_s_FuncInfo@@@Z 0000000140005a04 f   libvcruntime:risctrnsctrl.obj
 0001:00004a30       ?FrameUnwindToEmptyState@__FrameHandler3@@SAXPEA_KPEAU_xDISPATCHER_CONTEXT@@PEBU_s_FuncInfo@@@Z 0000000140005a30 f   libvcruntime:risctrnsctrl.obj
 0001:00004a94       ?GetEstablisherFrame@__FrameHandler3@@SAPEA_KPEA_KPEAU_xDISPATCHER_CONTEXT@@PEBU_s_FuncInfo@@0@Z 0000000140005a94 f   libvcruntime:risctrnsctrl.obj
 0001:00004b60       ?GetRangeOfTrysToCheck@__FrameHandler3@@SA?AU?$pair@Viterator@TryBlockMap@__FrameHandler3@@V123@@std@@AEAVTryBlockMap@1@HPEAU_xDISPATCHER_CONTEXT@@PEBU_s_FuncInfo@@H@Z 0000000140005b60 f   libvcruntime:risctrnsctrl.obj
 0001:00004ca0       ?UnwindNestedFrames@__FrameHandler3@@SAXPEA_KPEAUEHExceptionRecord@@PEAU_CONTEXT@@0PEAXPEBU_s_FuncInfo@@HHPEBU_s_HandlerType@@PEAU_xDISPATCHER_CONTEXT@@E@Z 0000000140005ca0 f   libvcruntime:risctrnsctrl.obj
 0001:00004da4       _CreateFrameInfo           0000000140005da4 f   libvcruntime:risctrnsctrl.obj
 0001:00004de0       _FindAndUnlinkFrame        0000000140005de0 f   libvcruntime:risctrnsctrl.obj
 0001:00004e34       _GetImageBase              0000000140005e34 f   libvcruntime:risctrnsctrl.obj
 0001:00004e48       _GetThrowImageBase         0000000140005e48 f   libvcruntime:risctrnsctrl.obj
 0001:00004e5c       _SetImageBase              0000000140005e5c f   libvcruntime:risctrnsctrl.obj
 0001:00004e74       _SetThrowImageBase         0000000140005e74 f   libvcruntime:risctrnsctrl.obj
 0001:00004e8c       __CxxFrameHandler3         0000000140005e8c f   libvcruntime:risctrnsctrl.obj
 0001:00004f14       ?GetCurrentState@__FrameHandler3@@SAHPEA_KPEAU_xDISPATCHER_CONTEXT@@PEBU_s_FuncInfo@@@Z 0000000140005f14 f   libvcruntime:ehstate.obj
 0001:00004f3c       ?GetUnwindTryBlock@__FrameHandler3@@SAHPEA_KPEAU_xDISPATCHER_CONTEXT@@PEBU_s_FuncInfo@@@Z 0000000140005f3c f   libvcruntime:ehstate.obj
 0001:00004f68       ?SetState@__FrameHandler3@@SAXPEA_KPEBU_s_FuncInfo@@H@Z 0000000140005f68 f   libvcruntime:ehstate.obj
 0001:00004f74       ?SetUnwindTryBlock@__FrameHandler3@@SAXPEA_KPEAU_xDISPATCHER_CONTEXT@@PEBU_s_FuncInfo@@H@Z 0000000140005f74 f   libvcruntime:ehstate.obj
 0001:00004fb0       ?StateFromControlPc@__FrameHandler3@@SAHPEBU_s_FuncInfo@@PEAU_xDISPATCHER_CONTEXT@@@Z 0000000140005fb0 f   libvcruntime:ehstate.obj
 0001:00004fb8       ?StateFromIp@__FrameHandler3@@SAHPEBU_s_FuncInfo@@PEAU_xDISPATCHER_CONTEXT@@_K@Z 0000000140005fb8 f   libvcruntime:ehstate.obj
 0001:00005aa8       ??$TypeMatchHelper@V__FrameHandler3@@@@YAHPEBU_s_HandlerType@@PEBU_s_CatchableType@@PEBU_s_ThrowInfo@@@Z 0000000140006aa8 f i libvcruntime:frame.obj
 0001:00005be8       ??$__InternalCxxFrameHandler@V__FrameHandler3@@@@YA?AW4_EXCEPTION_DISPOSITION@@PEAUEHExceptionRecord@@PEA_KPEAU_CONTEXT@@PEAU_xDISPATCHER_CONTEXT@@PEBU_s_FuncInfo@@H1E@Z 0000000140006be8 f i libvcruntime:frame.obj
 0001:00005e20       ??$__InternalCxxFrameHandlerWrapper@V__FrameHandler3@@@@YA?AW4_EXCEPTION_DISPOSITION@@PEAUEHExceptionRecord@@PEA_KPEAU_CONTEXT@@PEAU_xDISPATCHER_CONTEXT@@PEBU_s_FuncInfo@@H1E@Z 0000000140006e20 f i libvcruntime:frame.obj
 0001:00005e28       ??0bad_exception@std@@QEAA@AEBV01@@Z 0000000140006e28 f i libvcruntime:frame.obj
 0001:00005e64       ??0bad_exception@std@@QEAA@XZ 0000000140006e64 f i libvcruntime:frame.obj
 0001:00005e84       ?CxxCallCatchBlock@__FrameHandler3@@SAPEAXPEAU_EXCEPTION_RECORD@@@Z 0000000140006e84 f   libvcruntime:frame.obj
 0001:000060f8       ?FrameUnwindToState@__FrameHandler3@@SAXPEA_KPEAU_xDISPATCHER_CONTEXT@@PEBU_s_FuncInfo@@H@Z 00000001400070f8 f   libvcruntime:frame.obj
 0001:00006284       ?GetHandlerSearchState@__FrameHandler3@@SAHPEA_KPEAU_xDISPATCHER_CONTEXT@@PEBU_s_FuncInfo@@@Z 0000000140007284 f i libvcruntime:frame.obj
 0001:00006494       ?_CallMemberFunction1@@YAXQEAX00@Z 0000000140007494 f i libvcruntime:frame.obj
 0001:000064a0       ?_CallMemberFunction2@@YAXQEAX00H@Z 00000001400074a0 f i libvcruntime:frame.obj
 0001:000064c0       _CallSettingFrame          00000001400074c0 f   libvcruntime:handlers.obj
 0001:00006510       _CallSettingFrame_LookupContinuationIndex 0000000140007510 f   libvcruntime:handlers.obj
 0001:00006540       _CallSettingFrame_NotifyContinuationAddr 0000000140007540 f   libvcruntime:handlers.obj
 0001:00006570       _CallSettingFrameEncoded   0000000140007570 f   libvcruntime:handlers.obj
 0001:000065b8       ?get_raw_ptd@__crt_cached_ptd_host@@QEAAPEAU__acrt_ptd@@XZ 00000001400075b8 f i libucrt:invalid_parameter.obj
 0001:00006620       ?get_raw_ptd_noexit@__crt_cached_ptd_host@@QEAAPEAU__acrt_ptd@@XZ 0000000140007620 f i libucrt:invalid_parameter.obj
 0001:0000668c       ?value@?$dual_state_global@P6AXPEB_W00I_K@Z@__crt_state_management@@QEAAAEAP6AXPEB_W00I_K@ZAEAV__crt_cached_ptd_host@@@Z 000000014000768c f i libucrt:invalid_parameter.obj
 0001:000066d8       __acrt_call_reportfault    00000001400076d8 f   libucrt:invalid_parameter.obj
 0001:00006834       __acrt_initialize_invalid_parameter_handler 0000000140007834 f   libucrt:invalid_parameter.obj
 0001:0000683c       _invalid_parameter         000000014000783c f   libucrt:invalid_parameter.obj
 0001:000068d8       _invalid_parameter_internal 00000001400078d8 f   libucrt:invalid_parameter.obj
 0001:000069a8       _invalid_parameter_noinfo  00000001400079a8 f   libucrt:invalid_parameter.obj
 0001:000069c8       _invalid_parameter_noinfo_noreturn 00000001400079c8 f   libucrt:invalid_parameter.obj
 0001:000069f8       _invoke_watson             00000001400079f8 f   libucrt:invalid_parameter.obj
 0001:00006a40       __acrt_initialize_new_handler 0000000140007a40 f   libucrt:new_handler.obj
 0001:00006a48       _callnewh                  0000000140007a48 f   libucrt:new_handler.obj
 0001:00006a84       _query_new_handler         0000000140007a84 f   libucrt:new_handler.obj
 0001:00006ab8       malloc                     0000000140007ab8 f   libucrt:malloc.obj
 0001:00006ac0       _seh_filter_exe            0000000140007ac0 f   libucrt:exception_filter.obj
 0001:00006ee4       __acrt_initialize_thread_local_exit_callback 0000000140007ee4 f   libucrt:exit.obj
 0001:00006eec       _c_exit                    0000000140007eec f   libucrt:exit.obj
 0001:00006efc       _cexit                     0000000140007efc f   libucrt:exit.obj
 0001:00006f0c       _exit                      0000000140007f0c f   libucrt:exit.obj
 0001:00006f18       _register_thread_local_exe_atexit_callback 0000000140007f18 f   libucrt:exit.obj
 0001:00006f58       exit                       0000000140007f58 f   libucrt:exit.obj
 0001:00007124       __acrt_allocate_buffer_for_argv 0000000140008124 f   libucrt:argv_parsing.obj
 0001:00007184       _configure_narrow_argv     0000000140008184 f   libucrt:argv_parsing.obj
 0001:000075ec       __dcrt_get_or_create_narrow_environment_nolock 00000001400085ec f   libucrt:environment_initialization.obj
 0001:00007628       __dcrt_uninitialize_environments_nolock 0000000140008628 f   libucrt:environment_initialization.obj
 0001:0000766c       _get_initial_narrow_environment 000000014000866c f   libucrt:environment_initialization.obj
 0001:000076bc       _initialize_narrow_environment 00000001400086bc f   libucrt:environment_initialization.obj
 0001:00007a0c       _crt_atexit                0000000140008a0c f   libucrt:onexit.obj
 0001:00007a1c       _execute_onexit_table      0000000140008a1c f   libucrt:onexit.obj
 0001:00007a60       _initialize_onexit_table   0000000140008a60 f   libucrt:onexit.obj
 0001:00007a88       _register_onexit_function  0000000140008a88 f   libucrt:onexit.obj
 0001:00007bfc       __acrt_initialize          0000000140008bfc f   libucrt:initialization.obj
 0001:00007c10       __acrt_uninitialize        0000000140008c10 f   libucrt:initialization.obj
 0001:00007c48       _query_app_type            0000000140008c48 f   libucrt:report_runtime_error.obj
 0001:00007c50       _set_app_type              0000000140008c50 f   libucrt:report_runtime_error.obj
 0001:00007c58       __acrt_has_user_matherr    0000000140008c58 f   libucrt:matherr.obj
 0001:00007c78       __acrt_initialize_user_matherr 0000000140008c78 f   libucrt:matherr.obj
 0001:00007c80       __acrt_invoke_user_matherr 0000000140008c80 f   libucrt:matherr.obj
 0001:00007cb8       __setusermatherr           0000000140008cb8 f   libucrt:matherr.obj
 0001:00007ce0       _initterm                  0000000140008ce0 f   libucrt:initterm.obj
 0001:00007d24       _initterm_e                0000000140008d24 f   libucrt:initterm.obj
 0001:00007d6c       _set_fmode                 0000000140008d6c f   libucrt:setmode.obj
 0001:00007dac       __acrt_initialize_command_line 0000000140008dac f   libucrt:argv_data.obj
 0001:00007dd4       __p___argc                 0000000140008dd4 f   libucrt:argv_data.obj
 0001:00007ddc       __p___argv                 0000000140008ddc f   libucrt:argv_data.obj
 0001:00007e54       __acrt_set_locale_changed  0000000140008e54 f   libucrt:wsetlocale.obj
 0001:00007e60       __acrt_uninitialize_locale 0000000140008e60 f   libucrt:wsetlocale.obj
 0001:00007e90       _configthreadlocale        0000000140008e90 f   libucrt:wsetlocale.obj
 0001:00007efc       _query_new_mode            0000000140008efc f   libucrt:new_mode.obj
 0001:00007f04       _set_new_mode              0000000140008f04 f   libucrt:new_mode.obj
 0001:00007f30       __p__commode               0000000140008f30 f   libucrt:ncommode.obj
 0001:00007f38       free                       0000000140008f38 f   libucrt:free.obj
 0001:00007f4c       terminate                  0000000140008f4c f   libucrt:terminate.obj
 0001:00007f78       strcpy_s                   0000000140008f78 f   libucrt:strcpy_s.obj
 0001:00007fd8       abort                      0000000140008fd8 f   libucrt:abort.obj
 0001:00008030       calloc                     0000000140009030 f   libucrt:calloc.obj
 0001:00008040       ?update_locale_slow@__crt_cached_ptd_host@@AEAAXXZ 0000000140009040 f i libucrt:output.obj
 0001:000080d0       strncmp                    00000001400090d0 f   libucrt:strncmp.obj
 0001:00008150       wcsncmp                    0000000140009150 f   libucrt:wcsncmp.obj
 0001:000084f4       __acrt_getptd              00000001400094f4 f   libucrt:per_thread_data.obj
 0001:000085c8       __acrt_getptd_head         00000001400095c8 f   libucrt:per_thread_data.obj
 0001:0000866c       __acrt_getptd_noexit       000000014000966c f   libucrt:per_thread_data.obj
 0001:00008734       __acrt_getptd_noexit_explicit 0000000140009734 f   libucrt:per_thread_data.obj
 0001:000087f4       __acrt_initialize_ptd      00000001400097f4 f   libucrt:per_thread_data.obj
 0001:00008830       __acrt_uninitialize_ptd    0000000140009830 f   libucrt:per_thread_data.obj
 0001:00008854       __acrt_initialize_locks    0000000140009854 f   libucrt:locks.obj
 0001:0000889c       __acrt_lock                000000014000989c f   libucrt:locks.obj
 0001:000088b8       __acrt_uninitialize_locks  00000001400098b8 f   libucrt:locks.obj
 0001:000088f0       __acrt_unlock              00000001400098f0 f   libucrt:locks.obj
 0001:0000890c       _malloc_base               000000014000990c f   libucrt:malloc_base.obj
 0001:0000896c       __acrt_get_process_end_policy 000000014000996c f   libucrt:win_policies.obj
 0001:000089a8       __acrt_errno_from_os_error 00000001400099a8 f   libucrt:errno.obj
 0001:000089f0       __acrt_errno_map_os_error  00000001400099f0 f   libucrt:errno.obj
 0001:00008a38       __acrt_errno_map_os_error_ptd 0000000140009a38 f   libucrt:errno.obj
 0001:00008a5c       __doserrno                 0000000140009a5c f   libucrt:errno.obj
 0001:00008a7c       _errno                     0000000140009a7c f   libucrt:errno.obj
 0001:00008a9c       _calloc_base               0000000140009a9c f   libucrt:calloc_base.obj
 0001:00008b14       _free_base                 0000000140009b14 f   libucrt:free_base.obj
 0001:00008b64       ??$__acrt_convert_wcs_mbs_cp@D_WV<lambda_7c9dea7b4ca7285d2cdb541a38da6275>@@U__crt_win32_buffer_internal_dynamic_resizing@@@@YAHQEBDAEAV?$__crt_win32_buffer@_WU__crt_win32_buffer_internal_dynamic_resizing@@@@AEBV<lambda_7c9dea7b4ca7285d2cdb541a38da6275>@@I@Z 0000000140009b64 f i libucrt:argv_wildcards.obj
 0001:00008ce0       ??$__acrt_convert_wcs_mbs_cp@_WDV<lambda_d8593a27d1aa8c02be35c86a17d324c4>@@U__crt_win32_buffer_internal_dynamic_resizing@@@@YAHQEB_WAEAV?$__crt_win32_buffer@DU__crt_win32_buffer_internal_dynamic_resizing@@@@AEBV<lambda_d8593a27d1aa8c02be35c86a17d324c4>@@I@Z 0000000140009ce0 f i libucrt:argv_wildcards.obj
 0001:00009588       ??0_LocaleUpdate@@QEAA@QEAU__crt_locale_pointers@@@Z 000000014000a588 f i libucrt:argv_wildcards.obj
 0001:00009624       __acrt_expand_narrow_argv_wildcards 000000014000a624 f   libucrt:argv_wildcards.obj
 0001:0000962c       ??$__acrt_convert_wcs_mbs_cp@_WDV<lambda_f788ae46380686e8b737efdd8c720d07>@@U__crt_win32_buffer_no_resizing@@@@YAHQEB_WAEAV?$__crt_win32_buffer@DU__crt_win32_buffer_no_resizing@@@@AEBV<lambda_f788ae46380686e8b737efdd8c720d07>@@I@Z 000000014000a62c f i libucrt:getmodulefilenamea.obj
 0001:00009748       __acrt_GetModuleFileNameA  000000014000a748 f   libucrt:getmodulefilenamea.obj
 0001:0000a064       __acrt_initialize_multibyte 000000014000b064 f   libucrt:mbctype.obj
 0001:0000a0c4       __acrt_update_thread_multibyte_data 000000014000b0c4 f   libucrt:mbctype.obj
 0001:0000a0e0       _setmbcp_nolock            000000014000b0e0 f   libucrt:mbctype.obj
 0001:0000a414       _ismbblead                 000000014000b414 f   libucrt:ismbbyte.obj
 0001:0000a428       __acrt_MultiByteToWideChar 000000014000b428 f   libucrt:multibytetowidechar.obj
 0001:0000a484       __acrt_WideCharToMultiByte 000000014000b484 f   libucrt:widechartomultibyte.obj
 0001:0000a534       __dcrt_get_narrow_environment_from_os 000000014000b534 f   libucrt:get_environment_from_os.obj
 0001:0000aa84       __dcrt_set_variable_in_narrow_environment_nolock 000000014000ba84 f   libucrt:setenv.obj
 0001:0000aa8c       _recalloc_base             000000014000ba8c f   libucrt:recalloc.obj
 0001:0000ace4       __acrt_AppPolicyGetProcessTerminationMethodInternal 000000014000bce4 f   libucrt:winapi_thunks.obj
 0001:0000ad3c       __acrt_AreFileApisANSI     000000014000bd3c f   libucrt:winapi_thunks.obj
 0001:0000ad80       __acrt_CompareStringEx     000000014000bd80 f   libucrt:winapi_thunks.obj
 0001:0000ae6c       __acrt_FlsAlloc            000000014000be6c f   libucrt:winapi_thunks.obj
 0001:0000ae74       __acrt_FlsFree             000000014000be74 f   libucrt:winapi_thunks.obj
 0001:0000ae7c       __acrt_FlsGetValue         000000014000be7c f   libucrt:winapi_thunks.obj
 0001:0000ae84       __acrt_FlsSetValue         000000014000be84 f   libucrt:winapi_thunks.obj
 0001:0000ae8c       __acrt_InitializeCriticalSectionEx 000000014000be8c f   libucrt:winapi_thunks.obj
 0001:0000aefc       __acrt_LCMapStringEx       000000014000befc f   libucrt:winapi_thunks.obj
 0001:0000afe8       __acrt_LocaleNameToLCID    000000014000bfe8 f   libucrt:winapi_thunks.obj
 0001:0000b048       __acrt_initialize_winapi_thunks 000000014000c048 f   libucrt:winapi_thunks.obj
 0001:0000b06c       __acrt_uninitialize_winapi_thunks 000000014000c06c f   libucrt:winapi_thunks.obj
 0001:0000b0b0       __acrt_initialize_heap     000000014000c0b0 f   libucrt:heap_handle.obj
 0001:0000b0cc       __acrt_uninitialize_heap   000000014000c0cc f   libucrt:heap_handle.obj
 0001:0000b2d0       __acrt_initialize_lowio    000000014000c2d0 f   libucrt:ioinit.obj
 0001:0000b30c       __acrt_uninitialize_lowio  000000014000c30c f   libucrt:ioinit.obj
 0001:0000b34c       __acrt_execute_initializers 000000014000c34c f   libucrt:shared_initialization.obj
 0001:0000b3e0       __acrt_execute_uninitializers 000000014000c3e0 f   libucrt:shared_initialization.obj
 0001:0000b470       __acrt_get_sigabrt_handler 000000014000c470 f   libucrt:signal.obj
 0001:0000b4a0       __acrt_initialize_signal_handlers 000000014000c4a0 f   libucrt:signal.obj
 0001:0000b4c0       raise                      000000014000c4c0 f   libucrt:signal.obj
 0001:0000b91c       __acrt_stdio_flush_nolock  000000014000c91c f   libucrt:fflush.obj
 0001:0000b9a8       _fflush_nolock             000000014000c9a8 f   libucrt:fflush.obj
 0001:0000ba7c       _flushall                  000000014000ca7c f   libucrt:fflush.obj
 0001:0000ba84       __acrt_initialize_stdio    000000014000ca84 f   libucrt:_file.obj
 0001:0000bba4       __acrt_uninitialize_stdio  000000014000cba4 f   libucrt:_file.obj
 0001:0000bc00       _lock_file                 000000014000cc00 f   libucrt:_file.obj
 0001:0000bc0c       _unlock_file               000000014000cc0c f   libucrt:_file.obj
 0001:0000bc18       __acrt_lowio_create_handle_array 000000014000cc18 f   libucrt:osfinfo.obj
 0001:0000bcc0       __acrt_lowio_destroy_handle_array 000000014000ccc0 f   libucrt:osfinfo.obj
 0001:0000bd10       __acrt_lowio_ensure_fh_exists 000000014000cd10 f   libucrt:osfinfo.obj
 0001:0000bdb8       __acrt_lowio_lock_fh       000000014000cdb8 f   libucrt:osfinfo.obj
 0001:0000bde0       __acrt_lowio_unlock_fh     000000014000cde0 f   libucrt:osfinfo.obj
 0001:0000be08       _free_osfhnd               000000014000ce08 f   libucrt:osfinfo.obj
 0001:0000bec4       _get_osfhandle             000000014000cec4 f   libucrt:osfinfo.obj
 0001:0000bf3c       __acrt_initialize_fmode    000000014000cf3c f   libucrt:txtmode.obj
 0001:0000bf58       __acrt_locale_free_monetary 000000014000cf58 f   libucrt:initmon.obj
 0001:0000c064       __acrt_locale_free_numeric 000000014000d064 f   libucrt:initnum.obj
 0001:0000c104       __acrt_locale_free_time    000000014000d104 f   libucrt:inittime.obj
 0001:0000c20c       __acrt_GetStringTypeA      000000014000d20c f   libucrt:getstringtypea.obj
 0001:0000c3a8       __acrt_add_locale_ref      000000014000d3a8 f   libucrt:locale_refcounting.obj
 0001:0000c434       __acrt_free_locale         000000014000d434 f   libucrt:locale_refcounting.obj
 0001:0000c5ac       __acrt_locale_add_lc_time_reference 000000014000d5ac f   libucrt:locale_refcounting.obj
 0001:0000c5d4       __acrt_locale_free_lc_time_if_unreferenced 000000014000d5d4 f   libucrt:locale_refcounting.obj
 0001:0000c60c       __acrt_locale_release_lc_time_reference 000000014000d60c f   libucrt:locale_refcounting.obj
 0001:0000c634       __acrt_release_locale_ref  000000014000d634 f   libucrt:locale_refcounting.obj
 0001:0000c6dc       __acrt_update_thread_locale_data 000000014000d6dc f   libucrt:locale_refcounting.obj
 0001:0000c74c       _updatetlocinfoEx_nolock   000000014000d74c f   libucrt:locale_refcounting.obj
 0001:0000c7b4       __acrt_update_locale_info  000000014000d7b4 f   libucrt:locale_update.obj
 0001:0000c7e8       __acrt_update_locale_info_explicit 000000014000d7e8 f   libucrt:locale_update.obj
 0001:0000c820       __acrt_update_multibyte_info 000000014000d820 f   libucrt:locale_update.obj
 0001:0000c854       __acrt_update_multibyte_info_explicit 000000014000d854 f   libucrt:locale_update.obj
 0001:0000c88c       _mbtowc_internal           000000014000d88c f   libucrt:mbtowc.obj
 0001:0000ca04       _fileno                    000000014000da04 f   libucrt:fileno.obj
 0001:0000ca30       qsort                      000000014000da30 f   libucrt:qsort.obj
 0001:0000ce40       strncpy_s                  000000014000de40 f   libucrt:strncpy_s.obj
 0001:0000cfd0       strpbrk                    000000014000dfd0 f   libucrt:strpbrk.obj
 0001:0000d398       _mbsdec                    000000014000e398 f   libucrt:mbsdec.obj
 0001:0000d3a0       _mbsdec_l                  000000014000e3a0 f   libucrt:mbsdec.obj
 0001:0000d754       __acrt_LCMapStringA        000000014000e754 f   libucrt:lcmapstringa.obj
 0001:0000d804       _strnicoll                 000000014000e804 f   libucrt:strnicol.obj
 0001:0000d81c       _strnicoll_l               000000014000e81c f   libucrt:strnicol.obj
 0001:0000d91c       __acrt_SetEnvironmentVariableA 000000014000e91c f   libucrt:setenvironmentvariablea.obj
 0001:0000dabc       _msize_base                000000014000eabc f   libucrt:msize.obj
 0001:0000daf8       _realloc_base              000000014000eaf8 f   libucrt:realloc_base.obj
 0001:0000db74       __acrt_DownlevelLocaleNameToLCID 000000014000eb74 f   libucrt:lcidtoname_downlevel.obj
 0001:0000dca8       _commit                    000000014000eca8 f   libucrt:commit.obj
 0001:0000e558       _write_internal            000000014000f558 f   libucrt:write.obj
 0001:0000e680       _write_nolock              000000014000f680 f   libucrt:write.obj
 0001:0000e990       _fcloseall                 000000014000f990 f   libucrt:closeall.obj
 0001:0000ea44       __acrt_stdio_free_buffer_nolock 000000014000fa44 f   libucrt:_freebuf.obj
 0001:0000ea84       _isatty                    000000014000fa84 f   libucrt:isatty.obj
 0001:0000eae4       __ascii_wcsnicmp           000000014000fae4 f   libucrt:wcsnicmp.obj
 0001:0000eb30       ?__mbrtowc_utf8@__crt_mbstring@@YA_KPEA_WPEBD_KPEAU_Mbstatet@@AEAV__crt_cached_ptd_host@@@Z 000000014000fb30 f   libucrt:mbrtowc.obj
 0001:0000eb74       ?__mbsrtowcs_utf8@__crt_mbstring@@YA_KPEA_WPEAPEBD_KPEAU_Mbstatet@@AEAV__crt_cached_ptd_host@@@Z 000000014000fb74 f   libucrt:mbrtowc.obj
 0001:0000ed18       __strncnt                  000000014000fd18 f   libucrt:strncnt.obj
 0001:0000ed30       __ascii_strnicmp           000000014000fd30 f   libucrt:strnicmp.obj
 0001:0000ed7c       _strnicmp                  000000014000fd7c f   libucrt:strnicmp.obj
 0001:0000edcc       _strnicmp_l                000000014000fdcc f   libucrt:strnicmp.obj
 0001:0000f1fc       __acrt_CompareStringA      00000001400101fc f   libucrt:comparestringa.obj
 0001:0000f334       _lseeki64_nolock_internal  0000000140010334 f   libucrt:lseek.obj
 0001:0000f33c       _putwch_nolock             000000014001033c f   libucrt:putwch.obj
 0001:0000f498       fclose                     0000000140010498 f   libucrt:fclose.obj
 0001:0000f530       log10                      0000000140010530 f   libucrt:log10.obj
 0001:0000fadc       ?reset_and_return@__crt_mbstring@@YA_K_KPEAU_Mbstatet@@@Z 0000000140010adc f   libucrt:common_utf8.obj
 0001:0000fae4       ?return_illegal_sequence@__crt_mbstring@@YA_KPEAU_Mbstatet@@AEAV__crt_cached_ptd_host@@@Z 0000000140010ae4 f   libucrt:common_utf8.obj
 0001:0000faf8       ?__mbrtoc32_utf8@__crt_mbstring@@YA_KPEA_UPEBD_KPEAU_Mbstatet@@AEAV__crt_cached_ptd_host@@@Z 0000000140010af8 f   libucrt:mbrtoc32.obj
 0001:0000fcd4       __dcrt_lowio_ensure_console_output_initialized 0000000140010cd4 f   libucrt:initcon.obj
 0001:0000fd28       __dcrt_terminate_console_output 0000000140010d28 f   libucrt:initcon.obj
 0001:0000fd44       __dcrt_write_console       0000000140010d44 f   libucrt:initcon.obj
 0001:0000fe7c       _close_internal            0000000140010e7c f   libucrt:close.obj
 0001:0000ff40       _close_nolock_internal     0000000140010f40 f   libucrt:close.obj
 0001:00010010       ?__acrt_stdio_free_stream@@YAXV__crt_stdio_stream@@@Z 0000000140011010 f   libucrt:stream.obj
 0001:00010150       _handle_error              0000000140011150 f   libucrt:libm_error.obj
 0001:00010280       __acrt_initialize_fma3     0000000140011280 f   libucrt:fma3_available.obj
 0001:000102f0       _log10_special             00000001400112f0 f   libucrt:log_special.obj
 0001:000103c0       _get_fpsr                  00000001400113c0 f   libucrt:fpsr.obj
 0001:000103d0       _set_fpsr                  00000001400113d0 f   libucrt:fpsr.obj
 0001:000103da       _fclrf                     00000001400113da f   libucrt:fpsr.obj
 0001:000103ee       _frnd                      00000001400113ee f   libucrt:fpsr.obj
 0001:00010410       _raise_exc                 0000000140011410 f   libucrt:fpexcept.obj
 0001:00010438       _raise_exc_ex              0000000140011438 f   libucrt:fpexcept.obj
 0001:00010748       _set_errno_from_matherr    0000000140011748 f   libucrt:fpexcept.obj
 0001:00010778       _clrfp                     0000000140011778 f   libucrt:fpctrl.obj
 0001:00010798       _ctrlfp                    0000000140011798 f   libucrt:fpctrl.obj
 0001:00010814       _set_statfp                0000000140011814 f   libucrt:fpctrl.obj
 0001:00010834       _statfp                    0000000140011834 f   libucrt:fpctrl.obj
 0001:00010850       _FindPESection             0000000140011850 f   LIBCMT:pesect.obj
 0001:000108a0       _IsNonwritableInCurrentImage 00000001400118a0 f   LIBCMT:pesect.obj
 0001:000108f0       _ValidateImageBase         00000001400118f0 f   LIBCMT:pesect.obj
 0001:00010930       __chkstk                   0000000140011930 f   LIBCMT:chkstk.obj
 0001:00010930       _alloca_probe              0000000140011930 f   LIBCMT:chkstk.obj
 0001:00010980       __GSHandlerCheck_EH        0000000140011980 f   LIBCMT:gshandlereh.obj
 0001:00010a10       memcmp                     0000000140011a10 f   libvcruntime:memcmp.obj
 0001:00010ad8       __C_specific_handler_noexcept 0000000140011ad8 f   libvcruntime:chandler_noexcept.obj
 0001:00010b24       strchr                     0000000140011b24 f   libvcruntime:strchr.obj
 0001:00010bc0       _guard_dispatch_icall_nop  0000000140011bc0 f   LIBCMT:guard_dispatch.obj
 0001:00010be0       _guard_xfg_dispatch_icall_nop 0000000140011be0 f   LIBCMT:guard_xfg_dispatch.obj
 0002:00000000       __imp_CreateFileA          0000000140013000     kernel32:KERNEL32.dll
 0002:00000008       __imp_GetFileSizeEx        0000000140013008     kernel32:KERNEL32.dll
 0002:00000010       __imp_ReadFile             0000000140013010     kernel32:KERNEL32.dll
 0002:00000018       __imp_WriteFile            0000000140013018     kernel32:KERNEL32.dll
 0002:00000020       __imp_CloseHandle          0000000140013020     kernel32:KERNEL32.dll
 0002:00000028       __imp_VirtualAlloc         0000000140013028     kernel32:KERNEL32.dll
 0002:00000030       __imp_VirtualFree          0000000140013030     kernel32:KERNEL32.dll
 0002:00000038       __imp_RtlCaptureContext    0000000140013038     kernel32:KERNEL32.dll
 0002:00000040       __imp_RtlLookupFunctionEntry 0000000140013040     kernel32:KERNEL32.dll
 0002:00000048       __imp_RtlVirtualUnwind     0000000140013048     kernel32:KERNEL32.dll
 0002:00000050       __imp_IsDebuggerPresent    0000000140013050     kernel32:KERNEL32.dll
 0002:00000058       __imp_UnhandledExceptionFilter 0000000140013058     kernel32:KERNEL32.dll
 0002:00000060       __imp_SetUnhandledExceptionFilter 0000000140013060     kernel32:KERNEL32.dll
 0002:00000068       __imp_GetStartupInfoW      0000000140013068     kernel32:KERNEL32.dll
 0002:00000070       __imp_IsProcessorFeaturePresent 0000000140013070     kernel32:KERNEL32.dll
 0002:00000078       __imp_GetModuleHandleW     0000000140013078     kernel32:KERNEL32.dll
 0002:00000080       __imp_GetCurrentProcess    0000000140013080     kernel32:KERNEL32.dll
 0002:00000088       __imp_TerminateProcess     0000000140013088     kernel32:KERNEL32.dll
 0002:00000090       __imp_QueryPerformanceCounter 0000000140013090     kernel32:KERNEL32.dll
 0002:00000098       __imp_GetCurrentProcessId  0000000140013098     kernel32:KERNEL32.dll
 0002:000000a0       __imp_GetCurrentThreadId   00000001400130a0     kernel32:KERNEL32.dll
 0002:000000a8       __imp_GetSystemTimeAsFileTime 00000001400130a8     kernel32:KERNEL32.dll
 0002:000000b0       __imp_InitializeSListHead  00000001400130b0     kernel32:KERNEL32.dll
 0002:000000b8       __imp_WriteConsoleW        00000001400130b8     kernel32:KERNEL32.dll
 0002:000000c0       __imp_RtlPcToFileHeader    00000001400130c0     kernel32:KERNEL32.dll
 0002:000000c8       __imp_RaiseException       00000001400130c8     kernel32:KERNEL32.dll
 0002:000000d0       __imp_RtlUnwindEx          00000001400130d0     kernel32:KERNEL32.dll
 0002:000000d8       __imp_GetLastError         00000001400130d8     kernel32:KERNEL32.dll
 0002:000000e0       __imp_SetLastError         00000001400130e0     kernel32:KERNEL32.dll
 0002:000000e8       __imp_EnterCriticalSection 00000001400130e8     kernel32:KERNEL32.dll
 0002:000000f0       __imp_LeaveCriticalSection 00000001400130f0     kernel32:KERNEL32.dll
 0002:000000f8       __imp_DeleteCriticalSection 00000001400130f8     kernel32:KERNEL32.dll
 0002:00000100       __imp_InitializeCriticalSectionAndSpinCount 0000000140013100     kernel32:KERNEL32.dll
 0002:00000108       __imp_TlsAlloc             0000000140013108     kernel32:KERNEL32.dll
 0002:00000110       __imp_TlsGetValue          0000000140013110     kernel32:KERNEL32.dll
 0002:00000118       __imp_TlsSetValue          0000000140013118     kernel32:KERNEL32.dll
 0002:00000120       __imp_TlsFree              0000000140013120     kernel32:KERNEL32.dll
 0002:00000128       __imp_FreeLibrary          0000000140013128     kernel32:KERNEL32.dll
 0002:00000130       __imp_GetProcAddress       0000000140013130     kernel32:KERNEL32.dll
 0002:00000138       __imp_LoadLibraryExW       0000000140013138     kernel32:KERNEL32.dll
 0002:00000140       __imp_EncodePointer        0000000140013140     kernel32:KERNEL32.dll
 0002:00000148       __imp_ExitProcess          0000000140013148     kernel32:KERNEL32.dll
 0002:00000150       __imp_GetModuleHandleExW   0000000140013150     kernel32:KERNEL32.dll
 0002:00000158       __imp_GetModuleFileNameW   0000000140013158     kernel32:KERNEL32.dll
 0002:00000160       __imp_GetStdHandle         0000000140013160     kernel32:KERNEL32.dll
 0002:00000168       __imp_GetCommandLineA      0000000140013168     kernel32:KERNEL32.dll
 0002:00000170       __imp_GetCommandLineW      0000000140013170     kernel32:KERNEL32.dll
 0002:00000178       __imp_HeapAlloc            0000000140013178     kernel32:KERNEL32.dll
 0002:00000180       __imp_HeapFree             0000000140013180     kernel32:KERNEL32.dll
 0002:00000188       __imp_FindClose            0000000140013188     kernel32:KERNEL32.dll
 0002:00000190       __imp_FindFirstFileExW     0000000140013190     kernel32:KERNEL32.dll
 0002:00000198       __imp_FindNextFileW        0000000140013198     kernel32:KERNEL32.dll
 0002:000001a0       __imp_IsValidCodePage      00000001400131a0     kernel32:KERNEL32.dll
 0002:000001a8       __imp_GetACP               00000001400131a8     kernel32:KERNEL32.dll
 0002:000001b0       __imp_GetOEMCP             00000001400131b0     kernel32:KERNEL32.dll
 0002:000001b8       __imp_GetCPInfo            00000001400131b8     kernel32:KERNEL32.dll
 0002:000001c0       __imp_MultiByteToWideChar  00000001400131c0     kernel32:KERNEL32.dll
 0002:000001c8       __imp_WideCharToMultiByte  00000001400131c8     kernel32:KERNEL32.dll
 0002:000001d0       __imp_GetEnvironmentStringsW 00000001400131d0     kernel32:KERNEL32.dll
 0002:000001d8       __imp_FreeEnvironmentStringsW 00000001400131d8     kernel32:KERNEL32.dll
 0002:000001e0       __imp_SetEnvironmentVariableW 00000001400131e0     kernel32:KERNEL32.dll
 0002:000001e8       __imp_FlsAlloc             00000001400131e8     kernel32:KERNEL32.dll
 0002:000001f0       __imp_FlsGetValue          00000001400131f0     kernel32:KERNEL32.dll
 0002:000001f8       __imp_FlsSetValue          00000001400131f8     kernel32:KERNEL32.dll
 0002:00000200       __imp_FlsFree              0000000140013200     kernel32:KERNEL32.dll
 0002:00000208       __imp_CompareStringW       0000000140013208     kernel32:KERNEL32.dll
 0002:00000210       __imp_LCMapStringW         0000000140013210     kernel32:KERNEL32.dll
 0002:00000218       __imp_GetProcessHeap       0000000140013218     kernel32:KERNEL32.dll
 0002:00000220       __imp_GetFileType          0000000140013220     kernel32:KERNEL32.dll
 0002:00000228       __imp_SetStdHandle         0000000140013228     kernel32:KERNEL32.dll
 0002:00000230       __imp_GetStringTypeW       0000000140013230     kernel32:KERNEL32.dll
 0002:00000238       __imp_HeapSize             0000000140013238     kernel32:KERNEL32.dll
 0002:00000240       __imp_HeapReAlloc          0000000140013240     kernel32:KERNEL32.dll
 0002:00000248       __imp_FlushFileBuffers     0000000140013248     kernel32:KERNEL32.dll
 0002:00000250       __imp_GetConsoleOutputCP   0000000140013250     kernel32:KERNEL32.dll
 0002:00000258       __imp_GetConsoleMode       0000000140013258     kernel32:KERNEL32.dll
 0002:00000260       __imp_SetFilePointerEx     0000000140013260     kernel32:KERNEL32.dll
 0002:00000268       __imp_CreateFileW          0000000140013268     kernel32:KERNEL32.dll
 0002:00000270       \177KERNEL32_NULL_THUNK_DATA 0000000140013270     kernel32:KERNEL32.dll
 0002:00000278       __guard_check_icall_fptr   0000000140013278     LIBCMT:guard_support.obj
 0002:00000280       __guard_xfg_check_icall_fptr 0000000140013280     LIBCMT:guard_support.obj
 0002:00000288       __guard_dispatch_icall_fptr 0000000140013288     LIBCMT:guard_support.obj
 0002:00000290       __guard_xfg_dispatch_icall_fptr 0000000140013290     LIBCMT:guard_support.obj
 0002:00000298       __guard_xfg_table_dispatch_icall_fptr 0000000140013298     LIBCMT:guard_support.obj
 0002:000002a0       __castguard_check_failure_os_handled_fptr 00000001400132a0     LIBCMT:guard_support.obj
 0002:000002a8       __guard_memcpy_fptr        00000001400132a8     libvcruntime:softmemtag.obj
 0002:000002b0       __xc_a                     00000001400132b0     LIBCMT:initializers.obj
 0002:000002d0       __xc_z                     00000001400132d0     LIBCMT:initializers.obj
 0002:000002d8       __xi_a                     00000001400132d8     LIBCMT:initializers.obj
 0002:000002f0       __acrt_multibyte_initializer 00000001400132f0     libucrt:multibyte_initializer.obj
 0002:000002f8       __acrt_stdio_initializer   00000001400132f8     libucrt:stdio_initializer.obj
 0002:00000300       __acrt_fmode_initializer   0000000140013300     libucrt:fmode_initializer.obj
 0002:00000308       __acrt_tran_fma3_initializer 0000000140013308     libucrt:fma3_initializer.obj
 0002:00000310       __xi_z                     0000000140013310     LIBCMT:initializers.obj
 0002:00000318       __xp_a                     0000000140013318     LIBCMT:initializers.obj
 0002:00000320       __acrt_locale_terminator   0000000140013320     libucrt:locale_initializer.obj
 0002:00000328       __dcrt_console_output_terminator 0000000140013328     libucrt:console_output_initializer.obj
 0002:00000330       __acrt_stdio_terminator    0000000140013330     libucrt:stdio_initializer.obj
 0002:00000338       __xp_z                     0000000140013338     LIBCMT:initializers.obj
 0002:00000340       __xt_a                     0000000140013340     LIBCMT:initializers.obj
 0002:00000348       __xt_z                     0000000140013348     LIBCMT:initializers.obj
 0002:00000450       ??_C@_0BC@EOODALEL@Unknown?5exception@ 0000000140013450     8086_mov_decoder.obj
 0002:00000468       ??_C@_0BF@KINCDENJ@bad?5array?5new?5length@ 0000000140013468     8086_mov_decoder.obj
 0002:00000480       ??_C@_0BA@JFNIOLAK@string?5too?5long@ 0000000140013480     8086_mov_decoder.obj
 0002:00000498       ??_7exception@std@@6B@     0000000140013498     libcpmt:xthrow.obj
 0002:000004b0       ??_7bad_alloc@std@@6B@     00000001400134b0     libcpmt:xthrow.obj
 0002:000004c0       ??_C@_0P@GHFPNOJB@bad?5allocation@ 00000001400134c0     libcpmt:xthrow.obj
 0002:000004d8       ??_7logic_error@std@@6B@   00000001400134d8     libcpmt:xthrow.obj
 0002:000004f0       ??_7length_error@std@@6B@  00000001400134f0     libcpmt:xthrow.obj
 0002:00000500       __xmm@ffffffffffffffffffffffffffffffff 0000000140013500     LIBCMT:utility.obj
 0002:00000518       ??_7type_info@@6B@         0000000140013518     LIBCMT:std_type_info_static.obj
 0002:00000528       ??_7bad_array_new_length@std@@6B@ 0000000140013528     LIBCMT:throw_bad_alloc.obj
 0002:00000548       _pDestructExceptionObject  0000000140013548     libvcruntime:ehhelpers.obj
 0002:00000c60       ??_C@_08EHJDFFNH@__based?$CI@ 0000000140013c60     libvcruntime:undname.obj
 0002:00000c70       ??_C@_07KOLFKCDI@__cdecl@  0000000140013c70     libvcruntime:undname.obj
 0002:00000c78       ??_C@_08GHMPAG@__pascal@   0000000140013c78     libvcruntime:undname.obj
 0002:00000c88       ??_C@_09IFJBGAPI@__stdcall@ 0000000140013c88     libvcruntime:undname.obj
 0002:00000c98       ??_C@_0L@NPHFGOKO@__thiscall@ 0000000140013c98     libvcruntime:undname.obj
 0002:00000ca8       ??_C@_0L@JMKHOMEK@__fastcall@ 0000000140013ca8     libvcruntime:undname.obj
 0002:00000cb8       ??_C@_0N@BCKKPABJ@__vectorcall@ 0000000140013cb8     libvcruntime:undname.obj
 0002:00000cc8       ??_C@_09HIJEGCPM@__clrcall@ 0000000140013cc8     libvcruntime:undname.obj
 0002:00000cd4       ??_C@_06GHPCKEAG@__eabi@   0000000140013cd4     libvcruntime:undname.obj
 0002:00000ce0       ??_C@_09IOPIDJLG@__swift_1@ 0000000140013ce0     libvcruntime:undname.obj
 0002:00000cf0       ??_C@_09KFNFGKHF@__swift_2@ 0000000140013cf0     libvcruntime:undname.obj
 0002:00000d00       ??_C@_09LMMOFLDE@__swift_3@ 0000000140013d00     libvcruntime:undname.obj
 0002:00000d10       ??_C@_07JOMMBBKO@__ptr64@  0000000140013d10     libvcruntime:undname.obj
 0002:00000d18       ??_C@_0L@PILCLIHE@__restrict@ 0000000140013d18     libvcruntime:undname.obj
 0002:00000d28       ??_C@_0M@GFIIJFMG@__unaligned@ 0000000140013d28     libvcruntime:undname.obj
 0002:00000d38       ??_C@_09DHDLOLLB@restrict?$CI@ 0000000140013d38     libvcruntime:undname.obj
 0002:00000d42       ??_C@_00CNPNBAHC@@         0000000140013d42     libvcruntime:undname.obj
 0002:00000d44       ??_C@_04NIHEBCM@?5new@     0000000140013d44     libvcruntime:undname.obj
 0002:00000d50       ??_C@_07FPCDHGMM@?5delete@ 0000000140013d50     libvcruntime:undname.obj
 0002:00000d58       ??_C@_01NEMOKFLO@?$DN@     0000000140013d58     libvcruntime:undname.obj
 0002:00000d5c       ??_C@_02GPIOPFAK@?$DO?$DO@ 0000000140013d5c     libvcruntime:undname.obj
 0002:00000d60       ??_C@_02FODMEDOG@?$DM?$DM@ 0000000140013d60     libvcruntime:undname.obj
 0002:00000d64       ??_C@_01DCLJPIOD@?$CB@     0000000140013d64     libvcruntime:undname.obj
 0002:00000d68       ??_C@_02EGOFBIJA@?$DN?$DN@ 0000000140013d68     libvcruntime:undname.obj
 0002:00000d6c       ??_C@_02FDNJECIE@?$CB?$DN@ 0000000140013d6c     libvcruntime:undname.obj
 0002:00000d70       ??_C@_02GPECMEKF@?$FL?$FN@ 0000000140013d70     libvcruntime:undname.obj
 0002:00000d78       ??_C@_08LHJFAFGD@operator@ 0000000140013d78     libvcruntime:undname.obj
 0002:00000d84       ??_C@_02HBOOOICD@?9?$DO@   0000000140013d84     libvcruntime:undname.obj
 0002:00000d88       ??_C@_01NBENCBCI@?$CK@     0000000140013d88     libvcruntime:undname.obj
 0002:00000d8c       ??_C@_02ECNGHCIF@?$CL?$CL@ 0000000140013d8c     libvcruntime:undname.obj
 0002:00000d90       ??_C@_02BAABKJLB@?9?9@     0000000140013d90     libvcruntime:undname.obj
 0002:00000d94       ??_C@_01JOAMLHOP@?9@       0000000140013d94     libvcruntime:undname.obj
 0002:00000d98       ??_C@_01MIFGBAGJ@?$CL@     0000000140013d98     libvcruntime:undname.obj
 0002:00000d9c       ??_C@_01HNPIGOCE@?$CG@     0000000140013d9c     libvcruntime:undname.obj
 0002:00000da0       ??_C@_03MNHNFDLC@?9?$DO?$CK@ 0000000140013da0     libvcruntime:undname.obj
 0002:00000da4       ??_C@_01KMDKNFGN@?1@       0000000140013da4     libvcruntime:undname.obj
 0002:00000da8       ??_C@_01FGNFDNOH@?$CF@     0000000140013da8     libvcruntime:undname.obj
 0002:00000dac       ??_C@_01MNNFJEPP@?$DM@     0000000140013dac     libvcruntime:undname.obj
 0002:00000db0       ??_C@_02EHCHHCKH@?$DM?$DN@ 0000000140013db0     libvcruntime:undname.obj
 0002:00000db4       ??_C@_01PPODPGHN@?$DO@     0000000140013db4     libvcruntime:undname.obj
 0002:00000db8       ??_C@_02EEKDKGMJ@?$DO?$DN@ 0000000140013db8     libvcruntime:undname.obj
 0002:00000dbc       ??_C@_01IHBHIGKO@?0@       0000000140013dbc     libvcruntime:undname.obj
 0002:00000dc0       ??_C@_02HCKGKOFO@?$CI?$CJ@ 0000000140013dc0     libvcruntime:undname.obj
 0002:00000dc4       ??_C@_01PJKLJHI@?$HO@      0000000140013dc4     libvcruntime:undname.obj
 0002:00000dc8       ??_C@_01JKBOJNNK@?$FO@     0000000140013dc8     libvcruntime:undname.obj
 0002:00000dcc       ??_C@_01DNKMNLPK@?$HM@     0000000140013dcc     libvcruntime:undname.obj
 0002:00000dd0       ??_C@_02PPKAJPJL@?$CG?$CG@ 0000000140013dd0     libvcruntime:undname.obj
 0002:00000dd4       ??_C@_02NONPIBCD@?$HM?$HM@ 0000000140013dd4     libvcruntime:undname.obj
 0002:00000dd8       ??_C@_02FPIMKNGF@?$CK?$DN@ 0000000140013dd8     libvcruntime:undname.obj
 0002:00000ddc       ??_C@_02FOEOMHFC@?$CL?$DN@ 0000000140013ddc     libvcruntime:undname.obj
 0002:00000de0       ??_C@_02FKMDLLOA@?9?$DN@   0000000140013de0     libvcruntime:undname.obj
 0002:00000de4       ??_C@_02FJEHGPIO@?1?$DN@   0000000140013de4     libvcruntime:undname.obj
 0002:00000de8       ??_C@_02FENAOKFI@?$CF?$DN@ 0000000140013de8     libvcruntime:undname.obj
 0002:00000dec       ??_C@_03IKFCCPFF@?$DO?$DO?$DN@ 0000000140013dec     libvcruntime:undname.obj
 0002:00000df0       ??_C@_03CDNPDDLA@?$DM?$DM?$DN@ 0000000140013df0     libvcruntime:undname.obj
 0002:00000df4       ??_C@_02FGJGFEAB@?$CG?$DN@ 0000000140013df4     libvcruntime:undname.obj
 0002:00000df8       ??_C@_02DHLNPPGH@?$HM?$DN@ 0000000140013df8     libvcruntime:undname.obj
 0002:00000dfc       ??_C@_02MHEGNOJ@?$FO?$DN@  0000000140013dfc     libvcruntime:undname.obj
 0002:00000e00       ??_C@_09IFPLHPGF@?$GAvftable?8@ 0000000140013e00     libvcruntime:undname.obj
 0002:00000e10       ??_C@_09BLBHBJP@?$GAvbtable?8@ 0000000140013e10     libvcruntime:undname.obj
 0002:00000e20       ??_C@_07FEEIOKP@?$GAvcall?8@ 0000000140013e20     libvcruntime:undname.obj
 0002:00000e28       ??_C@_08LLFFHHDJ@?$GAtypeof?8@ 0000000140013e28     libvcruntime:undname.obj
 0002:00000e38       ??_C@_0BF@KDPPACIK@?$GAlocal?5static?5guard?8@ 0000000140013e38     libvcruntime:undname.obj
 0002:00000e50       ??_C@_08OBABFOLI@?$GAstring?8@ 0000000140013e50     libvcruntime:undname.obj
 0002:00000e60       ??_C@_0BD@JDLKDPAB@?$GAvbase?5destructor?8@ 0000000140013e60     libvcruntime:undname.obj
 0002:00000e78       ??_C@_0BN@DEGPLNFK@?$GAvector?5deleting?5destructor?8@ 0000000140013e78     libvcruntime:undname.obj
 0002:00000e98       ??_C@_0BO@OBMKPJIG@?$GAdefault?5constructor?5closure?8@ 0000000140013e98     libvcruntime:undname.obj
 0002:00000eb8       ??_C@_0BN@IMDCHIKM@?$GAscalar?5deleting?5destructor?8@ 0000000140013eb8     libvcruntime:undname.obj
 0002:00000ed8       ??_C@_0BO@PFGOCPJJ@?$GAvector?5constructor?5iterator?8@ 0000000140013ed8     libvcruntime:undname.obj
 0002:00000ef8       ??_C@_0BN@LFPFMEDL@?$GAvector?5destructor?5iterator?8@ 0000000140013ef8     libvcruntime:undname.obj
 0002:00000f18       ??_C@_0CE@IKBNEHA@?$GAvector?5vbase?5constructor?5itera@ 0000000140013f18     libvcruntime:undname.obj
 0002:00000f40       ??_C@_0BL@NILFHHPC@?$GAvirtual?5displacement?5map?8@ 0000000140013f40     libvcruntime:undname.obj
 0002:00000f60       ??_C@_0CB@JONCMFFK@?$GAeh?5vector?5constructor?5iterator@ 0000000140013f60     libvcruntime:undname.obj
 0002:00000f88       ??_C@_0CA@GCEOPDGL@?$GAeh?5vector?5destructor?5iterator?8@ 0000000140013f88     libvcruntime:undname.obj
 0002:00000fa8       ??_C@_0CH@OOJPLCPH@?$GAeh?5vector?5vbase?5constructor?5it@ 0000000140013fa8     libvcruntime:undname.obj
 0002:00000fd0       ??_C@_0BL@LLKPOHJI@?$GAcopy?5constructor?5closure?8@ 0000000140013fd0     libvcruntime:undname.obj
 0002:00000ff0       ??_C@_0BA@KBCDOMBN@?$GAudt?5returning?8@ 0000000140013ff0     libvcruntime:undname.obj
 0002:00001000       ??_C@_03KLGMFNMG@?$GAEH@   0000000140014000     libvcruntime:undname.obj
 0002:00001004       ??_C@_05KHLCHHI@?$GARTTI@  0000000140014004     libvcruntime:undname.obj
 0002:00001010       ??_C@_0BA@KKLDJDLB@?$GAlocal?5vftable?8@ 0000000140014010     libvcruntime:undname.obj
 0002:00001020       ??_C@_0CE@IIHCMGGL@?$GAlocal?5vftable?5constructor?5clos@ 0000000140014020     libvcruntime:undname.obj
 0002:00001044       ??_C@_06FHBGPFGH@?5new?$FL?$FN@ 0000000140014044     libvcruntime:undname.obj
 0002:00001050       ??_C@_09LBNFPBCA@?5delete?$FL?$FN@ 0000000140014050     libvcruntime:undname.obj
 0002:00001060       ??_C@_0P@HJKNJFNN@?$GAomni?5callsig?8@ 0000000140014060     libvcruntime:undname.obj
 0002:00001070       ??_C@_0BL@CNOONJFP@?$GAplacement?5delete?5closure?8@ 0000000140014070     libvcruntime:undname.obj
 0002:00001090       ??_C@_0BN@CKNJLHMB@?$GAplacement?5delete?$FL?$FN?5closure?8@ 0000000140014090     libvcruntime:undname.obj
 0002:000010b0       ??_C@_0CG@CFDHKGGD@?$GAmanaged?5vector?5constructor?5ite@ 00000001400140b0     libvcruntime:undname.obj
 0002:000010d8       ??_C@_0CF@IMGKMJNO@?$GAmanaged?5vector?5destructor?5iter@ 00000001400140d8     libvcruntime:undname.obj
 0002:00001100       ??_C@_0CG@HLDDJMAG@?$GAeh?5vector?5copy?5constructor?5ite@ 0000000140014100     libvcruntime:undname.obj
 0002:00001128       ??_C@_0CM@FCBBDIGB@?$GAeh?5vector?5vbase?5copy?5construct@ 0000000140014128     libvcruntime:undname.obj
 0002:00001158       ??_C@_0BL@CLIPGLGB@?$GAdynamic?5initializer?5for?5?8@ 0000000140014158     libvcruntime:undname.obj
 0002:00001178       ??_C@_0CB@PDBIFEP@?$GAdynamic?5atexit?5destructor?5for?5@ 0000000140014178     libvcruntime:undname.obj
 0002:000011a0       ??_C@_0CD@CGAJBKEJ@?$GAvector?5copy?5constructor?5iterat@ 00000001400141a0     libvcruntime:undname.obj
 0002:000011c8       ??_C@_0CJ@GJELGAMM@?$GAvector?5vbase?5copy?5constructor?5@ 00000001400141c8     libvcruntime:undname.obj
 0002:000011f8       ??_C@_0CL@FGIJHLCE@?$GAmanaged?5vector?5copy?5constructo@ 00000001400141f8     libvcruntime:undname.obj
 0002:00001228       ??_C@_0BM@PMGGMLDN@?$GAlocal?5static?5thread?5guard?8@ 0000000140014228     libvcruntime:undname.obj
 0002:00001248       ??_C@_0N@BDNMDMOL@operator?5?$CC?$CC?5@ 0000000140014248     libvcruntime:undname.obj
 0002:00001258       ??_C@_0BC@GGEBGALA@operator?5co_await@ 0000000140014258     libvcruntime:undname.obj
 0002:00001270       ??_C@_0M@GAAIMMOH@operator?$DM?$DN?$DO@ 0000000140014270     libvcruntime:undname.obj
 0002:00001280       ??_C@_0BC@DAFEJGAK@?5Type?5Descriptor?8@ 0000000140014280     libvcruntime:undname.obj
 0002:00001298       ??_C@_0BM@LDKODKLH@?5Base?5Class?5Descriptor?5at?5?$CI@ 0000000140014298     libvcruntime:undname.obj
 0002:000012b8       ??_C@_0BD@LGICGFMM@?5Base?5Class?5Array?8@ 00000001400142b8     libvcruntime:undname.obj
 0002:000012d0       ??_C@_0BN@MECKDCOJ@?5Class?5Hierarchy?5Descriptor?8@ 00000001400142d0     libvcruntime:undname.obj
 0002:000012f0       ??_C@_0BK@CFCOFLF@?5Complete?5Object?5Locator?8@ 00000001400142f0     libvcruntime:undname.obj
 0002:00001310       ??_C@_0BG@JNJLAMPM@?$GAanonymous?5namespace?8@ 0000000140014310     libvcruntime:undname.obj
 0002:00001340       ??_C@_1DM@KHCHBNEB@?$AAa?$AAp?$AAi?$AA?9?$AAm?$AAs?$AA?9?$AAw?$AAi?$AAn?$AA?9?$AAc?$AAo?$AAr?$AAe@ 0000000140014340     libvcruntime:winapi_downlevel.obj
 0002:00001380       ??_C@_1DK@LPPGFMPP@?$AAa?$AAp?$AAi?$AA?9?$AAm?$AAs?$AA?9?$AAw?$AAi?$AAn?$AA?9?$AAc?$AAo?$AAr?$AAe@ 0000000140014380     libvcruntime:winapi_downlevel.obj
 0002:000013c0       ??_C@_1BC@GDMECMAK@?$AAk?$AAe?$AAr?$AAn?$AAe?$AAl?$AA3?$AA2@ 00000001400143c0     libvcruntime:winapi_downlevel.obj
 0002:000013d8       ??_C@_1BA@PFFKHIOG@?$AAa?$AAp?$AAi?$AA?9?$AAm?$AAs?$AA?9@ 00000001400143d8     libvcruntime:winapi_downlevel.obj
 0002:000013f0       ??_C@_08KNHFBNJ@FlsAlloc@  00000001400143f0     libvcruntime:winapi_downlevel.obj
 0002:00001408       ??_C@_07PEJMOBNF@FlsFree@  0000000140014408     libvcruntime:winapi_downlevel.obj
 0002:00001418       ??_C@_0M@GDNOONDI@FlsGetValue@ 0000000140014418     libvcruntime:winapi_downlevel.obj
 0002:00001430       ??_C@_0M@JCPCPOEF@FlsSetValue@ 0000000140014430     libvcruntime:winapi_downlevel.obj
 0002:00001448       ??_C@_0BM@HCFOFFN@InitializeCriticalSectionEx@ 0000000140014448     libvcruntime:winapi_downlevel.obj
 0002:00001510       ??_7bad_exception@std@@6B@ 0000000140014510     libvcruntime:frame.obj
 0002:00001520       ??_C@_0O@DPKOEFFH@bad?5exception@ 0000000140014520     libvcruntime:frame.obj
 0002:00001530       __acrt_exception_action_table 0000000140014530     libucrt:exception_filter.obj
 0002:000015f0       __acrt_signal_action_table_count 00000001400145f0     libucrt:exception_filter.obj
 0002:000015f8       __acrt_signal_action_first_fpe_index 00000001400145f8     libucrt:exception_filter.obj
 0002:00001600       __acrt_signal_action_fpe_count 0000000140014600     libucrt:exception_filter.obj
 0002:00001658       ??_C@_1BI@BGOHAHKC@?$AAm?$AAs?$AAc?$AAo?$AAr?$AAe?$AAe?$AA?4?$AAd?$AAl?$AAl@ 0000000140014658     libucrt:exit.obj
 0002:00001670       ??_C@_0P@MIGLKIOC@CorExitProcess@ 0000000140014670     libucrt:exit.obj
 0002:000017d0       __lc_time_c                00000001400147d0     libucrt:nlsdata.obj
 0002:00001a90       ??_C@_03KOEHGMDN@Sun@      0000000140014a90     libucrt:nlsdata.obj
 0002:00001a94       ??_C@_03PDAGKDH@Mon@       0000000140014a94     libucrt:nlsdata.obj
 0002:00001a98       ??_C@_03NAGEINEP@Tue@      0000000140014a98     libucrt:nlsdata.obj
 0002:00001a9c       ??_C@_03MHOMLAJA@Wed@      0000000140014a9c     libucrt:nlsdata.obj
 0002:00001aa0       ??_C@_03IOFIKPDN@Thu@      0000000140014aa0     libucrt:nlsdata.obj
 0002:00001aa4       ??_C@_03IDIOELNC@Fri@      0000000140014aa4     libucrt:nlsdata.obj
 0002:00001aa8       ??_C@_03FEFJNEK@Sat@       0000000140014aa8     libucrt:nlsdata.obj
 0002:00001aac       ??_C@_06OOPIFAJ@Sunday@    0000000140014aac     libucrt:nlsdata.obj
 0002:00001ab4       ??_C@_06JLEDEDGH@Monday@   0000000140014ab4     libucrt:nlsdata.obj
 0002:00001ac0       ??_C@_07BAAGCFCM@Tuesday@  0000000140014ac0     libucrt:nlsdata.obj
 0002:00001ac8       ??_C@_09DLIGFAKA@Wednesday@ 0000000140014ac8     libucrt:nlsdata.obj
 0002:00001ad8       ??_C@_08HACCIKIA@Thursday@ 0000000140014ad8     libucrt:nlsdata.obj
 0002:00001ae4       ??_C@_06JECMNKMI@Friday@   0000000140014ae4     libucrt:nlsdata.obj
 0002:00001af0       ??_C@_08INBOOONO@Saturday@ 0000000140014af0     libucrt:nlsdata.obj
 0002:00001afc       ??_C@_03JIHJHPIE@Jan@      0000000140014afc     libucrt:nlsdata.obj
[...]
 0002:00008abc       $unwind$??$?RV<lambda_7777bce6b2f8c936911f934f8298dc43>@@AEAV<lambda_f03950bc5685219e0bcd2087efbe011e>@@V<lambda_3883c3dff614d5e0c5f61bb1ac94921c>@@@?$__crt_seh_guarded_call@H@@QEAAH$$QEAV<lambda_7777bce6b2f8c936911f934f8298dc43>@@AEAV<lambda_f03950bc5685219e0bcd2087efbe011e>@@$$QEAV<lambda_3883c3dff614d5e0c5f61bb1ac94921c>@@@Z 000000014001babc     libucrt:onexit.obj
 0002:00008ae0       $unwind$__acrt_uninitialize_locale 000000014001bae0     libucrt:wsetlocale.obj
 0002:00008ae0       $unwind$__acrt_get_sigabrt_handler 000000014001bae0     libucrt:signal.obj
 0002:00008ae8       $unwind$??$?RV<lambda_410d79af7f07d98d83a3f525b3859a53>@@AEAV<lambda_3e16ef9562a7dcce91392c22ab16ea36>@@V<lambda_38119f0e861e05405d8a144b9b982f0a>@@@?$__crt_seh_guarded_call@X@@QEAAX$$QEAV<lambda_410d79af7f07d98d83a3f525b3859a53>@@AEAV<lambda_3e16ef9562a7dcce91392c22ab16ea36>@@$$QEAV<lambda_38119f0e861e05405d8a144b9b982f0a>@@@Z 000000014001bae8     libucrt:wsetlocale.obj
 0002:00008b10       $unwind$terminate          000000014001bb10     libucrt:terminate.obj
 0002:00008b30       $xdatasym                  000000014001bb30     libucrt:strncmp.obj
 0002:00008b34       $unwind$_free_base         000000014001bb34     libucrt:free_base.obj
 0002:00008b34       $unwind$?destroy_fls@@YAXPEAX@Z 000000014001bb34     libucrt:per_thread_data.obj
 0002:00008b34       $unwind$__acrt_locale_free_numeric 000000014001bb34     libucrt:initnum.obj
 0002:00008b34       $unwind$__acrt_locale_free_lc_time_if_unreferenced 000000014001bb34     libucrt:locale_refcounting.obj
 0002:00008b3c       $unwind$?construct_ptd_array@@YAXQEAU__acrt_ptd@@@Z 000000014001bb3c     libucrt:per_thread_data.obj
 0002:00008b44       $unwind$?destroy_ptd_array@@YAXQEAU__acrt_ptd@@@Z 000000014001bb44     libucrt:per_thread_data.obj
 0002:00008b4c       $unwind$??$?RV<lambda_0ae27a3a962d80f24befdcbee591983d>@@AEAV<lambda_8d0ee55de4b1038c4002e0adecdf1839>@@V<lambda_dc504788e8f1664fe9b84e20bfb512f2>@@@?$__crt_seh_guarded_call@X@@QEAAX$$QEAV<lambda_0ae27a3a962d80f24befdcbee591983d>@@AEAV<lambda_8d0ee55de4b1038c4002e0adecdf1839>@@$$QEAV<lambda_dc504788e8f1664fe9b84e20bfb512f2>@@@Z 000000014001bb4c     libucrt:per_thread_data.obj
 0002:00008b70       $unwind$??$?RV<lambda_aa87e3671a710a21b5dc78c0bdf72e11>@@AEAV<lambda_92619d2358a28f41a33ba319515a20b9>@@V<lambda_6992ecaafeb10aed2b74cb1fae11a551>@@@?$__crt_seh_guarded_call@X@@QEAAX$$QEAV<lambda_aa87e3671a710a21b5dc78c0bdf72e11>@@AEAV<lambda_92619d2358a28f41a33ba319515a20b9>@@$$QEAV<lambda_6992ecaafeb10aed2b74cb1fae11a551>@@@Z 000000014001bb70     libucrt:per_thread_data.obj
 0002:00008b94       $unwind$??$?RV<lambda_f2e299630e499de9f9a165e60fcd3db5>@@AEAV<lambda_2ae9d31cdba2644fcbeaf08da7c24588>@@V<lambda_40d01ff24d0e7b3814fdbdcee8eab3c7>@@@?$__crt_seh_guarded_call@X@@QEAAX$$QEAV<lambda_f2e299630e499de9f9a165e60fcd3db5>@@AEAV<lambda_2ae9d31cdba2644fcbeaf08da7c24588>@@$$QEAV<lambda_40d01ff24d0e7b3814fdbdcee8eab3c7>@@@Z 000000014001bb94     libucrt:per_thread_data.obj
 0002:00008bb8       $unwind$??$?RV<lambda_2d41944a1d46af3157314b8a01080d33>@@AEAV<lambda_8f455de75cd7d7f24b4096f044d8b9e6>@@V<lambda_aa500f224e6afead328df44964fe2772>@@@?$__crt_seh_guarded_call@X@@QEAAX$$QEAV<lambda_2d41944a1d46af3157314b8a01080d33>@@AEAV<lambda_8f455de75cd7d7f24b4096f044d8b9e6>@@$$QEAV<lambda_aa500f224e6afead328df44964fe2772>@@@Z 000000014001bbb8     libucrt:per_thread_data.obj
 0002:00008bdc       $unwind$??$common_expand_argv_wildcards@D@@YAHQEAPEADQEAPEAPEAD@Z 000000014001bbdc     libucrt:argv_wildcards.obj
 0002:00008bf4       $unwind$__dcrt_get_narrow_environment_from_os 000000014001bbf4     libucrt:get_environment_from_os.obj
 0002:00008bf4       $unwind$??$__acrt_convert_wcs_mbs_cp@_WDV<lambda_d8593a27d1aa8c02be35c86a17d324c4>@@U__crt_win32_buffer_internal_dynamic_resizing@@@@YAHQEB_WAEAV?$__crt_win32_buffer@DU__crt_win32_buffer_internal_dynamic_resizing@@@@AEBV<lambda_d8593a27d1aa8c02be35c86a17d324c4>@@I@Z 000000014001bbf4     libucrt:argv_wildcards.obj
 0002:00008c0c       $unwind$??$copy_and_add_argument_to_buffer@D@@YAHQEBD0_KAEAV?$argument_list@D@?A0x5f5c8891@@@Z 000000014001bc0c     libucrt:argv_wildcards.obj
 0002:00008c28       $unwind$??$expand_argument_wildcards@D@@YAHQEAD0AEAV?$argument_list@D@?A0x5f5c8891@@@Z 000000014001bc28     libucrt:argv_wildcards.obj
 0002:00008c48       $unwind$__acrt_GetModuleFileNameA 000000014001bc48     libucrt:getmodulefilenamea.obj
 0002:00008c64       $unwind$__dcrt_write_console 000000014001bc64     libucrt:initcon.obj
 0002:00008c64       $unwind$??$__acrt_convert_wcs_mbs_cp@_WDV<lambda_f788ae46380686e8b737efdd8c720d07>@@U__crt_win32_buffer_no_resizing@@@@YAHQEB_WAEAV?$__crt_win32_buffer@DU__crt_win32_buffer_no_resizing@@@@AEBV<lambda_f788ae46380686e8b737efdd8c720d07>@@I@Z 000000014001bc64     libucrt:getmodulefilenamea.obj
 0002:00008c78       $unwind$_setmbcp_nolock    000000014001bc78     libucrt:mbctype.obj
 0002:00008c98       $unwind$__dcrt_lowio_ensure_console_output_initialized 000000014001bc98     libucrt:initcon.obj
 0002:00008c98       $unwind$?__mbrtowc_utf8@__crt_mbstring@@YA_KPEA_WPEBD_KPEAU_Mbstatet@@AEAV__crt_cached_ptd_host@@@Z 000000014001bc98     libucrt:mbrtowc.obj
 0002:00008c98       $unwind$?getSystemCP@@YAHH@Z 000000014001bc98     libucrt:mbctype.obj
 0002:00008ca0       $unwind$?update_thread_multibyte_data_internal@@YAPEAU__crt_multibyte_data@@QEAU__acrt_ptd@@QEAPEAU1@@Z 000000014001bca0     libucrt:mbctype.obj
 0002:00008cc8       $unwind$?setmbcp_internal@@YAHH_NQEAU__acrt_ptd@@QEAPEAU__crt_multibyte_data@@@Z 000000014001bcc8     libucrt:mbctype.obj
 0002:00008ce0       $unwind$?setSBUpLow@@YAXPEAU__crt_multibyte_data@@@Z 000000014001bce0     libucrt:mbctype.obj
 0002:00008cfc       $unwind$??$?RV<lambda_efdfa57d1f175319df784efa44bb7b81>@@AEAV<lambda_5f0a4c1567f8adc6734073e5d1e1b35c>@@V<lambda_2e8a7d3640ea6ccb4c2413664c2db6fd>@@@?$__crt_seh_guarded_call@X@@QEAAX$$QEAV<lambda_efdfa57d1f175319df784efa44bb7b81>@@AEAV<lambda_5f0a4c1567f8adc6734073e5d1e1b35c>@@$$QEAV<lambda_2e8a7d3640ea6ccb4c2413664c2db6fd>@@@Z 000000014001bcfc     libucrt:mbctype.obj
 0002:00008d20       $unwind$?x_ismbbtype_l@@YAHPEAU__crt_locale_pointers@@IHH@Z 000000014001bd20     libucrt:ismbbyte.obj
 0002:00008d20       $unwind$_strnicmp_l        000000014001bd20     libucrt:strnicmp.obj
 0002:00008d30       $unwind$__acrt_WideCharToMultiByte 000000014001bd30     libucrt:widechartomultibyte.obj
 0002:00008d3c       $unwind$??$common_set_variable_in_environment_nolock@D@@YAHQEADH@Z 000000014001bd3c     libucrt:setenv.obj
 0002:00008d54       $unwind$??$copy_environment@D@@YAPEAPEADQEAPEAD@Z 000000014001bd54     libucrt:setenv.obj
 0002:00008d68       $unwind$__acrt_initialize_winapi_thunks 000000014001bd68     libucrt:winapi_thunks.obj
 0002:00008d70       $unwind$__acrt_CompareStringEx 000000014001bd70     libucrt:winapi_thunks.obj
 0002:00008d70       $unwind$__acrt_LCMapStringEx 000000014001bd70     libucrt:winapi_thunks.obj
 0002:00008d84       $unwind$__acrt_initialize_lowio 000000014001bd84     libucrt:ioinit.obj
 0002:00008da4       $unwind$?initialize_inherited_file_handles_nolock@@YAXXZ 000000014001bda4     libucrt:ioinit.obj
 0002:00008dc0       $unwind$raise              000000014001bdc0     libucrt:signal.obj
 0002:00008dfc       $unwind$??$?RV<lambda_450d765d439847d4c735a33c368b5fc0>@@AEAV<lambda_44731a7d0e6d81c3e6aa82d741081786>@@V<lambda_601a2a7da3b7a96e9554ac7215c4b07c>@@@?$__crt_seh_guarded_call@P6AXH@Z@@QEAAP6AXH@Z$$QEAV<lambda_450d765d439847d4c735a33c368b5fc0>@@AEAV<lambda_44731a7d0e6d81c3e6aa82d741081786>@@$$QEAV<lambda_601a2a7da3b7a96e9554ac7215c4b07c>@@@Z 000000014001bdfc     libucrt:signal.obj
 0002:00008e20       $unwind$fclose             000000014001be20     libucrt:fclose.obj
 0002:00008e20       $unwind$_fflush_nolock     000000014001be20     libucrt:fflush.obj
 0002:00008e30       $unwind$?common_flush_all@@YAH_N@Z 000000014001be30     libucrt:fflush.obj
 0002:00008e38       $unwind$??$?RV<lambda_842d9ff0dc9ef11c61343bbaebe7f885>@@AEAV<lambda_c5860995281e5c4ce005b3de8f5874ee>@@V<lambda_d90129c13df834fdcbf8d2b88dafcf2d>@@@?$__crt_seh_guarded_call@X@@QEAAX$$QEAV<lambda_842d9ff0dc9ef11c61343bbaebe7f885>@@AEAV<lambda_c5860995281e5c4ce005b3de8f5874ee>@@$$QEAV<lambda_d90129c13df834fdcbf8d2b88dafcf2d>@@@Z 000000014001be38     libucrt:fflush.obj
 0002:00008e5c       $unwind$??$?RV<lambda_886d6c58226a84441f68b9f2b8217b83>@@AEAV<lambda_ab61a845afdef5b7c387490eaf3616ee>@@V<lambda_f7f22ab5edc0698d5f6905b0d3f44752>@@@?$__crt_seh_guarded_call@X@@QEAAX$$QEAV<lambda_886d6c58226a84441f68b9f2b8217b83>@@AEAV<lambda_ab61a845afdef5b7c387490eaf3616ee>@@$$QEAV<lambda_f7f22ab5edc0698d5f6905b0d3f44752>@@@Z 000000014001be5c     libucrt:fflush.obj
 0002:00008e84       $unwind$__acrt_lowio_destroy_handle_array 000000014001be84     libucrt:osfinfo.obj
 0002:00008e94       $unwind$__acrt_lowio_ensure_fh_exists 000000014001be94     libucrt:osfinfo.obj
 0002:00008ec0       $unwind$__acrt_locale_free_monetary 000000014001bec0     libucrt:initmon.obj
 0002:00008ec8       $unwind$__acrt_locale_free_time 000000014001bec8     libucrt:inittime.obj
 0002:00008ed8       $unwind$__acrt_GetStringTypeA 000000014001bed8     libucrt:getstringtypea.obj
 0002:00008f00       $unwind$__acrt_update_thread_locale_data 000000014001bf00     libucrt:locale_refcounting.obj
 0002:00008f24       $unwind$qsort              000000014001bf24     libucrt:qsort.obj
 0002:00008f3c       $chain$4$qsort             000000014001bf3c     libucrt:qsort.obj
 0002:00008f60       $chain$5$qsort             000000014001bf60     libucrt:qsort.obj
 0002:00008f70       $unwind$strpbrk            000000014001bf70     libucrt:strpbrk.obj
 0002:00008f80       $unwind$fallbackMethod     000000014001bf80     libucrt:strpbrk.obj
 0002:00008f90       $unwind$_mbsdec_l          000000014001bf90     libucrt:mbsdec.obj
 0002:00008f9c       $unwind$__acrt_LCMapStringA 000000014001bf9c     libucrt:lcmapstringa.obj
 0002:00008fac       $unwind$?__acrt_LCMapStringA_stat@@YAHPEAU__crt_locale_pointers@@PEB_WKPEBDHPEADHHH@Z 000000014001bfac     libucrt:lcmapstringa.obj
 0002:00008fd4       $unwind$_strnicoll_l       000000014001bfd4     libucrt:strnicol.obj
 0002:00008fe8       $unwind$__acrt_SetEnvironmentVariableA 000000014001bfe8     libucrt:setenvironmentvariablea.obj
 0002:00009004       $unwind$_commit            000000014001c004     libucrt:commit.obj
 0002:0000900c       $unwind$??$?RV<lambda_a37b2b86f63e897a80ea819b0eb08c01>@@AEAV<lambda_38ce7e780aa69e748d6df282ebc68efe>@@V<lambda_99fb1378e971ab6e7edea83e3a7a83a2>@@@?$__crt_seh_guarded_call@H@@QEAAH$$QEAV<lambda_a37b2b86f63e897a80ea819b0eb08c01>@@AEAV<lambda_38ce7e780aa69e748d6df282ebc68efe>@@$$QEAV<lambda_99fb1378e971ab6e7edea83e3a7a83a2>@@@Z 000000014001c00c     libucrt:commit.obj
 0002:00009030       $unwind$_write_nolock      000000014001c030     libucrt:write.obj
 0002:00009048       $unwind$_write_internal    000000014001c048     libucrt:write.obj
 0002:00009078       $unwind$_write_internal$fin$0 000000014001c078     libucrt:write.obj
 0002:00009078       $unwind$?fin$0@?0??_fclose_internal@@YAHQEAU_iobuf@@AEAV__crt_cached_ptd_host@@@Z@4HA 000000014001c078     libucrt:fclose.obj
 0002:00009080       $unwind$?write_double_translated_ansi_nolock@@YA?AUwrite_result@?A0x17268360@@HQEBDIAEAV__crt_cached_ptd_host@@@Z 000000014001c080     libucrt:write.obj
 0002:000090a8       $ip2state$?write_double_translated_ansi_nolock@@YA?AUwrite_result@?A0x17268360@@HQEBDIAEAV__crt_cached_ptd_host@@@Z 000000014001c0a8     libucrt:write.obj
 0002:000090b0       $unwind$?write_text_ansi_nolock@@YA?AUwrite_result@?A0x17268360@@HQEBDI@Z 000000014001c0b0     libucrt:write.obj
 0002:000090b0       $unwind$?write_text_utf16le_nolock@@YA?AUwrite_result@?A0x17268360@@HQEBDI@Z 000000014001c0b0     libucrt:write.obj
 0002:000090d0       $unwind$?write_text_utf8_nolock@@YA?AUwrite_result@?A0x17268360@@HQEBDI@Z 000000014001c0d0     libucrt:write.obj
 0002:000090f4       $unwind$_fcloseall         000000014001c0f4     libucrt:closeall.obj
 0002:00009118       $unwind$?__mbsrtowcs_utf8@__crt_mbstring@@YA_KPEA_WPEAPEBD_KPEAU_Mbstatet@@AEAV__crt_cached_ptd_host@@@Z 000000014001c118     libucrt:mbrtowc.obj
 0002:00009130       $unwind$__acrt_CompareStringA 000000014001c130     libucrt:comparestringa.obj
 0002:00009140       $unwind$?InternalCompareStringA@@YAHPEAU__crt_locale_pointers@@PEB_WKPEBDH2HH@Z 000000014001c140     libucrt:comparestringa.obj
 0002:00009164       $unwind$?_fclose_nolock_internal@@YAHQEAU_iobuf@@AEAV__crt_cached_ptd_host@@@Z 000000014001c164     libucrt:fclose.obj
 0002:00009174       $unwind$?_fclose_internal@@YAHQEAU_iobuf@@AEAV__crt_cached_ptd_host@@@Z 000000014001c174     libucrt:fclose.obj
 0002:00009198       $xdatasym                  000000014001c198     libucrt:log10.obj
 0002:000091a4       $unwind$?__mbrtoc32_utf8@__crt_mbstring@@YA_KPEA_UPEBD_KPEAU_Mbstatet@@AEAV__crt_cached_ptd_host@@@Z 000000014001c1a4     libucrt:mbrtoc32.obj
 0002:000091c0       $unwind$_close_internal    000000014001c1c0     libucrt:close.obj
 0002:000091c8       $unwind$??$?RV<lambda_ad8af0d99a0adf03d037d7dffe354bb5>@@AEAV<lambda_c9ba49e555ba839a7b07aa3fbecb7617>@@V<lambda_2f1ebd5d68526518146ae959c9e734c8>@@@?$__crt_seh_guarded_call@H@@QEAAH$$QEAV<lambda_ad8af0d99a0adf03d037d7dffe354bb5>@@AEAV<lambda_c9ba49e555ba839a7b07aa3fbecb7617>@@$$QEAV<lambda_2f1ebd5d68526518146ae959c9e734c8>@@@Z 000000014001c1c8     libucrt:close.obj
 0002:000091ec       $unwind$_call_matherr      000000014001c1ec     libucrt:libm_error.obj
 0002:000091f4       $unwind$_handle_error      000000014001c1f4     libucrt:libm_error.obj
 0002:00009214       $unwind$__acrt_initialize_fma3 000000014001c214     libucrt:fma3_available.obj
 0002:0000921c       $unwind$_log_special_common 000000014001c21c     libucrt:log_special.obj
 0002:00009228       $xdatasym                  000000014001c228     libucrt:fpsr.obj
 0002:00009230       $unwind$_raise_exc_ex      000000014001c230     libucrt:fpexcept.obj
 0002:00009244       $unwind$_ctrlfp            000000014001c244     libucrt:fpctrl.obj
 0002:0000926c       $unwind$_IsNonwritableInCurrentImage 000000014001c26c     LIBCMT:pesect.obj
 0002:00009290       $xdatasym                  000000014001c290     LIBCMT:chkstk.obj
 0002:00009298       $xdatasym                  000000014001c298     libvcruntime:memcmp.obj
 0002:000098f2       .idata$6                   000000014001c8f2     kernel32:KERNEL32.dll
 0003:00000040       ?__vcrt_flsindex@@3KA      000000014001d040     libvcruntime:per_thread_data.obj
 0003:00000060       ?__acrt_flsindex@@3KA      000000014001d060     libucrt:per_thread_data.obj
 0003:000001dc       ?errno_no_memory@@3HA      000000014001d1dc     libucrt:errno.obj
 0003:000001e0       ?doserrno_no_memory@@3KA   000000014001d1e0     libucrt:errno.obj
 0003:00000420       _mbctypes                  000000014001d420     libucrt:mbctype.obj
 0003:00000530       _mbcasemaps                000000014001d530     libucrt:mbctype.obj
 0003:00000630       ?__rgctypeflag@@3PADA      000000014001d630     libucrt:mbctype.obj
 0003:00000640       ?__rgcode_page_info@@3PAUcode_page_info@@A 000000014001d640     libucrt:mbctype.obj
 0003:000009f0       ?__dcrt_lowio_console_output_handle@@3PEAXEA 000000014001d9f0     libucrt:initcon.obj
 0003:00000a00       ?dazSupported@?1??_ctrlfp@@9@9 000000014001da00     libucrt:fpctrl.obj
 0003:00000d40       ?is_initialized_as_dll@@3_NA 000000014001dd40     LIBCMT:utility.obj
 0003:00000d41       ?module_local_atexit_table_initialized@@3_NA 000000014001dd41     LIBCMT:utility.obj
 0003:00000d48       ?module_local_atexit_table@@3U_onexit_table_t@@A 000000014001dd48     LIBCMT:utility.obj
 0003:00000d60       ?module_local_at_quick_exit_table@@3U_onexit_table_t@@A 000000014001dd60     LIBCMT:utility.obj
 0003:00000d80       GS_ExceptionRecord         000000014001dd80     LIBCMT:gs_report.obj
 0003:00000e20       GS_ContextRecord           000000014001de20     LIBCMT:gs_report.obj
 0003:00001320       ?__vcrt_startup_thread_ptd@@3U__vcrt_ptd@@A 000000014001e320     libvcruntime:per_thread_data.obj
 0003:000013a0       __vcrt_lock_table          000000014001e3a0     libvcruntime:locks.obj
 0003:000013c8       __vcrt_locks_initialized   000000014001e3c8     libvcruntime:locks.obj
 0003:00001410       ?heap@@3V_HeapManager@@A   000000014001e410     libvcruntime:undname.obj
 0003:00001438       ?module_handles@@3PAPEAUHINSTANCE__@@A 000000014001e438     libvcruntime:winapi_downlevel.obj
 0003:00001450       ?function_pointers@@3PAPEAXA 000000014001e450     libvcruntime:winapi_downlevel.obj
 0003:00001480       ?__acrt_invalid_parameter_handler@@3V?$dual_state_global@P6AXPEB_W00I_K@Z@__crt_state_management@@A 000000014001e480     libucrt:invalid_parameter.obj
 0003:00001488       ?__acrt_new_handler@@3V?$dual_state_global@P6AH_K@Z@__crt_state_management@@A 000000014001e488     libucrt:new_handler.obj
 0003:00001490       ?c_termination_complete@@3JA 000000014001e490     libucrt:exit.obj
 0003:00001498       ?thread_local_exit_callback_func@@3P6AXPEAXK0@ZEA 000000014001e498     libucrt:exit.obj
 0003:000014b0       ?program_name@?1???$common_configure_argv@D@@YAHW4_crt_argv_mode@@@Z@4PADA 000000014001e4b0     libucrt:argv_parsing.obj
 0003:00001608       ?__acrt_app_type@@3W4_crt_app_type@@A 000000014001e608     libucrt:report_runtime_error.obj
 0003:00001610       ?user_matherr@@3V?$dual_state_global@P6AHPEAU_exception@@@Z@__crt_state_management@@A 000000014001e610     libucrt:matherr.obj
 0003:0000164c       ?__acrt_global_new_mode@@3V?$dual_state_global@J@__crt_state_management@@A 000000014001e64c     libucrt:new_mode.obj
 0003:00001660       ?__acrt_lock_table@@3PAU_RTL_CRITICAL_SECTION@@A 000000014001e660     libucrt:locks.obj
 0003:00001890       ?__acrt_locks_initialized@@3IA 000000014001e890     libucrt:locks.obj
 0003:000018b0       ?fSystemSet@@3HA           000000014001e8b0     libucrt:mbctype.obj
 0003:000018b4       ?initialized@?1??__acrt_initialize_multibyte@@9@4_NA 000000014001e8b4     libucrt:mbctype.obj
 0003:000018c0       ?module_handles@@3PAPEAUHINSTANCE__@@A 000000014001e8c0     libucrt:winapi_thunks.obj
 0003:00001960       ?encoded_function_pointers@@3PAPEAXA 000000014001e960     libucrt:winapi_thunks.obj
 0003:00001e68       ?ctrlc_action@@3V?$dual_state_global@P6AXH@Z@__crt_state_management@@A 000000014001ee68     libucrt:signal.obj
 0003:00001e70       ?ctrlbreak_action@@3V?$dual_state_global@P6AXH@Z@__crt_state_management@@A 000000014001ee70     libucrt:signal.obj
 0003:00001e78       ?abort_action@@3V?$dual_state_global@P6AXH@Z@__crt_state_management@@A 000000014001ee78     libucrt:signal.obj
 0003:00001e80       ?term_action@@3V?$dual_state_global@P6AXH@Z@__crt_state_management@@A 000000014001ee80     libucrt:signal.obj
 0003:00001eb8       ?internal_state@?1??_mbtowc_internal@@9@4U_Mbstatet@@A 000000014001eeb8     libucrt:mbtowc.obj
 0003:00001ec0       ?internal_pst@?1??__mbrtoc32_utf8@__crt_mbstring@@YA_KPEA_UPEBD_KPEAU_Mbstatet@@AEAV__crt_cached_ptd_host@@@Z@4U3@A 000000014001eec0     libucrt:mbrtoc32.obj
 0005:00000000       MoveSmall                  0000000140021000     libvcruntime:memcpy.obj
 0005:00000040       MoveSmallYmm               0000000140021040     libvcruntime:memcpy.obj
 0005:00000064       MoveSmallYmmNT             0000000140021064     libvcruntime:memcpy.obj
 0005:00000088       MoveSmallXmm               0000000140021088     libvcruntime:memcpy.obj
 0005:000000b0       SetSmall                   00000001400210b0     libvcruntime:memset.obj
 0005:000000f0       SetSmallYmm                00000001400210f0     libvcruntime:memset.obj
 0005:00000114       SetSmallYmmNT              0000000140021114     libvcruntime:memset.obj
 0005:00000138       SetSmallXmm                0000000140021138     libvcruntime:memset.obj
