 8086_decoder

 Timestamp is 65a52ab4 (Mon Jan 15 13:53:08 2024)

 Preferred load address is 0000000140000000

 Start         Length     Name                   Class
 0001:00000000 0001b710H .text$mn                CODE
 0001:0001b710 00000040H .text$mn$00             CODE
 0001:0001b750 00000440H .text$x                 CODE
 0002:00000000 00000278H .idata$5                DATA
 0002:00000278 00000038H .00cfg                  DATA
 0002:000002b0 00000008H .CRT$XCA                DATA
 0002:000002b8 00000008H .CRT$XCAA               DATA
 0002:000002c0 00000008H .CRT$XCZ                DATA
 0002:000002c8 00000008H .CRT$XIA                DATA
 0002:000002d0 00000008H .CRT$XIAA               DATA
 0002:000002d8 00000008H .CRT$XIAC               DATA
 0002:000002e0 00000020H .CRT$XIC                DATA
 0002:00000300 00000008H .CRT$XIZ                DATA
 0002:00000308 00000008H .CRT$XPA                DATA
 0002:00000310 00000010H .CRT$XPX                DATA
 0002:00000320 00000008H .CRT$XPXA               DATA
 0002:00000328 00000008H .CRT$XPZ                DATA
 0002:00000330 00000008H .CRT$XTA                DATA
 0002:00000338 00000008H .CRT$XTZ                DATA
 0002:00000340 00000000H .gehcont$y              DATA
 0002:00000340 00000000H .gfids$y                DATA
 0002:00000340 00008d40H .rdata                  DATA
 0002:00009080 00000000H .rdata$CastGuardVftablesA DATA
 0002:00009080 00000000H .rdata$CastGuardVftablesC DATA
 0002:00009080 0000016cH .rdata$r                DATA
 0002:000091ec 00000370H .rdata$voltmd           DATA
 0002:0000955c 00000364H .rdata$zzzdbg           DATA
 0002:000098c0 00000008H .rtc$IAA                DATA
 0002:000098c8 00000008H .rtc$IZZ                DATA
 0002:000098d0 00000008H .rtc$TAA                DATA
 0002:000098d8 00000008H .rtc$TZZ                DATA
 0002:000098e0 00001310H .xdata                  DATA
 0002:0000abf0 00000084H .xdata$x                DATA
 0002:0000ac74 00000000H .edata                  DATA
 0002:0000ac74 00000014H .idata$2                DATA
 0002:0000ac88 00000018H .idata$3                DATA
 0002:0000aca0 00000278H .idata$4                DATA
 0002:0000af18 0000059aH .idata$6                DATA
 0003:00000000 00000b20H .data                   DATA
 0003:00000b20 00000050H .data$r                 DATA
 0003:00000b70 00000020H .data$rs                DATA
 0003:00000b90 000019d8H .bss                    DATA
 0004:00000000 00001608H .pdata                  DATA
 0005:00000000 0000015cH _RDATA                  DATA

  Address         Publics by Value              Rva+Base               Lib:Object

 0000:00000000       __AbsoluteZero             0000000000000000     <absolute>
 0000:00000000       ___safe_se_handler_count   0000000000000000     <absolute>
 0000:00000000       ___safe_se_handler_table   0000000000000000     <absolute>
 0000:00000000       __arm64x_extra_rfe_table   0000000000000000     <absolute>
 0000:00000000       __arm64x_extra_rfe_table_size 0000000000000000     <absolute>
 0000:00000000       __arm64x_native_entrypoint 0000000000000000     <absolute>
 0000:00000000       __arm64x_redirection_metadata 0000000000000000     <absolute>
 0000:00000000       __arm64x_redirection_metadata_count 0000000000000000     <absolute>
 0000:00000000       __dynamic_value_reloc_table 0000000000000000     <absolute>
 0000:00000000       __enclave_config           0000000000000000     <absolute>
 0000:00000000       __guard_check_icall_a64n_fptr 0000000000000000     <absolute>
 0000:00000000       __guard_eh_cont_count      0000000000000000     <absolute>
 0000:00000000       __guard_eh_cont_table      0000000000000000     <absolute>
 0000:00000000       __guard_fids_count         0000000000000000     <absolute>
 0000:00000000       __guard_fids_table         0000000000000000     <absolute>
 0000:00000000       __guard_iat_count          0000000000000000     <absolute>
 0000:00000000       __guard_iat_table          0000000000000000     <absolute>
 0000:00000000       __guard_longjmp_count      0000000000000000     <absolute>
 0000:00000000       __guard_longjmp_table      0000000000000000     <absolute>
 0000:00000000       __hybrid_auxiliary_delayload_iat 0000000000000000     <absolute>
 0000:00000000       __hybrid_auxiliary_delayload_iat_copy 0000000000000000     <absolute>
 0000:00000000       __hybrid_auxiliary_iat     0000000000000000     <absolute>
 0000:00000000       __hybrid_auxiliary_iat_copy 0000000000000000     <absolute>
 0000:00000000       __hybrid_code_map          0000000000000000     <absolute>
 0000:00000000       __hybrid_code_map_count    0000000000000000     <absolute>
 0000:00000000       __hybrid_image_info_bitfield 0000000000000000     <absolute>
 0000:00000000       __x64_code_ranges_to_entry_points 0000000000000000     <absolute>
 0000:00000000       __x64_code_ranges_to_entry_points_count 0000000000000000     <absolute>
 0000:00000100       __guard_flags              0000000000000100     <absolute>
 0000:00000000       __ImageBase                0000000140000000     <linker-defined>
 0001:000062a0       main                       00000001400072a0 f   8086_decoder.obj
 0001:00006e00       ?OutChar@@YAXPEAUformat_cursor@@D@Z 0000000140007e00 f i 8086_decoder.obj
 0001:00006e50       ?ReadVarArgFloat@@YANIPEAPEAD@Z 0000000140007e50 f i 8086_decoder.obj
 0001:00007010       ?ReadVarArgSignedInteger@@YA_JIPEAPEAD@Z 0000000140008010 f i 8086_decoder.obj
 0001:00007200       ?ReadVarArgUnsignedInteger@@YA_KIPEAPEAD@Z 0000000140008200 f i 8086_decoder.obj
 0001:000073f0       ?SafeTruncateUInt64@@YAI_K@Z 00000001400083f0 f i 8086_decoder.obj
 0001:00007420       __local_stdio_printf_options 0000000140008420 f i 8086_decoder.obj
 0001:00007430       _vfprintf_l                0000000140008430 f i 8086_decoder.obj
 0001:00007480       printf                     0000000140008480 f i 8086_decoder.obj
 0001:000074d8       __GSHandlerCheck           00000001400084d8 f   LIBCMT:gshandler.obj
 0001:000074f8       __GSHandlerCheckCommon     00000001400084f8 f   LIBCMT:gshandler.obj
 0001:00007570       __security_check_cookie    0000000140008570 f   LIBCMT:amdsecgs.obj
 0001:000077f0       mainCRTStartup             00000001400087f0 f   LIBCMT:exe_main.obj
 0001:00007804       __raise_securityfailure    0000000140008804 f   LIBCMT:gs_report.obj
 0001:00007838       __report_gsfailure         0000000140008838 f   LIBCMT:gs_report.obj
 0001:0000790c       __report_rangecheckfailure 000000014000890c f   LIBCMT:gs_report.obj
 0001:00007920       __report_securityfailure   0000000140008920 f   LIBCMT:gs_report.obj
 0001:00007aa0       __scrt_acquire_startup_lock 0000000140008aa0 f   LIBCMT:utility.obj
 0001:00007adc       __scrt_initialize_crt      0000000140008adc f   LIBCMT:utility.obj
 0001:00007b28       __scrt_initialize_onexit_tables 0000000140008b28 f   LIBCMT:utility.obj
 0001:00007bb4       __scrt_is_nonwritable_in_current_image 0000000140008bb4 f   LIBCMT:utility.obj
 0001:00007c4c       __scrt_release_startup_lock 0000000140008c4c f   LIBCMT:utility.obj
 0001:00007c70       __scrt_uninitialize_crt    0000000140008c70 f   LIBCMT:utility.obj
 0001:00007c9c       _onexit                    0000000140008c9c f   LIBCMT:utility.obj
 0001:00007cd8       atexit                     0000000140008cd8 f   LIBCMT:utility.obj
 0001:00007cf0       __security_init_cookie     0000000140008cf0 f   LIBCMT:gs_support.obj
 0001:00007d9c       __scrt_exe_initialize_mta  0000000140008d9c f   LIBCMT:utility_desktop.obj
 0001:00007d9c       __scrt_initialize_winrt    0000000140008d9c f   LIBCMT:utility_desktop.obj
 0001:00007d9c       __scrt_stub_for_initialize_mta 0000000140008d9c f   LIBCMT:utility_desktop.obj
 0001:00007d9c       _get_startup_commit_mode   0000000140008d9c f   LIBCMT:commit_mode.obj
 0001:00007d9c       _get_startup_new_mode      0000000140008d9c f   LIBCMT:new_mode.obj
 0001:00007d9c       _get_startup_thread_locale_mode 0000000140008d9c f   LIBCMT:thread_locale.obj
 0001:00007d9c       _matherr                   0000000140008d9c f   LIBCMT:matherr.obj
 0001:00007da0       _get_startup_argv_mode     0000000140008da0 f   LIBCMT:argv_mode.obj
 0001:00007da8       _get_startup_file_mode     0000000140008da8 f   LIBCMT:file_mode.obj
 0001:00007db0       ?__scrt_initialize_type_info@@YAXXZ 0000000140008db0 f   LIBCMT:tncleanup.obj
 0001:00007dc0       __acrt_uninitialize_command_line 0000000140008dc0 f   libucrt:argv_data.obj
 0001:00007dc0       _should_initialize_environment 0000000140008dc0 f   LIBCMT:env_mode.obj
 0001:00007dc4       _guard_check_icall_nop     0000000140008dc4 f   LIBCMT:guard_support.obj
 0001:00007dc4       _initialize_denormal_control 0000000140008dc4 f   LIBCMT:denormal_control.obj
 0001:00007dc4       _initialize_invalid_parameter_handler 0000000140008dc4 f   LIBCMT:invalid_parameter_handler.obj
 0001:00007dc8       __local_stdio_scanf_options 0000000140008dc8 f i LIBCMT:default_local_stdio_options.obj
 0001:00007dd0       __scrt_initialize_default_local_stdio_options 0000000140008dd0 f   LIBCMT:default_local_stdio_options.obj
 0001:00007dec       __scrt_is_user_matherr_present 0000000140008dec f   LIBCMT:matherr_detection.obj
 0001:00007df8       __scrt_get_dyn_tls_init_callback 0000000140008df8 f   LIBCMT:dyn_tls_init.obj
 0001:00007e00       __scrt_get_dyn_tls_dtor_callback 0000000140008e00 f   LIBCMT:dyn_tls_dtor.obj
 0001:00007e08       __crt_debugger_hook        0000000140008e08 f   LIBCMT:utility_desktop.obj
 0001:00007e10       __scrt_fastfail            0000000140008e10 f   LIBCMT:utility_desktop.obj
 0001:00007f5c       __scrt_initialize_mta      0000000140008f5c f   LIBCMT:utility_desktop.obj
 0001:00007f64       __scrt_is_managed_app      0000000140008f64 f   LIBCMT:utility_desktop.obj
 0001:00007fb8       __scrt_set_unhandled_exception_filter 0000000140008fb8 f   LIBCMT:utility_desktop.obj
 0001:00007fc8       __scrt_unhandled_exception_filter 0000000140008fc8 f   LIBCMT:utility_desktop.obj
 0001:00008024       _RTC_Initialize            0000000140009024 f   LIBCMT:initsect.obj
 0001:00008060       _RTC_Terminate             0000000140009060 f   LIBCMT:initsect.obj
 0001:0000809c       __isa_available_init       000000014000909c f   LIBCMT:cpu_disp.obj
 0001:00008248       __scrt_is_ucrt_dll_in_use  0000000140009248 f   LIBCMT:ucrt_detection.obj
 0001:00008260       __C_specific_handler       0000000140009260 f   libvcruntime:riscchandler.obj
 0001:00008458       __vcrt_initialize          0000000140009458 f   libvcruntime:initialization.obj
 0001:00008480       __vcrt_uninitialize        0000000140009480 f   libvcruntime:initialization.obj
 0001:0000849c       __std_type_info_compare    000000014000949c f   libvcruntime:std_type_info.obj
 0001:000084c4       __DestructExceptionObject  00000001400094c4 f   libvcruntime:ehhelpers.obj
 0001:00008534       ?_CallMemberFunction0@@YAXQEAX0@Z 0000000140009534 f i libvcruntime:ehhelpers.obj
 0001:00008538       _IsExceptionObjectToBeDestroyed 0000000140009538 f   libvcruntime:ehhelpers.obj
 0001:00008568       __AdjustPointer            0000000140009568 f   libvcruntime:ehhelpers.obj
 0001:0000858c       __FrameUnwindFilter        000000014000958c f   libvcruntime:ehhelpers.obj
 0001:000085f4       __current_exception        00000001400095f4 f   libvcruntime:ehhelpers.obj
 0001:00008608       __current_exception_context 0000000140009608 f   libvcruntime:ehhelpers.obj
 0001:0000861c       __std_terminate            000000014000961c f   libvcruntime:ehhelpers.obj
 0001:00008640       memset_repstos             0000000140009640 f   libvcruntime:memset.obj
 0001:00008660       memset                     0000000140009660 f   libvcruntime:memset.obj
 0001:00008a00       _NLG_Notify                0000000140009a00 f   libvcruntime:notify.obj
 0001:00008a20       __NLG_Dispatch2            0000000140009a20 f   libvcruntime:notify.obj
 0001:00008a30       __NLG_Return2              0000000140009a30 f   libvcruntime:notify.obj
 0001:00008a34       __except_validate_context_record 0000000140009a34 f   libvcruntime:jbcxrval.obj
 0001:00008a6c       __vcrt_freefls             0000000140009a6c f   libvcruntime:per_thread_data.obj
 0001:00008a8c       __vcrt_getptd              0000000140009a8c f   libvcruntime:per_thread_data.obj
 0001:00008aa8       __vcrt_getptd_noexit       0000000140009aa8 f   libvcruntime:per_thread_data.obj
 0001:00008b68       __vcrt_initialize_ptd      0000000140009b68 f   libvcruntime:per_thread_data.obj
 0001:00008bb0       __vcrt_uninitialize_ptd    0000000140009bb0 f   libvcruntime:per_thread_data.obj
 0001:00008bd4       __vcrt_initialize_locks    0000000140009bd4 f   libvcruntime:locks.obj
 0001:00008c1c       __vcrt_uninitialize_locks  0000000140009c1c f   libvcruntime:locks.obj
 0001:00008da4       __vcrt_FlsAlloc            0000000140009da4 f   libvcruntime:winapi_downlevel.obj
 0001:00008dec       __vcrt_FlsFree             0000000140009dec f   libvcruntime:winapi_downlevel.obj
 0001:00008e34       __vcrt_FlsGetValue         0000000140009e34 f   libvcruntime:winapi_downlevel.obj
 0001:00008e7c       __vcrt_FlsSetValue         0000000140009e7c f   libvcruntime:winapi_downlevel.obj
 0001:00008ed0       __vcrt_InitializeCriticalSectionEx 0000000140009ed0 f   libvcruntime:winapi_downlevel.obj
 0001:00008f34       ??$_CallSETranslator@V__FrameHandler3@@@@YAHPEAUEHExceptionRecord@@PEA_KPEAU_CONTEXT@@PEAU_xDISPATCHER_CONTEXT@@PEBU_s_FuncInfo@@K1H@Z 0000000140009f34 f i libvcruntime:risctrnsctrl.obj
 0001:00008f88       ?CatchTryBlock@__FrameHandler3@@SAPEBU_s_TryBlockMapEntry@@PEBU_s_FuncInfo@@H@Z 0000000140009f88 f   libvcruntime:risctrnsctrl.obj
 0001:00008fec       ?ExecutionInCatch@__FrameHandler3@@SA_NPEAU_xDISPATCHER_CONTEXT@@PEBU_s_FuncInfo@@@Z 0000000140009fec f   libvcruntime:risctrnsctrl.obj
 0001:00009018       ?FrameUnwindToEmptyState@__FrameHandler3@@SAXPEA_KPEAU_xDISPATCHER_CONTEXT@@PEBU_s_FuncInfo@@@Z 000000014000a018 f   libvcruntime:risctrnsctrl.obj
 0001:0000907c       ?GetEstablisherFrame@__FrameHandler3@@SAPEA_KPEA_KPEAU_xDISPATCHER_CONTEXT@@PEBU_s_FuncInfo@@0@Z 000000014000a07c f   libvcruntime:risctrnsctrl.obj
 0001:00009148       ?GetRangeOfTrysToCheck@__FrameHandler3@@SA?AU?$pair@Viterator@TryBlockMap@__FrameHandler3@@V123@@std@@AEAVTryBlockMap@1@HPEAU_xDISPATCHER_CONTEXT@@PEBU_s_FuncInfo@@H@Z 000000014000a148 f   libvcruntime:risctrnsctrl.obj
 0001:00009288       ?UnwindNestedFrames@__FrameHandler3@@SAXPEA_KPEAUEHExceptionRecord@@PEAU_CONTEXT@@0PEAXPEBU_s_FuncInfo@@HHPEBU_s_HandlerType@@PEAU_xDISPATCHER_CONTEXT@@E@Z 000000014000a288 f   libvcruntime:risctrnsctrl.obj
 0001:0000938c       _CreateFrameInfo           000000014000a38c f   libvcruntime:risctrnsctrl.obj
 0001:000093c8       _FindAndUnlinkFrame        000000014000a3c8 f   libvcruntime:risctrnsctrl.obj
 0001:0000941c       _GetImageBase              000000014000a41c f   libvcruntime:risctrnsctrl.obj
 0001:00009430       _GetThrowImageBase         000000014000a430 f   libvcruntime:risctrnsctrl.obj
 0001:00009444       _SetImageBase              000000014000a444 f   libvcruntime:risctrnsctrl.obj
 0001:0000945c       _SetThrowImageBase         000000014000a45c f   libvcruntime:risctrnsctrl.obj
 0001:00009474       __CxxFrameHandler3         000000014000a474 f   libvcruntime:risctrnsctrl.obj
 0001:00009510       memcpy_repmovs             000000014000a510 f   libvcruntime:memcpy.obj
 0001:00009530       memcpy                     000000014000a530 f   libvcruntime:memcpy.obj
 0001:00009530       memmove                    000000014000a530 f   libvcruntime:memcpy.obj
 0001:00009ba0       ?GetCurrentState@__FrameHandler3@@SAHPEA_KPEAU_xDISPATCHER_CONTEXT@@PEBU_s_FuncInfo@@@Z 000000014000aba0 f   libvcruntime:ehstate.obj
 0001:00009bc8       ?GetUnwindTryBlock@__FrameHandler3@@SAHPEA_KPEAU_xDISPATCHER_CONTEXT@@PEBU_s_FuncInfo@@@Z 000000014000abc8 f   libvcruntime:ehstate.obj
 0001:00009bf4       ?SetState@__FrameHandler3@@SAXPEA_KPEBU_s_FuncInfo@@H@Z 000000014000abf4 f   libvcruntime:ehstate.obj
 0001:00009c00       ?SetUnwindTryBlock@__FrameHandler3@@SAXPEA_KPEAU_xDISPATCHER_CONTEXT@@PEBU_s_FuncInfo@@H@Z 000000014000ac00 f   libvcruntime:ehstate.obj
 0001:00009c3c       ?StateFromControlPc@__FrameHandler3@@SAHPEBU_s_FuncInfo@@PEAU_xDISPATCHER_CONTEXT@@@Z 000000014000ac3c f   libvcruntime:ehstate.obj
 0001:00009c44       ?StateFromIp@__FrameHandler3@@SAHPEBU_s_FuncInfo@@PEAU_xDISPATCHER_CONTEXT@@_K@Z 000000014000ac44 f   libvcruntime:ehstate.obj
 0001:0000a734       ??$TypeMatchHelper@V__FrameHandler3@@@@YAHPEBU_s_HandlerType@@PEBU_s_CatchableType@@PEBU_s_ThrowInfo@@@Z 000000014000b734 f i libvcruntime:frame.obj
 0001:0000a874       ??$__InternalCxxFrameHandler@V__FrameHandler3@@@@YA?AW4_EXCEPTION_DISPOSITION@@PEAUEHExceptionRecord@@PEA_KPEAU_CONTEXT@@PEAU_xDISPATCHER_CONTEXT@@PEBU_s_FuncInfo@@H1E@Z 000000014000b874 f i libvcruntime:frame.obj
 0001:0000aaac       ??$__InternalCxxFrameHandlerWrapper@V__FrameHandler3@@@@YA?AW4_EXCEPTION_DISPOSITION@@PEAUEHExceptionRecord@@PEA_KPEAU_CONTEXT@@PEAU_xDISPATCHER_CONTEXT@@PEBU_s_FuncInfo@@H1E@Z 000000014000baac f i libvcruntime:frame.obj
 0001:0000aab4       ??0bad_exception@std@@QEAA@AEBV01@@Z 000000014000bab4 f i libvcruntime:frame.obj
 0001:0000aaf0       ??0bad_exception@std@@QEAA@XZ 000000014000baf0 f i libvcruntime:frame.obj
 0001:0000ab10       ??0exception@std@@QEAA@AEBV01@@Z 000000014000bb10 f i libvcruntime:frame.obj
 0001:0000ab44       ??1bad_exception@std@@UEAA@XZ 000000014000bb44 f i libvcruntime:frame.obj
 0001:0000ab58       ??_Ebad_exception@std@@UEAAPEAXI@Z 000000014000bb58 f i libvcruntime:frame.obj
 0001:0000ab58       ??_Eexception@std@@UEAAPEAXI@Z 000000014000bb58 f i libvcruntime:frame.obj
 0001:0000ab58       ??_Gbad_exception@std@@UEAAPEAXI@Z 000000014000bb58 f i libvcruntime:frame.obj
 0001:0000ab58       ??_Gexception@std@@UEAAPEAXI@Z 000000014000bb58 f i libvcruntime:frame.obj
 0001:0000ab9c       ?CxxCallCatchBlock@__FrameHandler3@@SAPEAXPEAU_EXCEPTION_RECORD@@@Z 000000014000bb9c f   libvcruntime:frame.obj
 0001:0000ae10       ?FrameUnwindToState@__FrameHandler3@@SAXPEA_KPEAU_xDISPATCHER_CONTEXT@@PEBU_s_FuncInfo@@H@Z 000000014000be10 f   libvcruntime:frame.obj
 0001:0000af9c       ?GetHandlerSearchState@__FrameHandler3@@SAHPEA_KPEAU_xDISPATCHER_CONTEXT@@PEBU_s_FuncInfo@@@Z 000000014000bf9c f i libvcruntime:frame.obj
 0001:0000b1ac       ?_CallMemberFunction1@@YAXQEAX00@Z 000000014000c1ac f i libvcruntime:frame.obj
 0001:0000b1b8       ?_CallMemberFunction2@@YAXQEAX00H@Z 000000014000c1b8 f i libvcruntime:frame.obj
 0001:0000b1c8       ?what@exception@std@@UEBAPEBDXZ 000000014000c1c8 f i libvcruntime:frame.obj
 0001:0000b1f0       _CallSettingFrame          000000014000c1f0 f   libvcruntime:handlers.obj
 0001:0000b240       _CallSettingFrame_LookupContinuationIndex 000000014000c240 f   libvcruntime:handlers.obj
 0001:0000b270       _CallSettingFrame_NotifyContinuationAddr 000000014000c270 f   libvcruntime:handlers.obj
 0001:0000b2a0       _CallSettingFrameEncoded   000000014000c2a0 f   libvcruntime:handlers.obj
 0001:0000b2e8       __std_exception_copy       000000014000c2e8 f   libvcruntime:std_exception.obj
 0001:0000b378       __std_exception_destroy    000000014000c378 f   libvcruntime:std_exception.obj
 0001:0000b3a0       _CxxThrowException         000000014000c3a0 f   libvcruntime:throw.obj
 0001:0000b448       __acrt_initialize_stdio    000000014000c448 f   libucrt:_file.obj
 0001:0000b568       __acrt_iob_func            000000014000c568 f   libucrt:_file.obj
 0001:0000b57c       __acrt_uninitialize_stdio  000000014000c57c f   libucrt:_file.obj
 0001:0000b5d8       _lock_file                 000000014000c5d8 f   libucrt:_file.obj
 0001:0000b5e4       _unlock_file               000000014000c5e4 f   libucrt:_file.obj
 0001:0000b630       ??$ensure_buffer_is_big_enough@D@formatting_buffer@__crt_stdio_output@@QEAA_N_KAEAV__crt_cached_ptd_host@@@Z 000000014000c630 f i libucrt:output.obj
 0001:0000b6d8       ??$parse_integer@KV?$c_string_character_source@D@__crt_strtox@@$0A@@__crt_strtox@@YAKAEAV__crt_cached_ptd_host@@V?$c_string_character_source@D@0@H_N@Z 000000014000c6d8 f i libucrt:output.obj
 0001:0000b98c       ??$type_case_integer@$07@?$output_processor@DV?$stream_output_adapter@D@__crt_stdio_output@@V?$standard_base@DV?$stream_output_adapter@D@__crt_stdio_output@@@2@@__crt_stdio_output@@AEAA_N_N@Z 000000014000c98c f i libucrt:output.obj
 0001:0000bb90       ??$type_case_integer@$09@?$output_processor@DV?$stream_output_adapter@D@__crt_stdio_output@@V?$standard_base@DV?$stream_output_adapter@D@__crt_stdio_output@@@2@@__crt_stdio_output@@AEAA_N_N@Z 000000014000cb90 f i libucrt:output.obj
 0001:0000bd94       ??$type_case_integer@$0BA@@?$output_processor@DV?$stream_output_adapter@D@__crt_stdio_output@@V?$standard_base@DV?$stream_output_adapter@D@__crt_stdio_output@@@2@@__crt_stdio_output@@AEAA_N_N@Z 000000014000cd94 f i libucrt:output.obj
 0001:0000bf98       ??$type_case_integer_parse_into_buffer@I$07@?$output_processor@DV?$stream_output_adapter@D@__crt_stdio_output@@V?$standard_base@DV?$stream_output_adapter@D@__crt_stdio_output@@@2@@__crt_stdio_output@@AEAAXI_N@Z 000000014000cf98 f i libucrt:output.obj
 0001:0000c008       ??$type_case_integer_parse_into_buffer@I$09@?$output_processor@DV?$stream_output_adapter@D@__crt_stdio_output@@V?$standard_base@DV?$stream_output_adapter@D@__crt_stdio_output@@@2@@__crt_stdio_output@@AEAAXI_N@Z 000000014000d008 f i libucrt:output.obj
 0001:0000c0b4       ??$type_case_integer_parse_into_buffer@I$0BA@@?$output_processor@DV?$stream_output_adapter@D@__crt_stdio_output@@V?$standard_base@DV?$stream_output_adapter@D@__crt_stdio_output@@@2@@__crt_stdio_output@@AEAAXI_N@Z 000000014000d0b4 f i libucrt:output.obj
 0001:0000c138       ??$type_case_integer_parse_into_buffer@_K$07@?$output_processor@DV?$stream_output_adapter@D@__crt_stdio_output@@V?$standard_base@DV?$stream_output_adapter@D@__crt_stdio_output@@@2@@__crt_stdio_output@@AEAAX_K_N@Z 000000014000d138 f i libucrt:output.obj
 0001:0000c1a8       ??$type_case_integer_parse_into_buffer@_K$09@?$output_processor@DV?$stream_output_adapter@D@__crt_stdio_output@@V?$standard_base@DV?$stream_output_adapter@D@__crt_stdio_output@@@2@@__crt_stdio_output@@AEAAX_K_N@Z 000000014000d1a8 f i libucrt:output.obj
 0001:0000c258       ??$type_case_integer_parse_into_buffer@_K$0BA@@?$output_processor@DV?$stream_output_adapter@D@__crt_stdio_output@@V?$standard_base@DV?$stream_output_adapter@D@__crt_stdio_output@@@2@@__crt_stdio_output@@AEAAX_K_N@Z 000000014000d258 f i libucrt:output.obj
 0001:0000c3f8       ?crop_zeroes@__crt_stdio_output@@YAXPEADQEAU__crt_locale_pointers@@@Z 000000014000d3f8 f i libucrt:output.obj
 0001:0000c470       ?get_raw_ptd@__crt_cached_ptd_host@@QEAAPEAU__acrt_ptd@@XZ 000000014000d470 f i libucrt:output.obj
 0001:0000c4d8       ?parse_int_from_format_string@?$output_processor@DV?$stream_output_adapter@D@__crt_stdio_output@@V?$standard_base@DV?$stream_output_adapter@D@__crt_stdio_output@@@2@@__crt_stdio_output@@AEAA_NQEAH@Z 000000014000d4d8 f i libucrt:output.obj
 0001:0000c568       ?process@?$output_processor@DV?$stream_output_adapter@D@__crt_stdio_output@@V?$standard_base@DV?$stream_output_adapter@D@__crt_stdio_output@@@2@@__crt_stdio_output@@QEAAHXZ 000000014000d568 f i libucrt:output.obj
 0001:0000c900       ?state_case_size@?$output_processor@DV?$stream_output_adapter@D@__crt_stdio_output@@V?$standard_base@DV?$stream_output_adapter@D@__crt_stdio_output@@@2@@__crt_stdio_output@@AEAA_NXZ 000000014000d900 f i libucrt:output.obj
 0001:0000ca88       ?state_case_type@?$output_processor@DV?$stream_output_adapter@D@__crt_stdio_output@@V?$standard_base@DV?$stream_output_adapter@D@__crt_stdio_output@@@2@@__crt_stdio_output@@AEAA_NXZ 000000014000da88 f i libucrt:output.obj
 0001:0000cec0       ?type_case_Z@?$output_processor@DV?$stream_output_adapter@D@__crt_stdio_output@@V?$standard_base@DV?$stream_output_adapter@D@__crt_stdio_output@@@2@@__crt_stdio_output@@AEAA_NXZ 000000014000dec0 f i libucrt:output.obj
 0001:0000cf3c       ?type_case_a@?$output_processor@DV?$stream_output_adapter@D@__crt_stdio_output@@V?$standard_base@DV?$stream_output_adapter@D@__crt_stdio_output@@@2@@__crt_stdio_output@@AEAA_NXZ 000000014000df3c f i libucrt:output.obj
 0001:0000d190       ?type_case_c_tchar@?$output_processor@DV?$stream_output_adapter@D@__crt_stdio_output@@V?$standard_base@DV?$stream_output_adapter@D@__crt_stdio_output@@@2@@__crt_stdio_output@@AEAA_ND@Z 000000014000e190 f i libucrt:output.obj
 0001:0000d264       ?type_case_n@?$output_processor@DV?$stream_output_adapter@D@__crt_stdio_output@@V?$standard_base@DV?$stream_output_adapter@D@__crt_stdio_output@@@2@@__crt_stdio_output@@AEAA_NXZ 000000014000e264 f i libucrt:output.obj
 0001:0000d31c       ?type_case_s@?$output_processor@DV?$stream_output_adapter@D@__crt_stdio_output@@V?$standard_base@DV?$stream_output_adapter@D@__crt_stdio_output@@@2@@__crt_stdio_output@@AEAA_NXZ 000000014000e31c f i libucrt:output.obj
 0001:0000d3c0       ?update_locale_slow@__crt_cached_ptd_host@@AEAAXXZ 000000014000e3c0 f i libucrt:output.obj
 0001:0000d438       ?validate_stream_is_ansi_if_required@?$__acrt_stdio_char_traits@D@@SA_NQEAU_iobuf@@@Z 000000014000e438 f i libucrt:output.obj
 0001:0000d4d4       ?write_string_impl@?$output_adapter_common@DV?$stream_output_adapter@D@__crt_stdio_output@@@__crt_stdio_output@@IEBAXQEBDHQEAHAEAV__crt_cached_ptd_host@@@Z 000000014000e4d4 f i libucrt:output.obj
 0001:0000d5a0       __stdio_common_vfprintf    000000014000e5a0 f   libucrt:output.obj
 0001:0000d6c4       _seh_filter_exe            000000014000e6c4 f   libucrt:exception_filter.obj
 0001:0000d848       _query_app_type            000000014000e848 f   libucrt:report_runtime_error.obj
 0001:0000d850       _set_app_type              000000014000e850 f   libucrt:report_runtime_error.obj
 0001:0000d858       __acrt_has_user_matherr    000000014000e858 f   libucrt:matherr.obj
 0001:0000d878       __acrt_initialize_user_matherr 000000014000e878 f   libucrt:matherr.obj
 0001:0000d880       __acrt_invoke_user_matherr 000000014000e880 f   libucrt:matherr.obj
 0001:0000d8bc       __setusermatherr           000000014000e8bc f   libucrt:matherr.obj
 0001:0000daac       __acrt_allocate_buffer_for_argv 000000014000eaac f   libucrt:argv_parsing.obj
 0001:0000db0c       _configure_narrow_argv     000000014000eb0c f   libucrt:argv_parsing.obj
 0001:0000df74       __dcrt_get_or_create_narrow_environment_nolock 000000014000ef74 f   libucrt:environment_initialization.obj
 0001:0000dfb0       __dcrt_uninitialize_environments_nolock 000000014000efb0 f   libucrt:environment_initialization.obj
 0001:0000dff4       _get_initial_narrow_environment 000000014000eff4 f   libucrt:environment_initialization.obj
 0001:0000e044       _initialize_narrow_environment 000000014000f044 f   libucrt:environment_initialization.obj
 0001:0000e04c       _initterm                  000000014000f04c f   libucrt:initterm.obj
 0001:0000e090       _initterm_e                000000014000f090 f   libucrt:initterm.obj
 0001:0000e36c       __acrt_initialize_thread_local_exit_callback 000000014000f36c f   libucrt:exit.obj
 0001:0000e374       _c_exit                    000000014000f374 f   libucrt:exit.obj
 0001:0000e384       _cexit                     000000014000f384 f   libucrt:exit.obj
 0001:0000e394       _exit                      000000014000f394 f   libucrt:exit.obj
 0001:0000e3a0       _register_thread_local_exe_atexit_callback 000000014000f3a0 f   libucrt:exit.obj
 0001:0000e3e0       exit                       000000014000f3e0 f   libucrt:exit.obj
 0001:0000e3ec       _set_fmode                 000000014000f3ec f   libucrt:setmode.obj
 0001:0000e42c       __acrt_initialize_command_line 000000014000f42c f   libucrt:argv_data.obj
 0001:0000e454       __p___argc                 000000014000f454 f   libucrt:argv_data.obj
 0001:0000e45c       __p___argv                 000000014000f45c f   libucrt:argv_data.obj
 0001:0000e4d4       __acrt_set_locale_changed  000000014000f4d4 f   libucrt:wsetlocale.obj
 0001:0000e4e0       __acrt_uninitialize_locale 000000014000f4e0 f   libucrt:wsetlocale.obj
 0001:0000e510       _configthreadlocale        000000014000f510 f   libucrt:wsetlocale.obj
 0001:0000e57c       _query_new_mode            000000014000f57c f   libucrt:new_mode.obj
 0001:0000e584       _set_new_mode              000000014000f584 f   libucrt:new_mode.obj
 0001:0000e5b0       __p__commode               000000014000f5b0 f   libucrt:ncommode.obj
 0001:0000e900       _crt_atexit                000000014000f900 f   libucrt:onexit.obj
 0001:0000e910       _execute_onexit_table      000000014000f910 f   libucrt:onexit.obj
 0001:0000e954       _initialize_onexit_table   000000014000f954 f   libucrt:onexit.obj
 0001:0000e97c       _register_onexit_function  000000014000f97c f   libucrt:onexit.obj
 0001:0000eaf0       __acrt_initialize          000000014000faf0 f   libucrt:initialization.obj
 0001:0000eb04       __acrt_uninitialize        000000014000fb04 f   libucrt:initialization.obj
 0001:0000eb3c       terminate                  000000014000fb3c f   libucrt:terminate.obj
 0001:0000eb68       free                       000000014000fb68 f   libucrt:free.obj
 0001:0000eb7c       malloc                     000000014000fb7c f   libucrt:malloc.obj
 0001:0000eb84       strcpy_s                   000000014000fb84 f   libucrt:strcpy_s.obj
 0001:0000ebe4       abort                      000000014000fbe4 f   libucrt:abort.obj
 0001:0000ec3c       calloc                     000000014000fc3c f   libucrt:calloc.obj
 0001:0000ec60       strncmp                    000000014000fc60 f   libucrt:strncmp.obj
 0001:0000ece0       wcsncmp                    000000014000fce0 f   libucrt:wcsncmp.obj
 0001:0000ed0c       ?get_raw_ptd_noexit@__crt_cached_ptd_host@@QEAAPEAU__acrt_ptd@@XZ 000000014000fd0c f i libucrt:invalid_parameter.obj
 0001:0000ed78       ?value@?$dual_state_global@P6AXPEB_W00I_K@Z@__crt_state_management@@QEAAAEAP6AXPEB_W00I_K@ZAEAV__crt_cached_ptd_host@@@Z 000000014000fd78 f i libucrt:invalid_parameter.obj
 0001:0000edc4       __acrt_call_reportfault    000000014000fdc4 f   libucrt:invalid_parameter.obj
 0001:0000ef20       __acrt_initialize_invalid_parameter_handler 000000014000ff20 f   libucrt:invalid_parameter.obj
 0001:0000ef28       _invalid_parameter         000000014000ff28 f   libucrt:invalid_parameter.obj
 0001:0000efc4       _invalid_parameter_internal 000000014000ffc4 f   libucrt:invalid_parameter.obj
 0001:0000f090       _invalid_parameter_noinfo  0000000140010090 f   libucrt:invalid_parameter.obj
 0001:0000f0b0       _invoke_watson             00000001400100b0 f   libucrt:invalid_parameter.obj
 0001:0000f0f8       __acrt_errno_from_os_error 00000001400100f8 f   libucrt:errno.obj
 0001:0000f140       __acrt_errno_map_os_error  0000000140010140 f   libucrt:errno.obj
 0001:0000f188       __acrt_errno_map_os_error_ptd 0000000140010188 f   libucrt:errno.obj
 0001:0000f1ac       __doserrno                 00000001400101ac f   libucrt:errno.obj
 0001:0000f1cc       _errno                     00000001400101cc f   libucrt:errno.obj
 0001:0000f1ec       _calloc_base               00000001400101ec f   libucrt:calloc_base.obj
 0001:0000f264       _free_base                 0000000140010264 f   libucrt:free_base.obj
 0001:0000f45c       __acrt_AppPolicyGetProcessTerminationMethodInternal 000000014001045c f   libucrt:winapi_thunks.obj
 0001:0000f4b4       __acrt_AreFileApisANSI     00000001400104b4 f   libucrt:winapi_thunks.obj
 0001:0000f4f8       __acrt_CompareStringEx     00000001400104f8 f   libucrt:winapi_thunks.obj
 0001:0000f5e4       __acrt_FlsAlloc            00000001400105e4 f   libucrt:winapi_thunks.obj
 0001:0000f5ec       __acrt_FlsFree             00000001400105ec f   libucrt:winapi_thunks.obj
 0001:0000f5f4       __acrt_FlsGetValue         00000001400105f4 f   libucrt:winapi_thunks.obj
 0001:0000f5fc       __acrt_FlsSetValue         00000001400105fc f   libucrt:winapi_thunks.obj
 0001:0000f604       __acrt_InitializeCriticalSectionEx 0000000140010604 f   libucrt:winapi_thunks.obj
 0001:0000f674       __acrt_LCMapStringEx       0000000140010674 f   libucrt:winapi_thunks.obj
 0001:0000f760       __acrt_LocaleNameToLCID    0000000140010760 f   libucrt:winapi_thunks.obj
 0001:0000f7c0       __acrt_initialize_winapi_thunks 00000001400107c0 f   libucrt:winapi_thunks.obj
 0001:0000f7e4       __acrt_uninitialize_winapi_thunks 00000001400107e4 f   libucrt:winapi_thunks.obj
 0001:0000f828       _fcloseall                 0000000140010828 f   libucrt:closeall.obj
 0001:0000fabc       __acrt_stdio_flush_nolock  0000000140010abc f   libucrt:fflush.obj
 0001:0000fb48       _fflush_nolock             0000000140010b48 f   libucrt:fflush.obj
 0001:0000fc1c       _flushall                  0000000140010c1c f   libucrt:fflush.obj
 0001:0000fc24       __acrt_stdio_free_buffer_nolock 0000000140010c24 f   libucrt:_freebuf.obj
 0001:0000fe60       __acrt_initialize_lowio    0000000140010e60 f   libucrt:ioinit.obj
 0001:0000fe9c       __acrt_uninitialize_lowio  0000000140010e9c f   libucrt:ioinit.obj
 0001:0000fedc       _malloc_base               0000000140010edc f   libucrt:malloc_base.obj
 0001:0000ff3c       strnlen                    0000000140010f3c f   libucrt:strnlen.obj
 0001:0001008c       wcsnlen                    000000014001108c f   libucrt:strnlen.obj
 0001:00010264       __acrt_update_locale_info  0000000140011264 f   libucrt:locale_update.obj
 0001:00010298       __acrt_update_locale_info_explicit 0000000140011298 f   libucrt:locale_update.obj
 0001:000102d0       __acrt_update_multibyte_info 00000001400112d0 f   libucrt:locale_update.obj
 0001:00010304       __acrt_update_multibyte_info_explicit 0000000140011304 f   libucrt:locale_update.obj
 0001:00010e50       __acrt_fp_format           0000000140011e50 f   libucrt:cvt.obj
 0001:00011138       _wctomb_internal           0000000140012138 f   libucrt:wctomb.obj
 0001:000112e8       _mbtowc_internal           00000001400122e8 f   libucrt:mbtowc.obj
 0001:00011460       _fileno                    0000000140012460 f   libucrt:fileno.obj
 0001:00011488       _get_printf_count_output   0000000140012488 f   libucrt:printf_count_output.obj
 0001:000114a0       _fputc_nolock_internal     00000001400124a0 f   libucrt:fputc.obj
 0001:000114b8       __acrt_should_use_temporary_buffer 00000001400124b8 f   libucrt:_sftbuf.obj
 0001:00011504       __acrt_stdio_begin_temporary_buffering_nolock 0000000140012504 f   libucrt:_sftbuf.obj
 0001:000115cc       __acrt_stdio_end_temporary_buffering_nolock 00000001400125cc f   libucrt:_sftbuf.obj
 0001:00011984       __acrt_getptd              0000000140012984 f   libucrt:per_thread_data.obj
 0001:00011a58       __acrt_getptd_head         0000000140012a58 f   libucrt:per_thread_data.obj
 0001:00011afc       __acrt_getptd_noexit       0000000140012afc f   libucrt:per_thread_data.obj
 0001:00011bc4       __acrt_getptd_noexit_explicit 0000000140012bc4 f   libucrt:per_thread_data.obj
 0001:00011c84       __acrt_initialize_ptd      0000000140012c84 f   libucrt:per_thread_data.obj
 0001:00011cc0       __acrt_uninitialize_ptd    0000000140012cc0 f   libucrt:per_thread_data.obj
 0001:00011cf8       ??$__acrt_convert_wcs_mbs_cp@D_WV<lambda_7c9dea7b4ca7285d2cdb541a38da6275>@@U__crt_win32_buffer_internal_dynamic_resizing@@@@YAHQEBDAEAV?$__crt_win32_buffer@_WU__crt_win32_buffer_internal_dynamic_resizing@@@@AEBV<lambda_7c9dea7b4ca7285d2cdb541a38da6275>@@I@Z 0000000140012cf8 f i libucrt:argv_wildcards.obj
 0001:00011e74       ??$__acrt_convert_wcs_mbs_cp@_WDV<lambda_d8593a27d1aa8c02be35c86a17d324c4>@@U__crt_win32_buffer_internal_dynamic_resizing@@@@YAHQEB_WAEAV?$__crt_win32_buffer@DU__crt_win32_buffer_internal_dynamic_resizing@@@@AEBV<lambda_d8593a27d1aa8c02be35c86a17d324c4>@@I@Z 0000000140012e74 f i libucrt:argv_wildcards.obj
 0001:00012718       ??0_LocaleUpdate@@QEAA@QEAU__crt_locale_pointers@@@Z 0000000140013718 f i libucrt:argv_wildcards.obj
 0001:000127b4       __acrt_expand_narrow_argv_wildcards 00000001400137b4 f   libucrt:argv_wildcards.obj
 0001:000127bc       ??$__acrt_convert_wcs_mbs_cp@_WDV<lambda_f788ae46380686e8b737efdd8c720d07>@@U__crt_win32_buffer_no_resizing@@@@YAHQEB_WAEAV?$__crt_win32_buffer@DU__crt_win32_buffer_no_resizing@@@@AEBV<lambda_f788ae46380686e8b737efdd8c720d07>@@I@Z 00000001400137bc f i libucrt:getmodulefilenamea.obj
 0001:000128d8       __acrt_GetModuleFileNameA  00000001400138d8 f   libucrt:getmodulefilenamea.obj
 0001:000131f4       __acrt_initialize_multibyte 00000001400141f4 f   libucrt:mbctype.obj
 0001:00013254       __acrt_update_thread_multibyte_data 0000000140014254 f   libucrt:mbctype.obj
 0001:00013270       _setmbcp_nolock            0000000140014270 f   libucrt:mbctype.obj
 0001:000135a4       _ismbblead                 00000001400145a4 f   libucrt:ismbbyte.obj
 0001:000135b8       __acrt_MultiByteToWideChar 00000001400145b8 f   libucrt:multibytetowidechar.obj
 0001:00013648       __acrt_WideCharToMultiByte 0000000140014648 f   libucrt:widechartomultibyte.obj
 0001:00013728       __dcrt_get_narrow_environment_from_os 0000000140014728 f   libucrt:get_environment_from_os.obj
 0001:00013c78       __dcrt_set_variable_in_narrow_environment_nolock 0000000140014c78 f   libucrt:setenv.obj
 0001:00013c80       __acrt_initialize_locks    0000000140014c80 f   libucrt:locks.obj
 0001:00013cc8       __acrt_lock                0000000140014cc8 f   libucrt:locks.obj
 0001:00013ce4       __acrt_uninitialize_locks  0000000140014ce4 f   libucrt:locks.obj
 0001:00013d1c       __acrt_unlock              0000000140014d1c f   libucrt:locks.obj
 0001:00013d38       __acrt_app_verifier_enabled 0000000140014d38 f   libucrt:peb_access.obj
 0001:00013d54       __acrt_is_secure_process   0000000140014d54 f   libucrt:peb_access.obj
 0001:00013d6c       __acrt_get_process_end_policy 0000000140014d6c f   libucrt:win_policies.obj
 0001:00013d9c       __acrt_lowio_create_handle_array 0000000140014d9c f   libucrt:osfinfo.obj
 0001:00013e44       __acrt_lowio_destroy_handle_array 0000000140014e44 f   libucrt:osfinfo.obj
 0001:00013e94       __acrt_lowio_ensure_fh_exists 0000000140014e94 f   libucrt:osfinfo.obj
 0001:00013f3c       __acrt_lowio_lock_fh       0000000140014f3c f   libucrt:osfinfo.obj
 0001:00013f64       __acrt_lowio_unlock_fh     0000000140014f64 f   libucrt:osfinfo.obj
 0001:00013f8c       _free_osfhnd               0000000140014f8c f   libucrt:osfinfo.obj
 0001:00014048       _get_osfhandle             0000000140015048 f   libucrt:osfinfo.obj
 0001:000140c0       __acrt_initialize_fmode    00000001400150c0 f   libucrt:txtmode.obj
 0001:000140dc       __acrt_locale_free_monetary 00000001400150dc f   libucrt:initmon.obj
 0001:000141e8       __acrt_locale_free_numeric 00000001400151e8 f   libucrt:initnum.obj
 0001:00014288       __acrt_locale_free_time    0000000140015288 f   libucrt:inittime.obj
 0001:00014390       __acrt_GetStringTypeA      0000000140015390 f   libucrt:getstringtypea.obj
 0001:00014520       __acrt_add_locale_ref      0000000140015520 f   libucrt:locale_refcounting.obj
 0001:000145ac       __acrt_free_locale         00000001400155ac f   libucrt:locale_refcounting.obj
 0001:00014724       __acrt_locale_add_lc_time_reference 0000000140015724 f   libucrt:locale_refcounting.obj
 0001:0001474c       __acrt_locale_free_lc_time_if_unreferenced 000000014001574c f   libucrt:locale_refcounting.obj
 0001:00014784       __acrt_locale_release_lc_time_reference 0000000140015784 f   libucrt:locale_refcounting.obj
 0001:000147ac       __acrt_release_locale_ref  00000001400157ac f   libucrt:locale_refcounting.obj
 0001:00014854       __acrt_update_thread_locale_data 0000000140015854 f   libucrt:locale_refcounting.obj
 0001:000148c4       _updatetlocinfoEx_nolock   00000001400158c4 f   libucrt:locale_refcounting.obj
 0001:0001492c       _recalloc_base             000000014001592c f   libucrt:recalloc.obj
 0001:000149c4       __acrt_initialize_heap     00000001400159c4 f   libucrt:heap_handle.obj
 0001:000149e0       __acrt_uninitialize_heap   00000001400159e0 f   libucrt:heap_handle.obj
 0001:000149ec       __acrt_execute_initializers 00000001400159ec f   libucrt:shared_initialization.obj
 0001:00014a80       __acrt_execute_uninitializers 0000000140015a80 f   libucrt:shared_initialization.obj
 0001:00014ac8       __acrt_initialize_new_handler 0000000140015ac8 f   libucrt:new_handler.obj
 0001:00014ad0       _callnewh                  0000000140015ad0 f   libucrt:new_handler.obj
 0001:00014b10       _query_new_handler         0000000140015b10 f   libucrt:new_handler.obj
 0001:00014b90       __acrt_get_sigabrt_handler 0000000140015b90 f   libucrt:signal.obj
 0001:00014bc0       __acrt_initialize_signal_handlers 0000000140015bc0 f   libucrt:signal.obj
 0001:00014be0       raise                      0000000140015be0 f   libucrt:signal.obj
 0001:00014e5c       __acrt_DownlevelLocaleNameToLCID 0000000140015e5c f   libucrt:lcidtoname_downlevel.obj
 0001:00015024       fclose                     0000000140016024 f   libucrt:fclose.obj
 0001:00015148       _commit                    0000000140016148 f   libucrt:commit.obj
 0001:000159e4       _write_internal            00000001400169e4 f   libucrt:write.obj
 0001:00015b04       _write_nolock              0000000140016b04 f   libucrt:write.obj
 0001:00015edc       __acrt_fp_strflt_to_string 0000000140016edc f   libucrt:_fptostr.obj
 0001:00015ff0       ?divide@__crt_strtox@@YA_KAEAUbig_integer@1@AEBU21@@Z 0000000140016ff0 f i libucrt:cfout.obj
 0001:0001648c       __acrt_fltout              000000014001748c f   libucrt:cfout.obj
 0001:000177a4       fegetround                 00000001400187a4 f   libucrt:fegetround.obj
 0001:000177b8       ?__c32rtomb_utf8@__crt_mbstring@@YA_KPEAD_UPEAU_Mbstatet@@AEAV__crt_cached_ptd_host@@@Z 00000001400187b8 f   libucrt:c32rtomb.obj
 0001:0001785c       ?__mbrtowc_utf8@__crt_mbstring@@YA_KPEA_WPEBD_KPEAU_Mbstatet@@AEAV__crt_cached_ptd_host@@@Z 000000014001885c f   libucrt:mbrtowc.obj
 0001:000178a0       ?__mbsrtowcs_utf8@__crt_mbstring@@YA_KPEA_WPEAPEBD_KPEAU_Mbstatet@@AEAV__crt_cached_ptd_host@@@Z 00000001400188a0 f   libucrt:mbrtowc.obj
 0001:00017bb8       __acrt_stdio_flush_and_write_narrow_nolock 0000000140018bb8 f   libucrt:_flsbuf.obj
 0001:00017c84       _isatty                    0000000140018c84 f   libucrt:isatty.obj
 0001:00017cf0       qsort                      0000000140018cf0 f   libucrt:qsort.obj
 0001:00018100       strncpy_s                  0000000140019100 f   libucrt:strncpy_s.obj
 0001:00018290       strpbrk                    0000000140019290 f   libucrt:strpbrk.obj
 0001:00018658       _mbsdec                    0000000140019658 f   libucrt:mbsdec.obj
 0001:00018660       _mbsdec_l                  0000000140019660 f   libucrt:mbsdec.obj
 0001:00018a28       __acrt_LCMapStringA        0000000140019a28 f   libucrt:lcmapstringa.obj
 0001:00018ad8       _strnicoll                 0000000140019ad8 f   libucrt:strnicol.obj
 0001:00018af0       _strnicoll_l               0000000140019af0 f   libucrt:strnicol.obj
 0001:00018bf0       __acrt_SetEnvironmentVariableA 0000000140019bf0 f   libucrt:setenvironmentvariablea.obj
 0001:00018d90       __ascii_wcsnicmp           0000000140019d90 f   libucrt:wcsnicmp.obj
 0001:00018ddc       _msize_base                0000000140019ddc f   libucrt:msize.obj
 0001:00018e18       _realloc_base              0000000140019e18 f   libucrt:realloc_base.obj
 0001:00018f0c       _close_internal            0000000140019f0c f   libucrt:close.obj
 0001:00018fd0       _close_nolock_internal     0000000140019fd0 f   libucrt:close.obj
 0001:000190a0       ?__acrt_stdio_free_stream@@YAXV__crt_stdio_stream@@@Z 000000014001a0a0 f   libucrt:stream.obj
 0001:00019288       _lseeki64                  000000014001a288 f   libucrt:lseek.obj
 0001:00019324       _lseeki64_nolock_internal  000000014001a324 f   libucrt:lseek.obj
 0001:0001932c       _putwch_nolock             000000014001a32c f   libucrt:putwch.obj
 0001:00019368       _controlfp_s               000000014001a368 f   libucrt:contrlfp.obj
 0001:000193cc       fegetenv                   000000014001a3cc f   libucrt:fegetenv.obj
 0001:000193ec       fesetenv                   000000014001a3ec f   libucrt:fesetenv.obj
 0001:00019444       feholdexcept               000000014001a444 f   libucrt:feholdexcept.obj
 0001:00019494       ceil                       000000014001a494 f   libucrt:ceil.obj
 0001:00019560       log10                      000000014001a560 f   libucrt:log10.obj
 0001:00019b0c       __acrt_fenv_get_common_round_control 000000014001ab0c f   libucrt:_fenvutils.obj
 0001:00019b18       __acrt_fenv_get_control    000000014001ab18 f   libucrt:_fenvutils.obj
 0001:00019bfc       __acrt_fenv_get_status     000000014001abfc f   libucrt:_fenvutils.obj
 0001:00019c54       __acrt_fenv_set_control    000000014001ac54 f   libucrt:_fenvutils.obj
 0001:00019d8c       __acrt_fenv_set_status     000000014001ad8c f   libucrt:_fenvutils.obj
 0001:00019e00       ?reset_and_return@__crt_mbstring@@YA_K_KPEAU_Mbstatet@@@Z 000000014001ae00 f   libucrt:common_utf8.obj
 0001:00019e08       ?return_illegal_sequence@__crt_mbstring@@YA_KPEAU_Mbstatet@@AEAV__crt_cached_ptd_host@@@Z 000000014001ae08 f   libucrt:common_utf8.obj
 0001:00019e1c       ?__mbrtoc32_utf8@__crt_mbstring@@YA_KPEA_UPEBD_KPEAU_Mbstatet@@AEAV__crt_cached_ptd_host@@@Z 000000014001ae1c f   libucrt:mbrtoc32.obj
 0001:00019ff8       __acrt_stdio_allocate_buffer_nolock 000000014001aff8 f   libucrt:_getbuf.obj
 0001:0001a064       __strncnt                  000000014001b064 f   libucrt:strncnt.obj
 0001:0001a07c       __ascii_strnicmp           000000014001b07c f   libucrt:strnicmp.obj
 0001:0001a0c8       _strnicmp                  000000014001b0c8 f   libucrt:strnicmp.obj
 0001:0001a118       _strnicmp_l                000000014001b118 f   libucrt:strnicmp.obj
 0001:0001a54c       __acrt_CompareStringA      000000014001b54c f   libucrt:comparestringa.obj
 0001:0001a5d8       __dcrt_lowio_ensure_console_output_initialized 000000014001b5d8 f   libucrt:initcon.obj
 0001:0001a62c       __dcrt_terminate_console_output 000000014001b62c f   libucrt:initcon.obj
 0001:0001a648       __dcrt_write_console       000000014001b648 f   libucrt:initcon.obj
 0001:0001a708       _clearfp                   000000014001b708 f   libucrt:ieee.obj
 0001:0001a774       _control87                 000000014001b774 f   libucrt:ieee.obj
 0001:0001ab3c       _handle_error              000000014001bb3c f   libucrt:libm_error.obj
 0001:0001ac64       _handle_nan                000000014001bc64 f   libucrt:libm_error.obj
 0001:0001ac80       __acrt_initialize_fma3     000000014001bc80 f   libucrt:fma3_available.obj
 0001:0001acf0       _log10_special             000000014001bcf0 f   libucrt:log_special.obj
 0001:0001adc0       _get_fpsr                  000000014001bdc0 f   libucrt:fpsr.obj
 0001:0001add0       _set_fpsr                  000000014001bdd0 f   libucrt:fpsr.obj
 0001:0001adda       _fclrf                     000000014001bdda f   libucrt:fpsr.obj
 0001:0001adee       _frnd                      000000014001bdee f   libucrt:fpsr.obj
 0001:0001ae10       _raise_exc                 000000014001be10 f   libucrt:fpexcept.obj
 0001:0001ae38       _raise_exc_ex              000000014001be38 f   libucrt:fpexcept.obj
 0001:0001b140       _set_errno_from_matherr    000000014001c140 f   libucrt:fpexcept.obj
 0001:0001b170       _clrfp                     000000014001c170 f   libucrt:fpctrl.obj
 0001:0001b190       _ctrlfp                    000000014001c190 f   libucrt:fpctrl.obj
 0001:0001b20c       _set_statfp                000000014001c20c f   libucrt:fpctrl.obj
 0001:0001b22c       _statfp                    000000014001c22c f   libucrt:fpctrl.obj
 0001:0001b240       _FindPESection             000000014001c240 f   LIBCMT:pesect.obj
 0001:0001b290       _IsNonwritableInCurrentImage 000000014001c290 f   LIBCMT:pesect.obj
 0001:0001b2e0       _ValidateImageBase         000000014001c2e0 f   LIBCMT:pesect.obj
 0001:0001b30c       ??_Etype_info@@UEAAPEAXI@Z 000000014001c30c f i LIBCMT:std_type_info_static.obj
 0001:0001b30c       ??_Gtype_info@@UEAAPEAXI@Z 000000014001c30c f i LIBCMT:std_type_info_static.obj
 0001:0001b338       ??3@YAXPEAX_K@Z            000000014001c338 f   LIBCMT:delete_scalar_size.obj
 0001:0001b350       __chkstk                   000000014001c350 f   LIBCMT:chkstk.obj
 0001:0001b350       _alloca_probe              000000014001c350 f   LIBCMT:chkstk.obj
 0001:0001b3a0       __GSHandlerCheck_EH        000000014001c3a0 f   LIBCMT:gshandlereh.obj
 0001:0001b420       ??3@YAXPEAX@Z              000000014001c420 f   LIBCMT:delete_scalar.obj
 0001:0001b440       memcmp                     000000014001c440 f   libvcruntime:memcmp.obj
 0001:0001b508       __C_specific_handler_noexcept 000000014001c508 f   libvcruntime:chandler_noexcept.obj
 0001:0001b554       strrchr                    000000014001c554 f   libvcruntime:strrchr.obj
 0001:0001b690       strchr                     000000014001c690 f   libvcruntime:strchr.obj
 0001:0001b720       _guard_dispatch_icall_nop  000000014001c720 f   LIBCMT:guard_dispatch.obj
 0001:0001b740       _guard_xfg_dispatch_icall_nop 000000014001c740 f   LIBCMT:guard_xfg_dispatch.obj
 0002:00000000       __imp_CreateFileA          000000014001d000     kernel32:KERNEL32.dll
 0002:00000008       __imp_GetFileSizeEx        000000014001d008     kernel32:KERNEL32.dll
 0002:00000010       __imp_ReadFile             000000014001d010     kernel32:KERNEL32.dll
 0002:00000018       __imp_WriteFile            000000014001d018     kernel32:KERNEL32.dll
 0002:00000020       __imp_CloseHandle          000000014001d020     kernel32:KERNEL32.dll
 0002:00000028       __imp_VirtualAlloc         000000014001d028     kernel32:KERNEL32.dll
 0002:00000030       __imp_VirtualFree          000000014001d030     kernel32:KERNEL32.dll
 0002:00000038       __imp_RtlCaptureContext    000000014001d038     kernel32:KERNEL32.dll
 0002:00000040       __imp_RtlLookupFunctionEntry 000000014001d040     kernel32:KERNEL32.dll
 0002:00000048       __imp_RtlVirtualUnwind     000000014001d048     kernel32:KERNEL32.dll
 0002:00000050       __imp_UnhandledExceptionFilter 000000014001d050     kernel32:KERNEL32.dll
 0002:00000058       __imp_SetUnhandledExceptionFilter 000000014001d058     kernel32:KERNEL32.dll
 0002:00000060       __imp_GetCurrentProcess    000000014001d060     kernel32:KERNEL32.dll
 0002:00000068       __imp_TerminateProcess     000000014001d068     kernel32:KERNEL32.dll
 0002:00000070       __imp_IsProcessorFeaturePresent 000000014001d070     kernel32:KERNEL32.dll
 0002:00000078       __imp_QueryPerformanceCounter 000000014001d078     kernel32:KERNEL32.dll
 0002:00000080       __imp_GetCurrentProcessId  000000014001d080     kernel32:KERNEL32.dll
 0002:00000088       __imp_GetCurrentThreadId   000000014001d088     kernel32:KERNEL32.dll
 0002:00000090       __imp_GetSystemTimeAsFileTime 000000014001d090     kernel32:KERNEL32.dll
 0002:00000098       __imp_InitializeSListHead  000000014001d098     kernel32:KERNEL32.dll
 0002:000000a0       __imp_IsDebuggerPresent    000000014001d0a0     kernel32:KERNEL32.dll
 0002:000000a8       __imp_GetStartupInfoW      000000014001d0a8     kernel32:KERNEL32.dll
 0002:000000b0       __imp_GetModuleHandleW     000000014001d0b0     kernel32:KERNEL32.dll
 0002:000000b8       __imp_WriteConsoleW        000000014001d0b8     kernel32:KERNEL32.dll
 0002:000000c0       __imp_RtlUnwindEx          000000014001d0c0     kernel32:KERNEL32.dll
 0002:000000c8       __imp_GetLastError         000000014001d0c8     kernel32:KERNEL32.dll
 0002:000000d0       __imp_SetLastError         000000014001d0d0     kernel32:KERNEL32.dll
 0002:000000d8       __imp_EnterCriticalSection 000000014001d0d8     kernel32:KERNEL32.dll
 0002:000000e0       __imp_LeaveCriticalSection 000000014001d0e0     kernel32:KERNEL32.dll
 0002:000000e8       __imp_DeleteCriticalSection 000000014001d0e8     kernel32:KERNEL32.dll
 0002:000000f0       __imp_InitializeCriticalSectionAndSpinCount 000000014001d0f0     kernel32:KERNEL32.dll
 0002:000000f8       __imp_TlsAlloc             000000014001d0f8     kernel32:KERNEL32.dll
 0002:00000100       __imp_TlsGetValue          000000014001d100     kernel32:KERNEL32.dll
 0002:00000108       __imp_TlsSetValue          000000014001d108     kernel32:KERNEL32.dll
 0002:00000110       __imp_TlsFree              000000014001d110     kernel32:KERNEL32.dll
 0002:00000118       __imp_FreeLibrary          000000014001d118     kernel32:KERNEL32.dll
 0002:00000120       __imp_GetProcAddress       000000014001d120     kernel32:KERNEL32.dll
 0002:00000128       __imp_LoadLibraryExW       000000014001d128     kernel32:KERNEL32.dll
 0002:00000130       __imp_EncodePointer        000000014001d130     kernel32:KERNEL32.dll
 0002:00000138       __imp_RaiseException       000000014001d138     kernel32:KERNEL32.dll
 0002:00000140       __imp_RtlPcToFileHeader    000000014001d140     kernel32:KERNEL32.dll
 0002:00000148       __imp_GetStdHandle         000000014001d148     kernel32:KERNEL32.dll
 0002:00000150       __imp_GetModuleFileNameW   000000014001d150     kernel32:KERNEL32.dll
 0002:00000158       __imp_ExitProcess          000000014001d158     kernel32:KERNEL32.dll
 0002:00000160       __imp_GetModuleHandleExW   000000014001d160     kernel32:KERNEL32.dll
 0002:00000168       __imp_GetCommandLineA      000000014001d168     kernel32:KERNEL32.dll
 0002:00000170       __imp_GetCommandLineW      000000014001d170     kernel32:KERNEL32.dll
 0002:00000178       __imp_HeapAlloc            000000014001d178     kernel32:KERNEL32.dll
 0002:00000180       __imp_HeapFree             000000014001d180     kernel32:KERNEL32.dll
 0002:00000188       __imp_FlsAlloc             000000014001d188     kernel32:KERNEL32.dll
 0002:00000190       __imp_FlsGetValue          000000014001d190     kernel32:KERNEL32.dll
 0002:00000198       __imp_FlsSetValue          000000014001d198     kernel32:KERNEL32.dll
 0002:000001a0       __imp_FlsFree              000000014001d1a0     kernel32:KERNEL32.dll
 0002:000001a8       __imp_CompareStringW       000000014001d1a8     kernel32:KERNEL32.dll
 0002:000001b0       __imp_LCMapStringW         000000014001d1b0     kernel32:KERNEL32.dll
 0002:000001b8       __imp_GetFileType          000000014001d1b8     kernel32:KERNEL32.dll
 0002:000001c0       __imp_FindClose            000000014001d1c0     kernel32:KERNEL32.dll
 0002:000001c8       __imp_FindFirstFileExW     000000014001d1c8     kernel32:KERNEL32.dll
 0002:000001d0       __imp_FindNextFileW        000000014001d1d0     kernel32:KERNEL32.dll
 0002:000001d8       __imp_IsValidCodePage      000000014001d1d8     kernel32:KERNEL32.dll
 0002:000001e0       __imp_GetACP               000000014001d1e0     kernel32:KERNEL32.dll
 0002:000001e8       __imp_GetOEMCP             000000014001d1e8     kernel32:KERNEL32.dll
 0002:000001f0       __imp_GetCPInfo            000000014001d1f0     kernel32:KERNEL32.dll
 0002:000001f8       __imp_MultiByteToWideChar  000000014001d1f8     kernel32:KERNEL32.dll
 0002:00000200       __imp_WideCharToMultiByte  000000014001d200     kernel32:KERNEL32.dll
 0002:00000208       __imp_GetEnvironmentStringsW 000000014001d208     kernel32:KERNEL32.dll
 0002:00000210       __imp_FreeEnvironmentStringsW 000000014001d210     kernel32:KERNEL32.dll
 0002:00000218       __imp_SetEnvironmentVariableW 000000014001d218     kernel32:KERNEL32.dll
 0002:00000220       __imp_SetStdHandle         000000014001d220     kernel32:KERNEL32.dll
 0002:00000228       __imp_GetStringTypeW       000000014001d228     kernel32:KERNEL32.dll
 0002:00000230       __imp_GetProcessHeap       000000014001d230     kernel32:KERNEL32.dll
 0002:00000238       __imp_FlushFileBuffers     000000014001d238     kernel32:KERNEL32.dll
 0002:00000240       __imp_GetConsoleOutputCP   000000014001d240     kernel32:KERNEL32.dll
 0002:00000248       __imp_GetConsoleMode       000000014001d248     kernel32:KERNEL32.dll
 0002:00000250       __imp_SetFilePointerEx     000000014001d250     kernel32:KERNEL32.dll
 0002:00000258       __imp_HeapSize             000000014001d258     kernel32:KERNEL32.dll
 0002:00000260       __imp_HeapReAlloc          000000014001d260     kernel32:KERNEL32.dll
 0002:00000268       __imp_CreateFileW          000000014001d268     kernel32:KERNEL32.dll
 0002:00000270       \177KERNEL32_NULL_THUNK_DATA 000000014001d270     kernel32:KERNEL32.dll
 0002:00000278       __guard_check_icall_fptr   000000014001d278     LIBCMT:guard_support.obj
 0002:00000280       __guard_xfg_check_icall_fptr 000000014001d280     LIBCMT:guard_support.obj
 0002:00000288       __guard_dispatch_icall_fptr 000000014001d288     LIBCMT:guard_support.obj
 0002:00000290       __guard_xfg_dispatch_icall_fptr 000000014001d290     LIBCMT:guard_support.obj
 0002:00000298       __guard_xfg_table_dispatch_icall_fptr 000000014001d298     LIBCMT:guard_support.obj
 0002:000002a0       __castguard_check_failure_os_handled_fptr 000000014001d2a0     LIBCMT:guard_support.obj
 0002:000002a8       __guard_memcpy_fptr        000000014001d2a8     libvcruntime:softmemtag.obj
 0002:000002b0       __xc_a                     000000014001d2b0     LIBCMT:initializers.obj
 0002:000002c0       __xc_z                     000000014001d2c0     LIBCMT:initializers.obj
 0002:000002c8       __xi_a                     000000014001d2c8     LIBCMT:initializers.obj
 0002:000002e0       __acrt_stdio_initializer   000000014001d2e0     libucrt:stdio_initializer.obj
 0002:000002e8       __acrt_multibyte_initializer 000000014001d2e8     libucrt:multibyte_initializer.obj
 0002:000002f0       __acrt_fmode_initializer   000000014001d2f0     libucrt:fmode_initializer.obj
 0002:000002f8       __acrt_tran_fma3_initializer 000000014001d2f8     libucrt:fma3_initializer.obj
 0002:00000300       __xi_z                     000000014001d300     LIBCMT:initializers.obj
 0002:00000308       __xp_a                     000000014001d308     LIBCMT:initializers.obj
 0002:00000310       __acrt_locale_terminator   000000014001d310     libucrt:locale_initializer.obj
 0002:00000318       __dcrt_console_output_terminator 000000014001d318     libucrt:console_output_initializer.obj
 0002:00000320       __acrt_stdio_terminator    000000014001d320     libucrt:stdio_initializer.obj
 0002:00000328       __xp_z                     000000014001d328     LIBCMT:initializers.obj
 0002:00000330       __xt_a                     000000014001d330     LIBCMT:initializers.obj
 0002:00000338       __xt_z                     000000014001d338     LIBCMT:initializers.obj
 0002:00000d38       ??_C@_0BA@NMEIMCEK@InvalidCodePath@ 000000014001dd38     8086_decoder.obj
 0002:00000d48       __real@41200000            000000014001dd48     8086_decoder.obj
 0002:00000d4c       __real@41800000            000000014001dd4c     8086_decoder.obj
 0002:00000d50       __real@43e0000000000000    000000014001dd50     8086_decoder.obj
 0002:00000d58       __real@5f000000            000000014001dd58     8086_decoder.obj
 0002:00000d70       __xmm@ffffffffffffffffffffffffffffffff 000000014001dd70     LIBCMT:utility.obj
 0002:00000d80       _pDestructExceptionObject  000000014001dd80     libvcruntime:ehhelpers.obj
 0002:000014a0       ??_C@_08EHJDFFNH@__based?$CI@ 000000014001e4a0     libvcruntime:undname.obj
 0002:000014b0       ??_C@_07KOLFKCDI@__cdecl@  000000014001e4b0     libvcruntime:undname.obj
 0002:000014b8       ??_C@_08GHMPAG@__pascal@   000000014001e4b8     libvcruntime:undname.obj
 0002:000014c8       ??_C@_09IFJBGAPI@__stdcall@ 000000014001e4c8     libvcruntime:undname.obj
 0002:000014d8       ??_C@_0L@NPHFGOKO@__thiscall@ 000000014001e4d8     libvcruntime:undname.obj
 0002:000014e8       ??_C@_0L@JMKHOMEK@__fastcall@ 000000014001e4e8     libvcruntime:undname.obj
 0002:000014f8       ??_C@_0N@BCKKPABJ@__vectorcall@ 000000014001e4f8     libvcruntime:undname.obj
 0002:00001508       ??_C@_09HIJEGCPM@__clrcall@ 000000014001e508     libvcruntime:undname.obj
 0002:00001514       ??_C@_06GHPCKEAG@__eabi@   000000014001e514     libvcruntime:undname.obj
 0002:00001520       ??_C@_09IOPIDJLG@__swift_1@ 000000014001e520     libvcruntime:undname.obj
 0002:00001530       ??_C@_09KFNFGKHF@__swift_2@ 000000014001e530     libvcruntime:undname.obj
 0002:00001540       ??_C@_09LMMOFLDE@__swift_3@ 000000014001e540     libvcruntime:undname.obj
 0002:00001550       ??_C@_07JOMMBBKO@__ptr64@  000000014001e550     libvcruntime:undname.obj
 0002:00001558       ??_C@_0L@PILCLIHE@__restrict@ 000000014001e558     libvcruntime:undname.obj
 0002:00001568       ??_C@_0M@GFIIJFMG@__unaligned@ 000000014001e568     libvcruntime:undname.obj
 0002:00001578       ??_C@_09DHDLOLLB@restrict?$CI@ 000000014001e578     libvcruntime:undname.obj
 0002:00001582       ??_C@_00CNPNBAHC@@         000000014001e582     libvcruntime:undname.obj
 0002:00001584       ??_C@_04NIHEBCM@?5new@     000000014001e584     libvcruntime:undname.obj
 0002:00001590       ??_C@_07FPCDHGMM@?5delete@ 000000014001e590     libvcruntime:undname.obj
 0002:00001598       ??_C@_01NEMOKFLO@?$DN@     000000014001e598     libvcruntime:undname.obj
 0002:0000159c       ??_C@_02GPIOPFAK@?$DO?$DO@ 000000014001e59c     libvcruntime:undname.obj
 0002:000015a0       ??_C@_02FODMEDOG@?$DM?$DM@ 000000014001e5a0     libvcruntime:undname.obj
 0002:000015a4       ??_C@_01DCLJPIOD@?$CB@     000000014001e5a4     libvcruntime:undname.obj
 0002:000015a8       ??_C@_02EGOFBIJA@?$DN?$DN@ 000000014001e5a8     libvcruntime:undname.obj
 0002:000015ac       ??_C@_02FDNJECIE@?$CB?$DN@ 000000014001e5ac     libvcruntime:undname.obj
 0002:000015b0       ??_C@_02GPECMEKF@?$FL?$FN@ 000000014001e5b0     libvcruntime:undname.obj
 0002:000015b8       ??_C@_08LHJFAFGD@operator@ 000000014001e5b8     libvcruntime:undname.obj
 0002:000015c4       ??_C@_02HBOOOICD@?9?$DO@   000000014001e5c4     libvcruntime:undname.obj
 0002:000015c8       ??_C@_01NBENCBCI@?$CK@     000000014001e5c8     libvcruntime:undname.obj
 0002:000015cc       ??_C@_02ECNGHCIF@?$CL?$CL@ 000000014001e5cc     libvcruntime:undname.obj
 0002:000015d0       ??_C@_02BAABKJLB@?9?9@     000000014001e5d0     libvcruntime:undname.obj
 0002:000015d4       ??_C@_01JOAMLHOP@?9@       000000014001e5d4     libvcruntime:undname.obj
 0002:000015d8       ??_C@_01MIFGBAGJ@?$CL@     000000014001e5d8     libvcruntime:undname.obj
 0002:000015dc       ??_C@_01HNPIGOCE@?$CG@     000000014001e5dc     libvcruntime:undname.obj
 0002:000015e0       ??_C@_03MNHNFDLC@?9?$DO?$CK@ 000000014001e5e0     libvcruntime:undname.obj
 0002:000015e4       ??_C@_01KMDKNFGN@?1@       000000014001e5e4     libvcruntime:undname.obj
 0002:000015e8       ??_C@_01FGNFDNOH@?$CF@     000000014001e5e8     libvcruntime:undname.obj
 0002:000015ec       ??_C@_01MNNFJEPP@?$DM@     000000014001e5ec     libvcruntime:undname.obj
 0002:000015f0       ??_C@_02EHCHHCKH@?$DM?$DN@ 000000014001e5f0     libvcruntime:undname.obj
 0002:000015f4       ??_C@_01PPODPGHN@?$DO@     000000014001e5f4     libvcruntime:undname.obj
 0002:000015f8       ??_C@_02EEKDKGMJ@?$DO?$DN@ 000000014001e5f8     libvcruntime:undname.obj
 0002:000015fc       ??_C@_01IHBHIGKO@?0@       000000014001e5fc     libvcruntime:undname.obj
 0002:00001600       ??_C@_02HCKGKOFO@?$CI?$CJ@ 000000014001e600     libvcruntime:undname.obj
 0002:00001604       ??_C@_01PJKLJHI@?$HO@      000000014001e604     libvcruntime:undname.obj
 0002:00001608       ??_C@_01JKBOJNNK@?$FO@     000000014001e608     libvcruntime:undname.obj
 0002:0000160c       ??_C@_01DNKMNLPK@?$HM@     000000014001e60c     libvcruntime:undname.obj
 0002:00001610       ??_C@_02PPKAJPJL@?$CG?$CG@ 000000014001e610     libvcruntime:undname.obj
 0002:00001614       ??_C@_02NONPIBCD@?$HM?$HM@ 000000014001e614     libvcruntime:undname.obj
 0002:00001618       ??_C@_02FPIMKNGF@?$CK?$DN@ 000000014001e618     libvcruntime:undname.obj
 0002:0000161c       ??_C@_02FOEOMHFC@?$CL?$DN@ 000000014001e61c     libvcruntime:undname.obj
 0002:00001620       ??_C@_02FKMDLLOA@?9?$DN@   000000014001e620     libvcruntime:undname.obj
 0002:00001624       ??_C@_02FJEHGPIO@?1?$DN@   000000014001e624     libvcruntime:undname.obj
 0002:00001628       ??_C@_02FENAOKFI@?$CF?$DN@ 000000014001e628     libvcruntime:undname.obj
 0002:0000162c       ??_C@_03IKFCCPFF@?$DO?$DO?$DN@ 000000014001e62c     libvcruntime:undname.obj
 0002:00001630       ??_C@_03CDNPDDLA@?$DM?$DM?$DN@ 000000014001e630     libvcruntime:undname.obj
 0002:00001634       ??_C@_02FGJGFEAB@?$CG?$DN@ 000000014001e634     libvcruntime:undname.obj
 0002:00001638       ??_C@_02DHLNPPGH@?$HM?$DN@ 000000014001e638     libvcruntime:undname.obj
 0002:0000163c       ??_C@_02MHEGNOJ@?$FO?$DN@  000000014001e63c     libvcruntime:undname.obj
 0002:00001640       ??_C@_09IFPLHPGF@?$GAvftable?8@ 000000014001e640     libvcruntime:undname.obj
 0002:00001650       ??_C@_09BLBHBJP@?$GAvbtable?8@ 000000014001e650     libvcruntime:undname.obj
 0002:00001660       ??_C@_07FEEIOKP@?$GAvcall?8@ 000000014001e660     libvcruntime:undname.obj
 0002:00001668       ??_C@_08LLFFHHDJ@?$GAtypeof?8@ 000000014001e668     libvcruntime:undname.obj
 0002:00001678       ??_C@_0BF@KDPPACIK@?$GAlocal?5static?5guard?8@ 000000014001e678     libvcruntime:undname.obj
 0002:00001690       ??_C@_08OBABFOLI@?$GAstring?8@ 000000014001e690     libvcruntime:undname.obj
 0002:000016a0       ??_C@_0BD@JDLKDPAB@?$GAvbase?5destructor?8@ 000000014001e6a0     libvcruntime:undname.obj
 0002:000016b8       ??_C@_0BN@DEGPLNFK@?$GAvector?5deleting?5destructor?8@ 000000014001e6b8     libvcruntime:undname.obj
 0002:000016d8       ??_C@_0BO@OBMKPJIG@?$GAdefault?5constructor?5closure?8@ 000000014001e6d8     libvcruntime:undname.obj
 0002:000016f8       ??_C@_0BN@IMDCHIKM@?$GAscalar?5deleting?5destructor?8@ 000000014001e6f8     libvcruntime:undname.obj
 0002:00001718       ??_C@_0BO@PFGOCPJJ@?$GAvector?5constructor?5iterator?8@ 000000014001e718     libvcruntime:undname.obj
 0002:00001738       ??_C@_0BN@LFPFMEDL@?$GAvector?5destructor?5iterator?8@ 000000014001e738     libvcruntime:undname.obj
 0002:00001758       ??_C@_0CE@IKBNEHA@?$GAvector?5vbase?5constructor?5itera@ 000000014001e758     libvcruntime:undname.obj
 0002:00001780       ??_C@_0BL@NILFHHPC@?$GAvirtual?5displacement?5map?8@ 000000014001e780     libvcruntime:undname.obj
 0002:000017a0       ??_C@_0CB@JONCMFFK@?$GAeh?5vector?5constructor?5iterator@ 000000014001e7a0     libvcruntime:undname.obj
 0002:000017c8       ??_C@_0CA@GCEOPDGL@?$GAeh?5vector?5destructor?5iterator?8@ 000000014001e7c8     libvcruntime:undname.obj
 0002:000017e8       ??_C@_0CH@OOJPLCPH@?$GAeh?5vector?5vbase?5constructor?5it@ 000000014001e7e8     libvcruntime:undname.obj
 0002:00001810       ??_C@_0BL@LLKPOHJI@?$GAcopy?5constructor?5closure?8@ 000000014001e810     libvcruntime:undname.obj
 0002:00001830       ??_C@_0BA@KBCDOMBN@?$GAudt?5returning?8@ 000000014001e830     libvcruntime:undname.obj
 0002:00001840       ??_C@_03KLGMFNMG@?$GAEH@   000000014001e840     libvcruntime:undname.obj
 0002:00001844       ??_C@_05KHLCHHI@?$GARTTI@  000000014001e844     libvcruntime:undname.obj
 0002:00001850       ??_C@_0BA@KKLDJDLB@?$GAlocal?5vftable?8@ 000000014001e850     libvcruntime:undname.obj
 0002:00001860       ??_C@_0CE@IIHCMGGL@?$GAlocal?5vftable?5constructor?5clos@ 000000014001e860     libvcruntime:undname.obj
 0002:00001884       ??_C@_06FHBGPFGH@?5new?$FL?$FN@ 000000014001e884     libvcruntime:undname.obj
 0002:00001890       ??_C@_09LBNFPBCA@?5delete?$FL?$FN@ 000000014001e890     libvcruntime:undname.obj
 0002:000018a0       ??_C@_0P@HJKNJFNN@?$GAomni?5callsig?8@ 000000014001e8a0     libvcruntime:undname.obj
 0002:000018b0       ??_C@_0BL@CNOONJFP@?$GAplacement?5delete?5closure?8@ 000000014001e8b0     libvcruntime:undname.obj
 0002:000018d0       ??_C@_0BN@CKNJLHMB@?$GAplacement?5delete?$FL?$FN?5closure?8@ 000000014001e8d0     libvcruntime:undname.obj
 0002:000018f0       ??_C@_0CG@CFDHKGGD@?$GAmanaged?5vector?5constructor?5ite@ 000000014001e8f0     libvcruntime:undname.obj
 0002:00001918       ??_C@_0CF@IMGKMJNO@?$GAmanaged?5vector?5destructor?5iter@ 000000014001e918     libvcruntime:undname.obj
 0002:00001940       ??_C@_0CG@HLDDJMAG@?$GAeh?5vector?5copy?5constructor?5ite@ 000000014001e940     libvcruntime:undname.obj
 0002:00001968       ??_C@_0CM@FCBBDIGB@?$GAeh?5vector?5vbase?5copy?5construct@ 000000014001e968     libvcruntime:undname.obj
 0002:00001998       ??_C@_0BL@CLIPGLGB@?$GAdynamic?5initializer?5for?5?8@ 000000014001e998     libvcruntime:undname.obj
 0002:000019b8       ??_C@_0CB@PDBIFEP@?$GAdynamic?5atexit?5destructor?5for?5@ 000000014001e9b8     libvcruntime:undname.obj
 0002:000019e0       ??_C@_0CD@CGAJBKEJ@?$GAvector?5copy?5constructor?5iterat@ 000000014001e9e0     libvcruntime:undname.obj
 0002:00001a08       ??_C@_0CJ@GJELGAMM@?$GAvector?5vbase?5copy?5constructor?5@ 000000014001ea08     libvcruntime:undname.obj
 0002:00001a38       ??_C@_0CL@FGIJHLCE@?$GAmanaged?5vector?5copy?5constructo@ 000000014001ea38     libvcruntime:undname.obj
 0002:00001a68       ??_C@_0BM@PMGGMLDN@?$GAlocal?5static?5thread?5guard?8@ 000000014001ea68     libvcruntime:undname.obj
 0002:00001a88       ??_C@_0N@BDNMDMOL@operator?5?$CC?$CC?5@ 000000014001ea88     libvcruntime:undname.obj
 0002:00001a98       ??_C@_0BC@GGEBGALA@operator?5co_await@ 000000014001ea98     libvcruntime:undname.obj
 0002:00001ab0       ??_C@_0M@GAAIMMOH@operator?$DM?$DN?$DO@ 000000014001eab0     libvcruntime:undname.obj
 0002:00001ac0       ??_C@_0BC@DAFEJGAK@?5Type?5Descriptor?8@ 000000014001eac0     libvcruntime:undname.obj
 0002:00001ad8       ??_C@_0BM@LDKODKLH@?5Base?5Class?5Descriptor?5at?5?$CI@ 000000014001ead8     libvcruntime:undname.obj
 0002:00001af8       ??_C@_0BD@LGICGFMM@?5Base?5Class?5Array?8@ 000000014001eaf8     libvcruntime:undname.obj
 0002:00001b10       ??_C@_0BN@MECKDCOJ@?5Class?5Hierarchy?5Descriptor?8@ 000000014001eb10     libvcruntime:undname.obj
 0002:00001b30       ??_C@_0BK@CFCOFLF@?5Complete?5Object?5Locator?8@ 000000014001eb30     libvcruntime:undname.obj
 0002:00001b50       ??_C@_0BG@JNJLAMPM@?$GAanonymous?5namespace?8@ 000000014001eb50     libvcruntime:undname.obj
 0002:00001b80       ??_C@_1DM@KHCHBNEB@?$AAa?$AAp?$AAi?$AA?9?$AAm?$AAs?$AA?9?$AAw?$AAi?$AAn?$AA?9?$AAc?$AAo?$AAr?$AAe@ 000000014001eb80     libvcruntime:winapi_downlevel.obj
 0002:00001bc0       ??_C@_1DK@LPPGFMPP@?$AAa?$AAp?$AAi?$AA?9?$AAm?$AAs?$AA?9?$AAw?$AAi?$AAn?$AA?9?$AAc?$AAo?$AAr?$AAe@ 000000014001ebc0     libvcruntime:winapi_downlevel.obj
 0002:00001c00       ??_C@_1BC@GDMECMAK@?$AAk?$AAe?$AAr?$AAn?$AAe?$AAl?$AA3?$AA2@ 000000014001ec00     libvcruntime:winapi_downlevel.obj
 0002:00001c18       ??_C@_1BA@PFFKHIOG@?$AAa?$AAp?$AAi?$AA?9?$AAm?$AAs?$AA?9@ 000000014001ec18     libvcruntime:winapi_downlevel.obj
 0002:00001c30       ??_C@_08KNHFBNJ@FlsAlloc@  000000014001ec30     libvcruntime:winapi_downlevel.obj
 0002:00001c48       ??_C@_07PEJMOBNF@FlsFree@  000000014001ec48     libvcruntime:winapi_downlevel.obj
 0002:00001c58       ??_C@_0M@GDNOONDI@FlsGetValue@ 000000014001ec58     libvcruntime:winapi_downlevel.obj
 0002:00001c70       ??_C@_0M@JCPCPOEF@FlsSetValue@ 000000014001ec70     libvcruntime:winapi_downlevel.obj
 0002:00001c88       ??_C@_0BM@HCFOFFN@InitializeCriticalSectionEx@ 000000014001ec88     libvcruntime:winapi_downlevel.obj
 0002:00001d50       ??_7exception@std@@6B@     000000014001ed50     libvcruntime:frame.obj
 0002:00001d60       ??_C@_0BC@EOODALEL@Unknown?5exception@ 000000014001ed60     libvcruntime:frame.obj
 0002:00001d80       ??_7bad_exception@std@@6B@ 000000014001ed80     libvcruntime:frame.obj
 0002:00001d90       ??_C@_0O@DPKOEFFH@bad?5exception@ 000000014001ed90     libvcruntime:frame.obj
 0002:00001da0       ?standard_lookup_table_spectre@__crt_stdio_output@@3V?$spectre_mitigated_lookup_table@Ustate_transition_pair@__crt_stdio_output@@$0IA@@1@B 000000014001eda0     libucrt:output.obj
 0002:00001ea0       ??_C@_1O@CEDCILHN@?$AA?$CI?$AAn?$AAu?$AAl?$AAl?$AA?$CJ@ 000000014001eea0     libucrt:output.obj
 0002:00001eb0       ??_C@_06OJHGLDPL@?$CInull?$CJ@ 000000014001eeb0     libucrt:output.obj
 0002:00001ec0       __acrt_exception_action_table 000000014001eec0     libucrt:exception_filter.obj
 0002:00001f80       __acrt_signal_action_table_count 000000014001ef80     libucrt:exception_filter.obj
 0002:00001f88       __acrt_signal_action_first_fpe_index 000000014001ef88     libucrt:exception_filter.obj
 0002:00001f90       __acrt_signal_action_fpe_count 000000014001ef90     libucrt:exception_filter.obj
 0002:00002010       ??_C@_1BI@BGOHAHKC@?$AAm?$AAs?$AAc?$AAo?$AAr?$AAe?$AAe?$AA?4?$AAd?$AAl?$AAl@ 000000014001f010     libucrt:exit.obj
 0002:00002028       ??_C@_0P@MIGLKIOC@CorExitProcess@ 000000014001f028     libucrt:exit.obj
 0002:00002380       ??_C@_1EA@JGEFHKEI@?$AAa?$AAp?$AAi?$AA?9?$AAm?$AAs?$AA?9?$AAw?$AAi?$AAn?$AA?9?$AAc?$AAo?$AAr?$AAe@ 000000014001f380     libucrt:winapi_thunks.obj
 0002:000023c0       ??_C@_1DI@KMEPCBPN@?$AAa?$AAp?$AAi?$AA?9?$AAm?$AAs?$AA?9?$AAw?$AAi?$AAn?$AA?9?$AAc?$AAo?$AAr?$AAe@ 000000014001f3c0     libucrt:winapi_thunks.obj
 0002:000023f8       ??_C@_1DI@IJCEHOCB@?$AAa?$AAp?$AAi?$AA?9?$AAm?$AAs?$AA?9?$AAw?$AAi?$AAn?$AA?9?$AAc?$AAo?$AAr?$AAe@ 000000014001f3f8     libucrt:winapi_thunks.obj
 0002:00002430       ??_C@_1EI@MPIAOHOC@?$AAa?$AAp?$AAi?$AA?9?$AAm?$AAs?$AA?9?$AAw?$AAi?$AAn?$AA?9?$AAc?$AAo?$AAr?$AAe@ 000000014001f430     libucrt:winapi_thunks.obj
 0002:00002480       ??_C@_1FK@FPHCKFIE@?$AAa?$AAp?$AAi?$AA?9?$AAm?$AAs?$AA?9?$AAw?$AAi?$AAn?$AA?9?$AAc?$AAo?$AAr?$AAe@ 000000014001f480     libucrt:winapi_thunks.obj
 0002:000024e0       ??_C@_1EM@DILCGIIO@?$AAa?$AAp?$AAi?$AA?9?$AAm?$AAs?$AA?9?$AAw?$AAi?$AAn?$AA?9?$AAc?$AAo?$AAr?$AAe@ 000000014001f4e0     libucrt:winapi_thunks.obj
 0002:00002530       ??_C@_1DM@LNCGDDPN@?$AAa?$AAp?$AAi?$AA?9?$AAm?$AAs?$AA?9?$AAw?$AAi?$AAn?$AA?9?$AAc?$AAo?$AAr?$AAe@ 000000014001f530     libucrt:winapi_thunks.obj
 0002:00002570       ??_C@_1DO@FPAPJEMD@?$AAa?$AAp?$AAi?$AA?9?$AAm?$AAs?$AA?9?$AAw?$AAi?$AAn?$AA?9?$AAc?$AAo?$AAr?$AAe@ 000000014001f570     libucrt:winapi_thunks.obj
 0002:000025b0       ??_C@_1DK@NDHNAHIO@?$AAa?$AAp?$AAi?$AA?9?$AAm?$AAs?$AA?9?$AAw?$AAi?$AAn?$AA?9?$AAc?$AAo?$AAr?$AAe@ 000000014001f5b0     libucrt:winapi_thunks.obj
 0002:000025f0       ??_C@_1DM@KGHDGBCM@?$AAa?$AAp?$AAi?$AA?9?$AAm?$AAs?$AA?9?$AAw?$AAi?$AAn?$AA?9?$AAc?$AAo?$AAr?$AAe@ 000000014001f5f0     libucrt:winapi_thunks.obj
 0002:00002630       ??_C@_1EO@IJIOEFOH@?$AAa?$AAp?$AAi?$AA?9?$AAm?$AAs?$AA?9?$AAw?$AAi?$AAn?$AA?9?$AAr?$AAt?$AAc?$AAo@ 000000014001f630     libucrt:winapi_thunks.obj
 0002:00002680       ??_C@_1FG@HHGEKANL@?$AAa?$AAp?$AAi?$AA?9?$AAm?$AAs?$AA?9?$AAw?$AAi?$AAn?$AA?9?$AAs?$AAe?$AAc?$AAu@ 000000014001f680     libucrt:winapi_thunks.obj
 0002:000026e0       ??_C@_1EG@DBIOJECG@?$AAe?$AAx?$AAt?$AA?9?$AAm?$AAs?$AA?9?$AAw?$AAi?$AAn?$AA?9?$AAn?$AAt?$AAu?$AAs@ 000000014001f6e0     libucrt:winapi_thunks.obj
 0002:00002730       ??_C@_1EO@FIHMJCLF@?$AAe?$AAx?$AAt?$AA?9?$AAm?$AAs?$AA?9?$AAw?$AAi?$AAn?$AA?9?$AAn?$AAt?$AAu?$AAs@ 000000014001f730     libucrt:winapi_thunks.obj
 0002:00002780       ??_C@_1BC@DNHGCMLG@?$AAa?$AAd?$AAv?$AAa?$AAp?$AAi?$AA3?$AA2@ 000000014001f780     libucrt:winapi_thunks.obj
 0002:00002798       ??_C@_1BG@CJPGBMEF@?$AAk?$AAe?$AAr?$AAn?$AAe?$AAl?$AAb?$AAa?$AAs?$AAe@ 000000014001f798     libucrt:winapi_thunks.obj
 0002:000027b0       ??_C@_1M@OAIMIKLP@?$AAn?$AAt?$AAd?$AAl?$AAl@ 000000014001f7b0     libucrt:winapi_thunks.obj
 0002:000027c0       ??_C@_1EG@DPGNFKGC@?$AAa?$AAp?$AAi?$AA?9?$AAm?$AAs?$AA?9?$AAw?$AAi?$AAn?$AA?9?$AAa?$AAp?$AAp?$AAm@ 000000014001f7c0     libucrt:winapi_thunks.obj
 0002:00002808       ??_C@_1O@BCCLBEOE@?$AAu?$AAs?$AAe?$AAr?$AA3?$AA2@ 000000014001f808     libucrt:winapi_thunks.obj
 0002:00002818       ??_C@_1BA@IAIFMGEF@?$AAe?$AAx?$AAt?$AA?9?$AAm?$AAs?$AA?9@ 000000014001f818     libucrt:winapi_thunks.obj
 0002:00002830       ??_C@_0BA@FHFNEAED@AreFileApisANSI@ 000000014001f830     libucrt:winapi_thunks.obj
 0002:00002848       ??_C@_0BA@IHGNDAEB@CompareStringEx@ 000000014001f848     libucrt:winapi_thunks.obj
 0002:00002868       ??_C@_0O@KKBNKAPF@LCMapStringEx@ 000000014001f868     libucrt:winapi_thunks.obj
 0002:00002880       ??_C@_0BB@HBDEELFH@LocaleNameToLCID@ 000000014001f880     libucrt:winapi_thunks.obj
 0002:00002898       ??_C@_0CF@OJOFEIGO@AppPolicyGetProcessTerminationM@ 000000014001f898     libucrt:winapi_thunks.obj
 0002:00002940       ??_C@_03OEIAHPBN@INF@      000000014001f940     libucrt:cvt.obj
 0002:00002944       ??_C@_03OJHLLCGB@inf@      000000014001f944     libucrt:cvt.obj
 0002:00002948       ??_C@_03LKNCIKJB@NAN@      000000014001f948     libucrt:cvt.obj
 0002:0000294c       ??_C@_03LHCJEHON@nan@      000000014001f94c     libucrt:cvt.obj
 0002:00002950       ??_C@_09OFJJIMPC@NAN?$CISNAN?$CJ@ 000000014001f950     libucrt:cvt.obj
 0002:00002960       ??_C@_09IPFBKMDL@nan?$CIsnan?$CJ@ 000000014001f960     libucrt:cvt.obj
 0002:00002970       ??_C@_08IKHNHAJ@NAN?$CIIND?$CJ@ 000000014001f970     libucrt:cvt.obj
 0002:00002980       ??_C@_08OFCDMILK@nan?$CIind?$CJ@ 000000014001f980     libucrt:cvt.obj
 0002:0000298c       ??_C@_05KLBDPFGC@e?$CL000@ 000000014001f98c     libucrt:cvt.obj
 0002:000029a0       __lc_time_c                000000014001f9a0     libucrt:nlsdata.obj
 0002:00002c60       ??_C@_03KOEHGMDN@Sun@      000000014001fc60     libucrt:nlsdata.obj
 0002:00002c64       ??_C@_03PDAGKDH@Mon@       000000014001fc64     libucrt:nlsdata.obj
 0002:00002c68       ??_C@_03NAGEINEP@Tue@      000000014001fc68     libucrt:nlsdata.obj
 0002:00002c6c       ??_C@_03MHOMLAJA@Wed@      000000014001fc6c     libucrt:nlsdata.obj
 0002:00002c70       ??_C@_03IOFIKPDN@Thu@      000000014001fc70     libucrt:nlsdata.obj
 0002:00002c74       ??_C@_03IDIOELNC@Fri@      000000014001fc74     libucrt:nlsdata.obj
 0002:00002c78       ??_C@_03FEFJNEK@Sat@       000000014001fc78     libucrt:nlsdata.obj
 0002:00002c7c       ??_C@_06OOPIFAJ@Sunday@    000000014001fc7c     libucrt:nlsdata.obj
 0002:00002c84       ??_C@_06JLEDEDGH@Monday@   000000014001fc84     libucrt:nlsdata.obj
 0002:00002c90       ??_C@_07BAAGCFCM@Tuesday@  000000014001fc90     libucrt:nlsdata.obj
 0002:00002c98       ??_C@_09DLIGFAKA@Wednesday@ 000000014001fc98     libucrt:nlsdata.obj
 0002:00002ca8       ??_C@_08HACCIKIA@Thursday@ 000000014001fca8     libucrt:nlsdata.obj
 0002:00002cb4       ??_C@_06JECMNKMI@Friday@   000000014001fcb4     libucrt:nlsdata.obj
 0002:00002cc0       ??_C@_08INBOOONO@Saturday@ 000000014001fcc0     libucrt:nlsdata.obj
 0002:00002ccc       ??_C@_03JIHJHPIE@Jan@      000000014001fccc     libucrt:nlsdata.obj
 0002:00002cd0       ??_C@_03HJBDCHOM@Feb@      000000014001fcd0     libucrt:nlsdata.obj
 0002:00002cd4       ??_C@_03ODNJBKGA@Mar@      000000014001fcd4     libucrt:nlsdata.obj
 0002:00002cd8       ??_C@_03LEOLGMJP@Apr@      000000014001fcd8     libucrt:nlsdata.obj
 0002:00002cdc       ??_C@_03CNMDKL@May@        000000014001fcdc     libucrt:nlsdata.obj
 0002:00002ce0       ??_C@_03IDFGHECI@Jun@      000000014001fce0     libucrt:nlsdata.obj
 0002:00002ce4       ??_C@_03LBGABGKK@Jul@      000000014001fce4     libucrt:nlsdata.obj
 0002:00002ce8       ??_C@_03IFJFEIGA@Aug@      000000014001fce8     libucrt:nlsdata.obj
 0002:00002cec       ??_C@_03GGCAPAJC@Sep@      000000014001fcec     libucrt:nlsdata.obj
 0002:00002cf0       ??_C@_03BMAOKBAD@Oct@      000000014001fcf0     libucrt:nlsdata.obj
 0002:00002cf4       ??_C@_03JPJOFNIA@Nov@      000000014001fcf4     libucrt:nlsdata.obj
 0002:00002cf8       ??_C@_03MKABNOCG@Dec@      000000014001fcf8     libucrt:nlsdata.obj
 0002:00002d00       ??_C@_07CGJPFGJA@January@  000000014001fd00     libucrt:nlsdata.obj
[...]
 0002:0000a3b0       $unwind$?initialize_inherited_file_handles_nolock@@YAXXZ 00000001400273b0     libucrt:ioinit.obj
 0002:0000a3cc       $unwind$__acrt_fp_format   00000001400273cc     libucrt:cvt.obj
 0002:0000a3dc       $unwind$?fp_format_e_internal@@YAHQEAD_KH_NIQEAU_strflt@@2AEAV__crt_cached_ptd_host@@@Z 00000001400273dc     libucrt:cvt.obj
 0002:0000a3f8       $unwind$?should_round_up@@YA_NQEBN_KFW4__acrt_rounding_mode@@@Z 00000001400273f8     libucrt:cvt.obj
 0002:0000a414       $unwind$?fp_format_a@@YAHQEBNPEAD_KQEAD2H_NIW4__acrt_rounding_mode@@AEAV__crt_cached_ptd_host@@@Z 0000000140027414     libucrt:cvt.obj
 0002:0000a430       $unwind$?fp_format_g@@YAHQEBNQEAD_K12H_NIW4__acrt_rounding_mode@@AEAV__crt_cached_ptd_host@@@Z 0000000140027430     libucrt:cvt.obj
 0002:0000a448       $unwind$_wctomb_internal   0000000140027448     libucrt:wctomb.obj
 0002:0000a45c       $unwind$__acrt_stdio_end_temporary_buffering_nolock 000000014002745c     libucrt:_sftbuf.obj
 0002:0000a464       $unwind$?construct_ptd_array@@YAXQEAU__acrt_ptd@@@Z 0000000140027464     libucrt:per_thread_data.obj
 0002:0000a46c       $unwind$?destroy_ptd_array@@YAXQEAU__acrt_ptd@@@Z 000000014002746c     libucrt:per_thread_data.obj
 0002:0000a474       $unwind$??$?RV<lambda_0ae27a3a962d80f24befdcbee591983d>@@AEAV<lambda_8d0ee55de4b1038c4002e0adecdf1839>@@V<lambda_dc504788e8f1664fe9b84e20bfb512f2>@@@?$__crt_seh_guarded_call@X@@QEAAX$$QEAV<lambda_0ae27a3a962d80f24befdcbee591983d>@@AEAV<lambda_8d0ee55de4b1038c4002e0adecdf1839>@@$$QEAV<lambda_dc504788e8f1664fe9b84e20bfb512f2>@@@Z 0000000140027474     libucrt:per_thread_data.obj
 0002:0000a498       $unwind$??$?RV<lambda_aa87e3671a710a21b5dc78c0bdf72e11>@@AEAV<lambda_92619d2358a28f41a33ba319515a20b9>@@V<lambda_6992ecaafeb10aed2b74cb1fae11a551>@@@?$__crt_seh_guarded_call@X@@QEAAX$$QEAV<lambda_aa87e3671a710a21b5dc78c0bdf72e11>@@AEAV<lambda_92619d2358a28f41a33ba319515a20b9>@@$$QEAV<lambda_6992ecaafeb10aed2b74cb1fae11a551>@@@Z 0000000140027498     libucrt:per_thread_data.obj
 0002:0000a4bc       $unwind$??$?RV<lambda_f2e299630e499de9f9a165e60fcd3db5>@@AEAV<lambda_2ae9d31cdba2644fcbeaf08da7c24588>@@V<lambda_40d01ff24d0e7b3814fdbdcee8eab3c7>@@@?$__crt_seh_guarded_call@X@@QEAAX$$QEAV<lambda_f2e299630e499de9f9a165e60fcd3db5>@@AEAV<lambda_2ae9d31cdba2644fcbeaf08da7c24588>@@$$QEAV<lambda_40d01ff24d0e7b3814fdbdcee8eab3c7>@@@Z 00000001400274bc     libucrt:per_thread_data.obj
 0002:0000a4e0       $unwind$??$?RV<lambda_2d41944a1d46af3157314b8a01080d33>@@AEAV<lambda_8f455de75cd7d7f24b4096f044d8b9e6>@@V<lambda_aa500f224e6afead328df44964fe2772>@@@?$__crt_seh_guarded_call@X@@QEAAX$$QEAV<lambda_2d41944a1d46af3157314b8a01080d33>@@AEAV<lambda_8f455de75cd7d7f24b4096f044d8b9e6>@@$$QEAV<lambda_aa500f224e6afead328df44964fe2772>@@@Z 00000001400274e0     libucrt:per_thread_data.obj
 0002:0000a504       $unwind$??$common_expand_argv_wildcards@D@@YAHQEAPEADQEAPEAPEAD@Z 0000000140027504     libucrt:argv_wildcards.obj
 0002:0000a51c       $unwind$__dcrt_get_narrow_environment_from_os 000000014002751c     libucrt:get_environment_from_os.obj
 0002:0000a51c       $unwind$??$__acrt_convert_wcs_mbs_cp@_WDV<lambda_d8593a27d1aa8c02be35c86a17d324c4>@@U__crt_win32_buffer_internal_dynamic_resizing@@@@YAHQEB_WAEAV?$__crt_win32_buffer@DU__crt_win32_buffer_internal_dynamic_resizing@@@@AEBV<lambda_d8593a27d1aa8c02be35c86a17d324c4>@@I@Z 000000014002751c     libucrt:argv_wildcards.obj
 0002:0000a534       $unwind$??$expand_argument_wildcards@D@@YAHQEAD0AEAV?$argument_list@D@?A0x5f5c8891@@@Z 0000000140027534     libucrt:argv_wildcards.obj
 0002:0000a554       $unwind$__acrt_GetModuleFileNameA 0000000140027554     libucrt:getmodulefilenamea.obj
 0002:0000a570       $unwind$__dcrt_write_console 0000000140027570     libucrt:initcon.obj
 0002:0000a570       $unwind$??$__acrt_convert_wcs_mbs_cp@_WDV<lambda_f788ae46380686e8b737efdd8c720d07>@@U__crt_win32_buffer_no_resizing@@@@YAHQEB_WAEAV?$__crt_win32_buffer@DU__crt_win32_buffer_no_resizing@@@@AEBV<lambda_f788ae46380686e8b737efdd8c720d07>@@I@Z 0000000140027570     libucrt:getmodulefilenamea.obj
 0002:0000a584       $unwind$_setmbcp_nolock    0000000140027584     libucrt:mbctype.obj
 0002:0000a5a4       $unwind$__dcrt_lowio_ensure_console_output_initialized 00000001400275a4     libucrt:initcon.obj
 0002:0000a5a4       $unwind$?__mbrtowc_utf8@__crt_mbstring@@YA_KPEA_WPEBD_KPEAU_Mbstatet@@AEAV__crt_cached_ptd_host@@@Z 00000001400275a4     libucrt:mbrtowc.obj
 0002:0000a5a4       $unwind$?getSystemCP@@YAHH@Z 00000001400275a4     libucrt:mbctype.obj
 0002:0000a5ac       $unwind$?update_thread_multibyte_data_internal@@YAPEAU__crt_multibyte_data@@QEAU__acrt_ptd@@QEAPEAU1@@Z 00000001400275ac     libucrt:mbctype.obj
 0002:0000a5d4       $unwind$?setmbcp_internal@@YAHH_NQEAU__acrt_ptd@@QEAPEAU__crt_multibyte_data@@@Z 00000001400275d4     libucrt:mbctype.obj
 0002:0000a5ec       $unwind$?setSBUpLow@@YAXPEAU__crt_multibyte_data@@@Z 00000001400275ec     libucrt:mbctype.obj
 0002:0000a608       $unwind$??$?RV<lambda_efdfa57d1f175319df784efa44bb7b81>@@AEAV<lambda_5f0a4c1567f8adc6734073e5d1e1b35c>@@V<lambda_2e8a7d3640ea6ccb4c2413664c2db6fd>@@@?$__crt_seh_guarded_call@X@@QEAAX$$QEAV<lambda_efdfa57d1f175319df784efa44bb7b81>@@AEAV<lambda_5f0a4c1567f8adc6734073e5d1e1b35c>@@$$QEAV<lambda_2e8a7d3640ea6ccb4c2413664c2db6fd>@@@Z 0000000140027608     libucrt:mbctype.obj
 0002:0000a62c       $unwind$?x_ismbbtype_l@@YAHPEAU__crt_locale_pointers@@IHH@Z 000000014002762c     libucrt:ismbbyte.obj
 0002:0000a62c       $unwind$_strnicmp_l        000000014002762c     libucrt:strnicmp.obj
 0002:0000a63c       $unwind$__acrt_WideCharToMultiByte 000000014002763c     libucrt:widechartomultibyte.obj
 0002:0000a648       $unwind$??$common_set_variable_in_environment_nolock@D@@YAHQEADH@Z 0000000140027648     libucrt:setenv.obj
 0002:0000a660       $unwind$??$copy_environment@D@@YAPEAPEADQEAPEAD@Z 0000000140027660     libucrt:setenv.obj
 0002:0000a674       $unwind$__acrt_lowio_destroy_handle_array 0000000140027674     libucrt:osfinfo.obj
 0002:0000a684       $unwind$__acrt_lowio_ensure_fh_exists 0000000140027684     libucrt:osfinfo.obj
 0002:0000a6b0       $unwind$__acrt_locale_free_monetary 00000001400276b0     libucrt:initmon.obj
 0002:0000a6b8       $unwind$__acrt_locale_free_time 00000001400276b8     libucrt:inittime.obj
 0002:0000a6c8       $unwind$__acrt_GetStringTypeA 00000001400276c8     libucrt:getstringtypea.obj
 0002:0000a6f0       $unwind$__acrt_update_thread_locale_data 00000001400276f0     libucrt:locale_refcounting.obj
 0002:0000a714       $unwind$_query_new_handler 0000000140027714     libucrt:new_handler.obj
 0002:0000a734       $unwind$raise              0000000140027734     libucrt:signal.obj
 0002:0000a774       $unwind$??$?RV<lambda_450d765d439847d4c735a33c368b5fc0>@@AEAV<lambda_44731a7d0e6d81c3e6aa82d741081786>@@V<lambda_601a2a7da3b7a96e9554ac7215c4b07c>@@@?$__crt_seh_guarded_call@P6AXH@Z@@QEAAP6AXH@Z$$QEAV<lambda_450d765d439847d4c735a33c368b5fc0>@@AEAV<lambda_44731a7d0e6d81c3e6aa82d741081786>@@$$QEAV<lambda_601a2a7da3b7a96e9554ac7215c4b07c>@@@Z 0000000140027774     libucrt:signal.obj
 0002:0000a798       $unwind$?_fclose_nolock_internal@@YAHQEAU_iobuf@@AEAV__crt_cached_ptd_host@@@Z 0000000140027798     libucrt:fclose.obj
 0002:0000a7a8       $unwind$?_fclose_internal@@YAHQEAU_iobuf@@AEAV__crt_cached_ptd_host@@@Z 00000001400277a8     libucrt:fclose.obj
 0002:0000a7cc       $unwind$?fin$0@?0???$common_lseek@_J@@YA_JH_JHAEAV__crt_cached_ptd_host@@@Z@4HA 00000001400277cc     libucrt:lseek.obj
 0002:0000a7cc       $unwind$_write_internal$fin$0 00000001400277cc     libucrt:write.obj
 0002:0000a7cc       $unwind$?fin$0@?0??_fclose_internal@@YAHQEAU_iobuf@@AEAV__crt_cached_ptd_host@@@Z@4HA 00000001400277cc     libucrt:fclose.obj
 0002:0000a7d4       $unwind$_commit            00000001400277d4     libucrt:commit.obj
 0002:0000a7dc       $unwind$??$?RV<lambda_a37b2b86f63e897a80ea819b0eb08c01>@@AEAV<lambda_38ce7e780aa69e748d6df282ebc68efe>@@V<lambda_99fb1378e971ab6e7edea83e3a7a83a2>@@@?$__crt_seh_guarded_call@H@@QEAAH$$QEAV<lambda_a37b2b86f63e897a80ea819b0eb08c01>@@AEAV<lambda_38ce7e780aa69e748d6df282ebc68efe>@@$$QEAV<lambda_99fb1378e971ab6e7edea83e3a7a83a2>@@@Z 00000001400277dc     libucrt:commit.obj
 0002:0000a800       $unwind$_write_nolock      0000000140027800     libucrt:write.obj
 0002:0000a818       $unwind$_write_internal    0000000140027818     libucrt:write.obj
 0002:0000a844       $unwind$?write_double_translated_ansi_nolock@@YA?AUwrite_result@?A0x17268360@@HQEBDIAEAV__crt_cached_ptd_host@@@Z 0000000140027844     libucrt:write.obj
 0002:0000a870       $ip2state$?write_double_translated_ansi_nolock@@YA?AUwrite_result@?A0x17268360@@HQEBDIAEAV__crt_cached_ptd_host@@@Z 0000000140027870     libucrt:write.obj
 0002:0000a878       $unwind$?write_text_ansi_nolock@@YA?AUwrite_result@?A0x17268360@@HQEBDI@Z 0000000140027878     libucrt:write.obj
 0002:0000a878       $unwind$?write_text_utf16le_nolock@@YA?AUwrite_result@?A0x17268360@@HQEBDI@Z 0000000140027878     libucrt:write.obj
 0002:0000a898       $unwind$?write_text_utf8_nolock@@YA?AUwrite_result@?A0x17268360@@HQEBDI@Z 0000000140027898     libucrt:write.obj
 0002:0000a8bc       $unwind$__acrt_fltout      00000001400278bc     libucrt:cfout.obj
 0002:0000a8dc       $unwind$?divide@__crt_strtox@@YA_KAEAUbig_integer@1@AEBU21@@Z 00000001400278dc     libucrt:cfout.obj
 0002:0000a8f4       $chain$0$?divide@__crt_strtox@@YA_KAEAUbig_integer@1@AEBU21@@Z 00000001400278f4     libucrt:cfout.obj
 0002:0000a908       $chain$1$?divide@__crt_strtox@@YA_KAEAUbig_integer@1@AEBU21@@Z 0000000140027908     libucrt:cfout.obj
 0002:0000a918       $unwind$?__mbsrtowcs_utf8@__crt_mbstring@@YA_KPEA_WPEAPEBD_KPEAU_Mbstatet@@AEAV__crt_cached_ptd_host@@@Z 0000000140027918     libucrt:mbrtowc.obj
 0002:0000a930       $unwind$??$write_buffer_nolock@D@@YA_NDV__crt_stdio_stream@@AEAV__crt_cached_ptd_host@@@Z 0000000140027930     libucrt:_flsbuf.obj
 0002:0000a944       $unwind$qsort              0000000140027944     libucrt:qsort.obj
 0002:0000a95c       $chain$4$qsort             000000014002795c     libucrt:qsort.obj
 0002:0000a980       $chain$5$qsort             0000000140027980     libucrt:qsort.obj
 0002:0000a990       $unwind$strpbrk            0000000140027990     libucrt:strpbrk.obj
 0002:0000a9a0       $unwind$fallbackMethod     00000001400279a0     libucrt:strpbrk.obj
 0002:0000a9b0       $unwind$_mbsdec_l          00000001400279b0     libucrt:mbsdec.obj
 0002:0000a9bc       $unwind$__acrt_LCMapStringA 00000001400279bc     libucrt:lcmapstringa.obj
 0002:0000a9cc       $unwind$?__acrt_LCMapStringA_stat@@YAHPEAU__crt_locale_pointers@@PEB_WKPEBDHPEADHHH@Z 00000001400279cc     libucrt:lcmapstringa.obj
 0002:0000a9f4       $unwind$_strnicoll_l       00000001400279f4     libucrt:strnicol.obj
 0002:0000aa08       $unwind$__acrt_SetEnvironmentVariableA 0000000140027a08     libucrt:setenvironmentvariablea.obj
 0002:0000aa24       $unwind$_close_internal    0000000140027a24     libucrt:close.obj
 0002:0000aa2c       $unwind$??$?RV<lambda_ad8af0d99a0adf03d037d7dffe354bb5>@@AEAV<lambda_c9ba49e555ba839a7b07aa3fbecb7617>@@V<lambda_2f1ebd5d68526518146ae959c9e734c8>@@@?$__crt_seh_guarded_call@H@@QEAAH$$QEAV<lambda_ad8af0d99a0adf03d037d7dffe354bb5>@@AEAV<lambda_c9ba49e555ba839a7b07aa3fbecb7617>@@$$QEAV<lambda_2f1ebd5d68526518146ae959c9e734c8>@@@Z 0000000140027a2c     libucrt:close.obj
 0002:0000aa50       $unwind$??$common_lseek@_J@@YA_JH_JHAEAV__crt_cached_ptd_host@@@Z 0000000140027a50     libucrt:lseek.obj
 0002:0000aa7c       $unwind$_putwch_nolock     0000000140027a7c     libucrt:putwch.obj
 0002:0000aa84       $unwind$fesetenv           0000000140027a84     libucrt:fesetenv.obj
 0002:0000aa90       $xdatasym                  0000000140027a90     libucrt:log10.obj
 0002:0000aa9c       $unwind$__acrt_fenv_get_control 0000000140027a9c     libucrt:_fenvutils.obj
 0002:0000aaa4       $unwind$__acrt_fenv_set_control 0000000140027aa4     libucrt:_fenvutils.obj
 0002:0000aab4       $unwind$?__mbrtoc32_utf8@__crt_mbstring@@YA_KPEA_UPEBD_KPEAU_Mbstatet@@AEAV__crt_cached_ptd_host@@@Z 0000000140027ab4     libucrt:mbrtoc32.obj
 0002:0000aad0       $unwind$__acrt_CompareStringA 0000000140027ad0     libucrt:comparestringa.obj
 0002:0000aae0       $unwind$?InternalCompareStringA@@YAHPEAU__crt_locale_pointers@@PEB_WKPEBDH2HH@Z 0000000140027ae0     libucrt:comparestringa.obj
 0002:0000ab04       $unwind$common_control87   0000000140027b04     libucrt:ieee.obj
 0002:0000ab30       $unwind$_call_matherr      0000000140027b30     libucrt:libm_error.obj
 0002:0000ab38       $unwind$_handle_error      0000000140027b38     libucrt:libm_error.obj
 0002:0000ab58       $unwind$__acrt_initialize_fma3 0000000140027b58     libucrt:fma3_available.obj
 0002:0000ab60       $unwind$_log_special_common 0000000140027b60     libucrt:log_special.obj
 0002:0000ab70       $xdatasym                  0000000140027b70     libucrt:fpsr.obj
 0002:0000ab78       $unwind$_raise_exc         0000000140027b78     libucrt:fpexcept.obj
 0002:0000ab80       $unwind$_raise_exc_ex      0000000140027b80     libucrt:fpexcept.obj
 0002:0000ab94       $unwind$_ctrlfp            0000000140027b94     libucrt:fpctrl.obj
 0002:0000abbc       $unwind$_IsNonwritableInCurrentImage 0000000140027bbc     LIBCMT:pesect.obj
 0002:0000abe0       $xdatasym                  0000000140027be0     LIBCMT:chkstk.obj
 0002:0000abe8       $xdatasym                  0000000140027be8     libvcruntime:memcmp.obj
 0002:0000b0ea       .idata$6                   00000001400280ea     kernel32:KERNEL32.dll
 0003:00000000       ?regs16bit@@3PAPEADA       0000000140029000     8086_decoder.obj
 0003:00000040       ?regs8bit@@3PAPEADA        0000000140029040     8086_decoder.obj
 0003:00000080       ?labelSpaceSize@@3IA       0000000140029080     8086_decoder.obj
 0003:00000088       ?regsAll@@3PAPEAPEADA      0000000140029088     8086_decoder.obj
 0003:000000a0       ?rnmForNon3Mods@@3PAPEADA  00000001400290a0     8086_decoder.obj
 0003:00000120       ?__vcrt_flsindex@@3KA      0000000140029120     libvcruntime:per_thread_data.obj
 0003:00000240       ?errno_no_memory@@3HA      0000000140029240     libucrt:errno.obj
 0003:00000244       ?doserrno_no_memory@@3KA   0000000140029244     libucrt:errno.obj
 0003:00000298       ?__acrt_flsindex@@3KA      0000000140029298     libucrt:per_thread_data.obj
 0003:00000640       _mbctypes                  0000000140029640     libucrt:mbctype.obj
 0003:00000750       _mbcasemaps                0000000140029750     libucrt:mbctype.obj
 0003:00000850       ?__rgctypeflag@@3PADA      0000000140029850     libucrt:mbctype.obj
 0003:00000860       ?__rgcode_page_info@@3PAUcode_page_info@@A 0000000140029860     libucrt:mbctype.obj
 0003:00000b00       ?__dcrt_lowio_console_output_handle@@3PEAXEA 0000000140029b00     libucrt:initcon.obj
 0003:00000b08       ?dazSupported@?1??common_control87@@9@9 0000000140029b08     libucrt:ieee.obj
 0003:00000b10       ?dazSupported@?1??_ctrlfp@@9@9 0000000140029b10     libucrt:fpctrl.obj
 0003:00000ba0       ?asmOps@@3PAP6AXPEAUdecoder_state@@PEAUstring_buffer@@PEAUdebug_read_file_result@@E@ZA 0000000140029ba0     8086_decoder.obj
 0003:000013a0       GS_ExceptionRecord         000000014002a3a0     LIBCMT:gs_report.obj
 0003:00001440       GS_ContextRecord           000000014002a440     LIBCMT:gs_report.obj
 0003:00001920       ?is_initialized_as_dll@@3_NA 000000014002a920     LIBCMT:utility.obj
 0003:00001921       ?module_local_atexit_table_initialized@@3_NA 000000014002a921     LIBCMT:utility.obj
 0003:00001928       ?module_local_atexit_table@@3U_onexit_table_t@@A 000000014002a928     LIBCMT:utility.obj
 0003:00001940       ?module_local_at_quick_exit_table@@3U_onexit_table_t@@A 000000014002a940     LIBCMT:utility.obj
 0003:00001990       ?__vcrt_startup_thread_ptd@@3U__vcrt_ptd@@A 000000014002a990     libvcruntime:per_thread_data.obj
 0003:00001a10       __vcrt_lock_table          000000014002aa10     libvcruntime:locks.obj
 0003:00001a38       __vcrt_locks_initialized   000000014002aa38     libvcruntime:locks.obj
 0003:00001a80       ?heap@@3V_HeapManager@@A   000000014002aa80     libvcruntime:undname.obj
 0003:00001aa8       ?module_handles@@3PAPEAUHINSTANCE__@@A 000000014002aaa8     libvcruntime:winapi_downlevel.obj
 0003:00001ac0       ?function_pointers@@3PAPEAXA 000000014002aac0     libvcruntime:winapi_downlevel.obj
 0003:00001b04       ?__acrt_app_type@@3W4_crt_app_type@@A 000000014002ab04     libucrt:report_runtime_error.obj
 0003:00001b08       ?user_matherr@@3V?$dual_state_global@P6AHPEAU_exception@@@Z@__crt_state_management@@A 000000014002ab08     libucrt:matherr.obj
 0003:00001b10       ?program_name@?1???$common_configure_argv@D@@YAHW4_crt_argv_mode@@@Z@4PADA 000000014002ab10     libucrt:argv_parsing.obj
 0003:00001c38       ?c_termination_complete@@3JA 000000014002ac38     libucrt:exit.obj
 0003:00001c40       ?thread_local_exit_callback_func@@3P6AXPEAXK0@ZEA 000000014002ac40     libucrt:exit.obj
 0003:00001c48       ?c_exit_complete@?1???R<lambda_6e4b09c48022b2350581041d5f6b0c4c>@@QEBA@XZ@4_NA 000000014002ac48     libucrt:exit.obj
 0003:00001c84       ?__acrt_global_new_mode@@3V?$dual_state_global@J@__crt_state_management@@A 000000014002ac84     libucrt:new_mode.obj
 0003:00001cc0       ?__acrt_invalid_parameter_handler@@3V?$dual_state_global@P6AXPEB_W00I_K@Z@__crt_state_management@@A 000000014002acc0     libucrt:invalid_parameter.obj
 0003:00001cd0       ?module_handles@@3PAPEAUHINSTANCE__@@A 000000014002acd0     libucrt:winapi_thunks.obj
 0003:00001d80       ?encoded_function_pointers@@3PAPEAXA 000000014002ad80     libucrt:winapi_thunks.obj
 0003:00002288       ?internal_state@?1??_mbtowc_internal@@9@4U_Mbstatet@@A 000000014002b288     libucrt:mbtowc.obj
 0003:00002290       ?enable_percent_n@@3_KA    000000014002b290     libucrt:printf_count_output.obj
 0003:000022c8       ?fSystemSet@@3HA           000000014002b2c8     libucrt:mbctype.obj
 0003:000022cc       ?initialized@?1??__acrt_initialize_multibyte@@9@4_NA 000000014002b2cc     libucrt:mbctype.obj
 0003:000022d0       ?__acrt_lock_table@@3PAU_RTL_CRITICAL_SECTION@@A 000000014002b2d0     libucrt:locks.obj
 0003:00002500       ?__acrt_locks_initialized@@3IA 000000014002b500     libucrt:locks.obj
 0003:00002518       ?__acrt_new_handler@@3V?$dual_state_global@P6AH_K@Z@__crt_state_management@@A 000000014002b518     libucrt:new_handler.obj
 0003:00002520       ?ctrlc_action@@3V?$dual_state_global@P6AXH@Z@__crt_state_management@@A 000000014002b520     libucrt:signal.obj
 0003:00002528       ?ctrlbreak_action@@3V?$dual_state_global@P6AXH@Z@__crt_state_management@@A 000000014002b528     libucrt:signal.obj
 0003:00002530       ?abort_action@@3V?$dual_state_global@P6AXH@Z@__crt_state_management@@A 000000014002b530     libucrt:signal.obj
 0003:00002538       ?term_action@@3V?$dual_state_global@P6AXH@Z@__crt_state_management@@A 000000014002b538     libucrt:signal.obj
 0003:00002540       ?internal_pst@?1??__mbrtoc32_utf8@__crt_mbstring@@YA_KPEA_UPEBD_KPEAU_Mbstatet@@AEAV__crt_cached_ptd_host@@@Z@4U3@A 000000014002b540     libucrt:mbrtoc32.obj
 0005:00000000       SetSmall                   000000014002e000     libvcruntime:memset.obj
 0005:00000040       SetSmallYmm                000000014002e040     libvcruntime:memset.obj
 0005:00000064       SetSmallYmmNT              000000014002e064     libvcruntime:memset.obj
 0005:00000088       SetSmallXmm                000000014002e088     libvcruntime:memset.obj
 0005:000000b0       MoveSmall                  000000014002e0b0     libvcruntime:memcpy.obj
 0005:000000f0       MoveSmallYmm               000000014002e0f0     libvcruntime:memcpy.obj
 0005:00000114       MoveSmallYmmNT             000000014002e114     libvcruntime:memcpy.obj
 0005:00000138       MoveSmallXmm               000000014002e138     libvcruntime:memcpy.obj
